2019-11-28 20:17:33.622 3952-1650/? I/EXYNOS_BASE_COMP: [0xec57f000][Exynos_OMX_ComponentStateSet] OMX_EventCmdComplete(OMX_StateExecuting)
2019-11-28 20:17:33.622 4295-4992/? D/MediaStatisticsEvent: Category.valueOf: 2
2019-11-28 20:17:33.622 4295-4992/? D/MediaStatisticsEvent: Action.valueOf: 1
2019-11-28 20:17:33.622 1574-1648/com.brightcove.player.samples.exoplayer.basic I/ACodec: [OMX.Exynos.avc.dec] Now Idle->Executing
2019-11-28 20:17:33.622 4295-4992/? D/MediaStatisticsEvent: Label.valueOf: 0x73686834
2019-11-28 20:17:33.623 4295-4992/? D/MediaStatisticsEvent: category: VDEC
2019-11-28 20:17:33.623 4295-4992/? D/MediaStatisticsEvent: action: INSTANTIATE
2019-11-28 20:17:33.623 4295-4992/? D/MediaStatisticsEvent: label: SEC_HW_H264
2019-11-28 20:17:33.623 3932-3932/? I/ResourceManagerService: addMediaInfo - (PID : 1574, clientID : 507027275072)
2019-11-28 20:17:33.623 3932-3932/? I/ResourceManagerService: MediaInfo add 589824 (width 1024 height 576) remained 8257536
2019-11-28 20:17:33.623 3932-3932/? I/ResourceManagerService: startWatchingMode
2019-11-28 20:17:33.623 1574-1648/com.brightcove.player.samples.exoplayer.basic I/ACodec: [OMX.Exynos.avc.dec] Now Executing
2019-11-28 20:17:33.623 4295-4554/? D/CodecSolution: handleMessage : 900
2019-11-28 20:17:33.623 4295-4554/? D/CodecSolution: event : VDEC
2019-11-28 20:17:33.623 4295-4554/? D/Logging: appId: com.samsung.android.codecsolution, feature: VDEC, extra: SEC_HW_H264, value: -1
2019-11-28 20:17:33.623 3932-3932/? I/ResourceManagerService: getMediaResourceInfo resourceType : 2, size : 1
2019-11-28 20:17:33.623 3932-3932/? I/ResourceManagerService: writeResourceInfo (PID : 1574, clientID : 507027275072, non-secure-codec/video-codec:1, 1024x576(fps:25) - SoftCodec : No, Encorder : No)
2019-11-28 20:17:33.623 5613-8462/? V/ResourceManagerHelper-JNI: JNIMediaResourceHelper::notify eventType : 1, ext1 : 0, ext2 : 0
2019-11-28 20:17:33.623 8364-19166/? V/ResourceManagerHelper-JNI: JNIMediaResourceHelper::notify eventType : 1, ext1 : 0, ext2 : 0
2019-11-28 20:17:33.623 5613-8462/? V/ResourceManagerHelper-JNI: notify eventType : 1, ext1 : 0, ext2 : 0
2019-11-28 20:17:33.623 8364-19166/? V/ResourceManagerHelper-JNI: notify eventType : 1, ext1 : 0, ext2 : 0
2019-11-28 20:17:33.624 8364-19166/? I/SemMediaResourceHelper: makeMediaResourceInfo mOwnResourceEventExcluded : false, mPid : 8364
2019-11-28 20:17:33.624 5613-8462/? I/SemMediaResourceHelper: makeMediaResourceInfo mOwnResourceEventExcluded : false, mPid : 5613
2019-11-28 20:17:33.624 8364-19166/? I/SemMediaResourceHelper: [1] makeMediaResourceInfo resourceType : 2 isSecured : false, pid : 1574, client id : 507027275072
2019-11-28 20:17:33.624 1574-1648/com.brightcove.player.samples.exoplayer.basic I/ACodec: [OMX.Exynos.avc.dec] calling emptyBuffer 1 w/ codec specific data, size : 31
2019-11-28 20:17:33.624 5613-8462/? I/SemMediaResourceHelper: [1] makeMediaResourceInfo resourceType : 2 isSecured : false, pid : 1574, client id : 507027275072
2019-11-28 20:17:33.624 1574-1645/com.brightcove.player.samples.exoplayer.basic I/MediaCodec: setCodecState state : 0
2019-11-28 20:17:33.624 8364-8402/? I/SemMediaResourceHelper: onAdd
2019-11-28 20:17:33.624 5613-5613/? I/SemMediaResourceHelper: onAdd
2019-11-28 20:17:33.624 8364-8402/? I/DrmMediaResourceHelper: onAdd size = 1
2019-11-28 20:17:33.624 3866-5280/? W/MapperHal: buffer descriptor with invalid usage bits 0x202000
2019-11-28 20:17:33.624 3932-3932/? I/ResourceManagerService: getMediaResourceInfo resourceType : 2, size : 1
2019-11-28 20:17:33.624 3932-3932/? I/ResourceManagerService: writeResourceInfo (PID : 1574, clientID : 507027275072, non-secure-codec/video-codec:1, 1024x576(fps:25) - SoftCodec : No, Encorder : No)
2019-11-28 20:17:33.624 8364-19166/? V/ResourceManagerHelper-JNI: JNIMediaResourceHelper::notify eventType : 3, ext1 : 0, ext2 : 0
2019-11-28 20:17:33.624 8364-19166/? V/ResourceManagerHelper-JNI: notify eventType : 3, ext1 : 0, ext2 : 0
2019-11-28 20:17:33.624 8364-19166/? I/SemMediaResourceHelper: makeMediaResourceInfo mOwnResourceEventExcluded : false, mPid : 8364
2019-11-28 20:17:33.624 8364-19166/? I/SemMediaResourceHelper: [1] makeMediaResourceInfo resourceType : 2 isSecured : false, pid : 1574, client id : 507027275072
2019-11-28 20:17:33.625 8364-8402/? I/SemMediaResourceHelper: onState
2019-11-28 20:17:33.625 8364-8402/? I/DrmMediaResourceHelper: onStateChanged size = 1
2019-11-28 20:17:33.625 8364-8402/? I/DrmMediaResourceHelper: resource type: 2,,,isSecured :  falsegetCodecState : 1getpid : 1574
2019-11-28 20:17:33.626 1574-1648/com.brightcove.player.samples.exoplayer.basic I/ACodec: [OMX.Exynos.avc.dec] calling emptyBuffer 2 w/ codec specific data, size : 8
2019-11-28 20:17:33.627 3866-5280/? W/MapperHal: buffer descriptor with invalid usage bits 0x202000
2019-11-28 20:17:33.627 3952-1657/? D/ExynosVideoDecoder: MFC_Decoder_ExtensionEnqueue_Inbuf: DATA with flags(0x20000000)
2019-11-28 20:17:33.630 3866-5280/? W/MapperHal: buffer descriptor with invalid usage bits 0x202000
2019-11-28 20:17:33.635 1574-1636/com.brightcove.player.samples.exoplayer.basic I/ACodec:  [] Now uninitialized
2019-11-28 20:17:33.636 3952-1650/? I/EXYNOS_BASE_PORT: [0xec57f000][Exynos_OMX_PortDisableProcess] Before disabling output port, do flush
2019-11-28 20:17:33.636 3952-1650/? I/EXYNOS_BASE_PORT: [0xec57f000][Exynos_OMX_PortDisableProcess] Disable output Port
2019-11-28 20:17:33.636 1574-1658/com.brightcove.player.samples.exoplayer.basic I/ACodec: [] onAllocateComponent
2019-11-28 20:17:33.637 1574-1648/com.brightcove.player.samples.exoplayer.basic I/ACodec: [OMX.Exynos.avc.dec] Now handling output port settings change
2019-11-28 20:17:33.638 1574-1658/com.brightcove.player.samples.exoplayer.basic I/OMXClient: IOmx service obtained
2019-11-28 20:17:33.639 3952-4047/? I/OMXMaster: makeComponentInstance(OMX.google.aac.decoder) in omx@1.0-service process
2019-11-28 20:17:33.640 3952-1657/? D/ExynosVideoDecoder: MFC_Decoder_ExtensionEnqueue_Inbuf: DATA with flags(0x20000000)
2019-11-28 20:17:33.640 3952-1657/? D/ExynosVideoDecoder: MFC_Decoder_ExtensionEnqueue_Inbuf: DATA with flags(0x20000000)
2019-11-28 20:17:33.642 1574-1658/com.brightcove.player.samples.exoplayer.basic I/ACodec: [OMX.google.aac.decoder] Now Loaded
2019-11-28 20:17:33.642 3952-1650/? I/EXYNOS_BASE_PORT: [0xec57f000][Exynos_OMX_PortEnableProcess] Enable output Port
2019-11-28 20:17:33.643 1574-1648/com.brightcove.player.samples.exoplayer.basic D/SurfaceUtils: set up nativeWindow 0x760d411010 for 1024x576, color 0x105, rotation 0, usage 0x602900
2019-11-28 20:17:33.644 1574-1658/com.brightcove.player.samples.exoplayer.basic I/ACodec: app-pid(1574)
2019-11-28 20:17:33.644 1574-1648/com.brightcove.player.samples.exoplayer.basic I/ACodec: [OMX.Exynos.avc.dec] configureOutputBuffersFromNativeWindow setBufferCount : 14, minUndequeuedBuffers : 4
2019-11-28 20:17:33.645 3952-31609/? W/OMXNodeInstance: setConfig(0xec6286e0:google.aac.decoder, ConfigPriority(0x6f800002)) (0x80001001)
2019-11-28 20:17:33.645 1574-1658/com.brightcove.player.samples.exoplayer.basic I/ACodec: codec does not support config priority (err -2147483648)
2019-11-28 20:17:33.645 3952-4047/? W/OMXNodeInstance: setConfig(0xec6286e0:google.aac.decoder, ConfigOperatingRate(0x6f800003)) (0x80001001)
2019-11-28 20:17:33.645 1574-1658/com.brightcove.player.samples.exoplayer.basic I/ACodec: codec does not support config operating rate (err -2147483648)
2019-11-28 20:17:33.648 3952-1650/? I/EXYNOS_BASE_COMP: [0xec57f000][Exynos_OMX_EventHandler] OMX_EventCmdComplete(Enable/output port)
2019-11-28 20:17:33.648 3952-31609/? W/OMXNodeInstance: getConfig(0xec6286e0:google.aac.decoder, ConfigAndroidVendorExtension(0x6f100004)) (0x80001001)
2019-11-28 20:17:33.650 1574-1658/com.brightcove.player.samples.exoplayer.basic I/ACodec: [OMX.google.aac.decoder] Now Loaded->Idle
2019-11-28 20:17:33.652 3866-5280/? W/MapperHal: buffer descriptor with invalid usage bits 0x202000
2019-11-28 20:17:33.653 3830-3830/? W/AshmemAllocator: ashmem_create_region(8192) returning hidl_memory(0x790662c100, 8192)
2019-11-28 20:17:33.655 3830-3830/? W/AshmemAllocator: ashmem_create_region(8192) returning hidl_memory(0x790662c100, 8192)
2019-11-28 20:17:33.655 3866-5280/? W/MapperHal: buffer descriptor with invalid usage bits 0x202000
2019-11-28 20:17:33.656 3830-3830/? W/AshmemAllocator: ashmem_create_region(8192) returning hidl_memory(0x790662c100, 8192)
2019-11-28 20:17:33.658 3830-3830/? W/AshmemAllocator: ashmem_create_region(8192) returning hidl_memory(0x790662c100, 8192)
2019-11-28 20:17:33.658 1574-1648/com.brightcove.player.samples.exoplayer.basic I/ACodec: [OMX.Exynos.avc.dec] Now Executing
2019-11-28 20:17:33.660 3830-3830/? W/AshmemAllocator: ashmem_create_region(32768) returning hidl_memory(0x790662c100, 32768)
2019-11-28 20:17:33.661 1574-1648/com.brightcove.player.samples.exoplayer.basic I/ACodec: [OMX.Exynos.avc.dec] OMX_EventPortSettingsChanged 0x7f030010
2019-11-28 20:17:33.661 3830-3830/? W/AshmemAllocator: ashmem_create_region(32768) returning hidl_memory(0x790662c100, 32768)
2019-11-28 20:17:33.662 3830-3830/? I/chatty: uid=1000(system) allocator@1.0-s identical 1 line
2019-11-28 20:17:33.663 3830-3830/? W/AshmemAllocator: ashmem_create_region(32768) returning hidl_memory(0x790662c100, 32768)
2019-11-28 20:17:33.665 1574-1658/com.brightcove.player.samples.exoplayer.basic I/ACodec: [OMX.google.aac.decoder] Now Idle->Executing
2019-11-28 20:17:33.666 1574-1658/com.brightcove.player.samples.exoplayer.basic I/ACodec: [OMX.google.aac.decoder] Now Executing
2019-11-28 20:17:33.667 1574-1658/com.brightcove.player.samples.exoplayer.basic I/ACodec: [OMX.google.aac.decoder] calling emptyBuffer 1 w/ codec specific data, size : 5
2019-11-28 20:17:33.671 3952-1659/? I/SoftAAC2: Reconfiguring decoder: 0->48000 Hz, 0->2 channels
2019-11-28 20:17:33.672 1574-1658/com.brightcove.player.samples.exoplayer.basic I/ACodec: [OMX.google.aac.decoder] Now handling output port settings change
2019-11-28 20:17:33.676 3830-3830/? W/AshmemAllocator: ashmem_create_region(32768) returning hidl_memory(0x790662c100, 32768)
2019-11-28 20:17:33.679 3830-3830/? I/chatty: uid=1000(system) allocator@1.0-s identical 2 lines
2019-11-28 20:17:33.680 3830-3830/? W/AshmemAllocator: ashmem_create_region(32768) returning hidl_memory(0x790662c100, 32768)
2019-11-28 20:17:33.682 1574-1658/com.brightcove.player.samples.exoplayer.basic I/ACodec: [OMX.google.aac.decoder] Now Executing
2019-11-28 20:17:33.697 1574-1645/com.brightcove.player.samples.exoplayer.basic I/MediaCodec: setCodecState state : 1
2019-11-28 20:17:33.698 3932-7637/? I/ResourceManagerService: getMediaResourceInfo resourceType : 2, size : 1
2019-11-28 20:17:33.698 3932-7637/? I/ResourceManagerService: writeResourceInfo (PID : 1574, clientID : 507027275072, non-secure-codec/video-codec:1, 1024x576(fps:25) - SoftCodec : No, Encorder : No)
2019-11-28 20:17:33.698 1574-1574/com.brightcove.player.samples.exoplayer.basic V/ExoPlayer2VideoDisplay: onVideoSizeChanged: width: 1024, height: 576, unappliedRotationDegrees = 0, pixelWidthHeightRatio = 1.0, render view width = 1080, render view height = 840
2019-11-28 20:17:33.698 8364-19166/? V/ResourceManagerHelper-JNI: JNIMediaResourceHelper::notify eventType : 3, ext1 : 0, ext2 : 0
2019-11-28 20:17:33.698 8364-19166/? V/ResourceManagerHelper-JNI: notify eventType : 3, ext1 : 0, ext2 : 0
2019-11-28 20:17:33.699 8364-19166/? I/SemMediaResourceHelper: makeMediaResourceInfo mOwnResourceEventExcluded : false, mPid : 8364
2019-11-28 20:17:33.699 8364-19166/? I/SemMediaResourceHelper: [1] makeMediaResourceInfo resourceType : 2 isSecured : false, pid : 1574, client id : 507027275072
2019-11-28 20:17:33.699 8364-8402/? I/SemMediaResourceHelper: onState
2019-11-28 20:17:33.699 8364-8402/? I/DrmMediaResourceHelper: onStateChanged size = 1
2019-11-28 20:17:33.699 8364-8402/? I/DrmMediaResourceHelper: resource type: 2,,,isSecured :  falsegetCodecState : 1getpid : 1574
2019-11-28 20:17:33.699 3866-5280/? W/MapperHal: buffer descriptor with invalid usage bits 0x202000
2019-11-28 20:17:33.710 3866-5280/? I/chatty: uid=1000(system) Binder:3866_5 identical 3 lines
2019-11-28 20:17:33.713 3866-5280/? W/MapperHal: buffer descriptor with invalid usage bits 0x202000
2019-11-28 20:17:33.713 3862-21262/? V/APM_AudioPolicyManager: selectOutput() commonFlags for output 13, 0000
2019-11-28 20:17:33.713 3862-21262/? V/APM_AudioPolicyManager: selectOutput() commonFlags for output 21, 0000
2019-11-28 20:17:33.713 3862-21262/? V/APM_AudioPolicyManager: getOutput() stream 3 selected device 00000002, output 13
2019-11-28 20:17:33.716 3862-4192/? E/NativeSemDvfsCpuManager: acquire:: Start
2019-11-28 20:17:33.716 3862-4192/? E/NativeSemDvfsCpuManager: acquire:: timeout = -1 mIsAcquired = 0  mTagName : AudioFlinger 
2019-11-28 20:17:33.716 4295-4878/? D/CustomFrequencyManagerService: acquireDVFSLockLocked : type : DVFS_MIN_LIMIT  frequency : 136500  uid : 1000  pid : 4295  pkgName : AudioFlinger
2019-11-28 20:17:33.717 3866-3866/? I/SurfaceFlinger: Display 0 HWC layers:
        type    |    handle    | flag |  format   |   source crop (l,t,r,b)    |         frame       | name 
    ------------+--------------+------+-----------+----------------------------+---------------------+------
         Device | 0x7348a458c0 | 0002 | 0x0000105 |   0.0    0.0 1024.0  576.0 |    0  161 1080 1001 | SurfaceView - com.brightcove.player.[...].basic.MainActivity@904173@0[1574]#0
         Device | 0x7364e53be0 | 0000 | RGBA_8888 |   0.0    0.0 1080.0 2295.0 |    0    0 1080 2295 | com.brightcove.player.samples.exopla[...]exoplayer.basic.MainActivity[1574]#0
         Device | 0x7364a2c540 | 0000 | RGBA_8888 |   0.0    0.0 1080.0   86.0 |    0    0 1080   86 | StatusBar[4604]#0
         Device | 0x7364e521a0 | 0000 | RGBA_8888 |   0.0    0.0 1080.0   45.0 |    0 2295 1080 2340 | NavigationBar[4604]#0
         Device | 0x7364e50760 | 0000 | RGBA_8888 |   0.0    0.0 1080.0  340.0 |    0 2000 1080 2340 | NavbarGestureHandler[4604]#0
         Device | 0x7364e542e0 | 0000 | RGBA_8888 |   0.0    0.0 1080.0  16
2019-11-28 20:17:33.717 3862-4192/? E/NativeCustomFrequencyManager: [NativeCFMS] BpCustomFrequencyManager::acquireDVFSLock() 
2019-11-28 20:17:33.717 3866-3866/? I/SurfaceFlinger: 4.0 |    0    0 1080  164 | ScreenDecorOverlay[4604]#0
         Device | 0x7364e54820 | 0000 | RGBA_8888 |   0.0    0.0 1080.0  164.0 |    0 2176 1080 2340 | ScreenDecorOverlayBottom[4604]#0
2019-11-28 20:17:33.717 3862-4192/? E/NativeSemDvfsCpuManager: acquire:: End
2019-11-28 20:17:33.719 3866-5280/? W/MapperHal: buffer descriptor with invalid usage bits 0x202000
2019-11-28 20:17:33.720 3862-4055/? V/APM_AudioPolicyManager: selectOutput() commonFlags for output 13, 0000
2019-11-28 20:17:33.720 3862-4055/? V/APM_AudioPolicyManager: selectOutput() commonFlags for output 21, 0000
2019-11-28 20:17:33.720 3862-4055/? V/APM_AudioPolicyManager: getOutput() stream 3 selected device 00000002, output 13
2019-11-28 20:17:33.721 3862-4055/? V/APM_AudioPolicyManager: selectOutput() commonFlags for output 13, 0000
2019-11-28 20:17:33.721 3862-4055/? V/APM_AudioPolicyManager: selectOutput() commonFlags for output 21, 0000
2019-11-28 20:17:33.721 3862-4055/? V/APM_AudioPolicyManager: getOutput() stream 3 selected device 00000002, output 13
2019-11-28 20:17:33.722 1574-1574/com.brightcove.player.samples.exoplayer.basic D/SurfaceView: show() Surface(name=SurfaceView - com.brightcove.player.samples.exoplayer.basic/com.brightcove.player.samples.exoplayer.basic.MainActivity@904173@0[1574])/@0x53af92 com.brightcove.player.view.BrightcoveSurfaceView{904173 V.E...... ......ID 0,116-1080,723}
2019-11-28 20:17:33.724 3862-4055/? V/APM_AudioPolicyManager: getOutputForAttr() usage=1, content=0, tag= flags=00000200 session 393 selectedDeviceId 0
2019-11-28 20:17:33.724 3862-4055/? D/APM::MultiSoundManager: getDevice, uid = 10201, device = 0
2019-11-28 20:17:33.724 3862-4055/? V/APM_AudioPolicyManager: getOutputForAttr() device 0x2, sampling rate 48000, format 0x1, channel mask 0x3, flags 0x8
2019-11-28 20:17:33.724 3862-4055/? V/APM_AudioPolicyManager: selectOutput() commonFlags for output 13, 0001
2019-11-28 20:17:33.724 3862-4055/? V/APM_AudioPolicyManager:   getOutputForAttr() returns output 13 selectedDeviceId 3
2019-11-28 20:17:33.725 3862-4055/? I/AudioFlinger: nonSecFlag 8, secFlag 0, outputFlags a
2019-11-28 20:17:33.726 3862-4055/? D/AudioFlinger: Client defaulted notificationFrames to 7696 for frameCount 15392
2019-11-28 20:17:33.726 3862-4055/? I/AudioFlinger: setMixerOutConfig expectKey 202
2019-11-28 20:17:33.726 3862-4055/? I/AudioFlinger: setMixerOutConfig select, mixer out f 5, s 48000, thread out f 1, s 48000
2019-11-28 20:17:33.726 3862-4055/? E/AudioFlinger: stageIndex is 0, get default sink buf
2019-11-28 20:17:33.726 3862-4055/? I/AudioEffectStage: getStageIndex primary_output_sub1_float48
2019-11-28 20:17:33.727 1574-1574/com.brightcove.player.samples.exoplayer.basic D/SurfaceView: surfaceChanged (1080,607) 2 #5 com.brightcove.player.view.BrightcoveSurfaceView{904173 V.E...... ......ID 0,116-1080,723}
2019-11-28 20:17:33.727 1574-1574/com.brightcove.player.samples.exoplayer.basic D/BrightcoveVideoView: Surface changed to 1080, 607
2019-11-28 20:17:33.728 1574-1574/com.brightcove.player.samples.exoplayer.basic D/ExoPlayer2VideoDisplay: surfaceChanged: w = 1080, h = 607
2019-11-28 20:17:33.728 3866-3866/? I/SurfaceFlinger: Found video Surfaceview w=1080, h=840
2019-11-28 20:17:33.729 4295-4878/? D/WindowManager: finishDrawingWindow: Window{58def65 u0 com.brightcove.player.samples.exoplayer.basic/com.brightcove.player.samples.exoplayer.basic.MainActivity} mDrawState=HAS_DRAWN
2019-11-28 20:17:33.736 1574-1574/com.brightcove.player.samples.exoplayer.basic W/View: requestLayout() improperly called by com.brightcove.player.view.BrightcoveSurfaceView{904173 V.E...... ......ID 0,116-1080,723} during layout: running second layout pass
2019-11-28 20:17:33.754 1574-1574/com.brightcove.player.samples.exoplayer.basic D/MainActivity: videoSizeKnown { width: 1024 height: 576 }
2019-11-28 20:17:33.761 3866-3866/? I/SurfaceFlinger: Found video Surfaceview w=1080, h=607
2019-11-28 20:17:33.773 1574-1574/com.brightcove.player.samples.exoplayer.basic V/ExoPlayer2VideoDisplay: onLoadCompleted: sourceId: 1, bytesLoaded: 97117, type: 1, bitrate: 127000, startTime: 0, endTime: 5952
2019-11-28 20:17:33.780 1574-1574/com.brightcove.player.samples.exoplayer.basic D/MainActivity: analyticsVideoEngagement { measuredBps: 776936 forwardBufferSeconds: 4 mediaBytesTransferred: 1288069 }
2019-11-28 20:17:33.802 1574-1574/com.brightcove.player.samples.exoplayer.basic V/ExoPlayer2VideoDisplay: onBandwidthSample: elapsedMs: 231, bytes: 1307112, bitrateEstimate: 45267948
2019-11-28 20:17:33.809 4295-4490/? D/AudioService: notify dvfs state : 2, screen : true
2019-11-28 20:17:33.809 4295-4878/? D/AudioPlayerStateMonitor: Found a new active media playback. ID:183 -- type:android.media.AudioTrack -- u/pid:10201/1574 -- state:started -- attr:AudioAttributes: usage=USAGE_MEDIA content=CONTENT_TYPE_UNKNOWN flags=0x200 tags= bundle=null
2019-11-28 20:17:33.810 1574-1636/com.brightcove.player.samples.exoplayer.basic I/AudioTrack: updateAudioTranstionLength FadeIn[0] FadeOut[0] FadeInRing[0]
2019-11-28 20:17:33.810 4295-4295/? D/MediaSessionStack: updateMediaButtonSessionIfNeeded, callers=com.android.server.media.MediaSessionService.lambda$onStart$0:212 com.android.server.media.-$$Lambda$MediaSessionService$za_9dlUSlnaiZw6eCdPVEZq0XLw.onAudioPlayerActiveStateChanged:2 
2019-11-28 20:17:33.811 3862-4055/? I/AudioFlinger: setMixerOutConfig expectKey 202
2019-11-28 20:17:33.811 3862-4055/? I/AudioFlinger: setMixerOutConfig select, mixer out f 5, s 48000, thread out f 1, s 48000
2019-11-28 20:17:33.811 3862-4055/? I/AudioEffectStage: getStageIndex primary_output_sub1_float48
2019-11-28 20:17:33.811 3862-4055/? I/AudioFlinger: addStageIndex new -1313, st 3, format 5, sample 48000, flags 0
2019-11-28 20:17:33.811 3862-4055/? W/AudioPolicyIntefaceImpl: Skipped to add effects on session 393
2019-11-28 20:17:33.811 3862-4055/? V/APM_AudioPolicyManager: startOutput() output 13, stream 3, session 393
2019-11-28 20:17:33.811 3862-4055/? D/APM::MultiSoundManager: getDevice, uid = 10201, device = 0
2019-11-28 20:17:33.811 3862-4055/? D/APM_AudioPolicyManager: newDevice=0
2019-11-28 20:17:33.811 3862-4055/? V/APM_AudioPolicyManager: setBeaconMute(1) mBeaconMuteRefCount=1 mBeaconPlayingRefCount=0
2019-11-28 20:17:33.811 3862-4055/? V/APM_AudioPolicyManager: selectOutputForMusicEffects activeOnly 1 output 13 flags 0x0000000a
2019-11-28 20:17:33.811 3862-4055/? V/APM_AudioPolicyManager: selectOutputForMusicEffects selected output 13
2019-11-28 20:17:33.811 3862-4055/? V/APM_AudioPolicyManager: getNewOutputDevice() selected device 2
2019-11-28 20:17:33.811 3862-4055/? V/APM_AudioPolicyManager: setOutputDevice() device 0002 delayMs 0
2019-11-28 20:17:33.811 3862-4055/? V/APM_AudioPolicyManager: setOutputDevice() prevDevice 0x0002
2019-11-28 20:17:33.811 3862-4055/? V/APM_AudioPolicyManager: setOutputDevice: suppressing checkDeviceMuteStrategies
2019-11-28 20:17:33.811 3862-4055/? V/APM_AudioPolicyManager: setOutputDevice() setting same device 0x0002 or null device
2019-11-28 20:17:33.811 3862-4055/? I/AudioEffectStage: getStageIndex primary_output_sub1_float48
2019-11-28 20:17:33.812 3862-4055/? I/AudioEffectStage: getSinkBuffer primary_output_sub1_float48
2019-11-28 20:17:33.813 3831-4116/? D/audio_hw_primary_abox: out_update_source_metadata: called, but not implemented yet
2019-11-28 20:17:33.815 3831-19179/? D/audio_hw_primary_abox: primary_out-set_audio_route: [PLAYBACK] current-device(none) new-device(speaker) in cur-mode(none) & new-mode(normal)!
2019-11-28 20:17:33.815 3831-19179/? D/audio_route: Apply path: media-speaker
2019-11-28 20:17:33.815 3831-19179/? I/audio_route: > audio_route_update_path : "media-speaker" reverse(0)
2019-11-28 20:17:33.817 3831-19179/? D/audio_hw_primary_abox: primary_out-do_set_route: Enabled Audio Route(media-speaker)
2019-11-28 20:17:33.817 3831-19179/? D/audio_route: Apply path: gain-media-speaker
2019-11-28 20:17:33.817 3831-19179/? I/audio_route: > audio_route_update_path : "gain-media-speaker" reverse(0)
2019-11-28 20:17:33.818 3831-19179/? D/audio_hw_primary_abox: primary_out-do_set_route: Enabled Audio Gain(gain-media-speaker)
2019-11-28 20:17:33.818 1574-1574/com.brightcove.player.samples.exoplayer.basic D/MainActivity: bufferingCompleted { video: Video{name: "Non-DRM Test Asset 05 (Taskmaster S1E1)", sourceCollections: 3, cuePoints: 0, custom fields: "{housenum=NODRMV05-dd}"} }
2019-11-28 20:17:33.818 1574-1574/com.brightcove.player.samples.exoplayer.basic V/ExoPlayer2VideoDisplay: onLoadStarted: sourceId: 1, type: 1, trigger: 0, bitrate: 127000, mediaStartTimeMs: 5952, mediaEndTimeMs: 11904
2019-11-28 20:17:33.820 1574-1574/com.brightcove.player.samples.exoplayer.basic D/MainActivity: audioTracks { track: en tracks: [en] }
2019-11-28 20:17:33.820 1574-1574/com.brightcove.player.samples.exoplayer.basic V/BrightcoveAudioTracksController: tracks = [en]
2019-11-28 20:17:33.822 1574-1574/com.brightcove.player.samples.exoplayer.basic V/ExoPlayer2VideoDisplay: onLoadCompleted: sourceId: 2, bytesLoaded: 1515534, type: 1, bitrate: 1794000, startTime: 0, endTime: 6000
2019-11-28 20:17:33.825 1574-1574/com.brightcove.player.samples.exoplayer.basic V/ExoPlayer2VideoDisplay: onLoadStarted: sourceId: 2, type: 1, trigger: 1, bitrate: 1794000, mediaStartTimeMs: 6000, mediaEndTimeMs: 12000
2019-11-28 20:17:33.827 1574-1574/com.brightcove.player.samples.exoplayer.basic D/MainActivity: analyticsVideoEngagement { measuredBps: 12124272 forwardBufferSeconds: 5 mediaBytesTransferred: 1616924 }
2019-11-28 20:17:33.828 1574-1642/com.brightcove.player.samples.exoplayer.basic I/System.out: (HTTPLog)-Static: isSBSettingEnabled false
2019-11-28 20:17:33.829 1574-1642/com.brightcove.player.samples.exoplayer.basic I/System.out: (HTTPLog)-Static: isSBSettingEnabled false
2019-11-28 20:17:33.829 31123-32466/? D/SAContentProvider: Player/Screen Callback
2019-11-28 20:17:33.830 3831-19179/? I/audio_hw_primary_abox: [do_open_spkamp_stream] Opened PCM Device(/dev/snd/pcmC0D7p) configured Info: Channels(2)  Smapling Rate(48000), Format: Default(0)
2019-11-28 20:17:33.832 1574-1640/com.brightcove.player.samples.exoplayer.basic I/System.out: (HTTPLog)-Static: isSBSettingEnabled false
2019-11-28 20:17:33.832 1574-1640/com.brightcove.player.samples.exoplayer.basic I/System.out: (HTTPLog)-Static: isSBSettingEnabled false
2019-11-28 20:17:33.834 3831-19179/? I/audio_hw_primary_abox: [do_open_spkamp_stream] Opened PCM Device(/dev/snd/pcmC0D11c) configured Info: Channels(2)  Smapling Rate(48000), Format: Default(0)
2019-11-28 20:17:33.837 3831-19179/? I/audio_hw_primary_abox: [do_open_spkamp_stream] Opened PCM Device(/dev/snd/pcmC0D12c) configured Info: Channels(2)  Smapling Rate(48000), Format: Default(0)
2019-11-28 20:17:33.870 3866-3928/? W/MapperHal: buffer descriptor with invalid usage bits 0x202000
2019-11-28 20:17:33.873 3831-19179/? I/audio_hw_primary_abox: primary_out-do_open_output_stream: Opened PCM Device is /dev/snd/pcmC0D0p samplingRate(48000) pcmformat(0) start_threshold(1920) stop_threshold(3840)
2019-11-28 20:17:33.874 3831-19179/? I/audio_hw_primary_abox: primary_out-out_write: Transit to Idle
2019-11-28 20:17:33.876 3831-19179/? I/audio_hw_primary_abox: primary_out-out_write: Transit to Playing
2019-11-28 20:17:33.876 3862-4179/? D/AudioFlinger: mixer(0xeed03180) Spend too much time to write: delta 62(effect 0, stage 1)
2019-11-28 20:17:33.876 3831-19179/? V/audio_hw_primary_abox: primary_out-out_get_presentation_position: Error is -1
2019-11-28 20:17:33.876 3831-19179/? W/StreamHAL: Error from HAL stream in function get_presentation_position: Operation not permitted
2019-11-28 20:17:33.887 3831-19179/? V/audio_hw_primary_abox: primary_out-out_get_presentation_position: Error is -1
2019-11-28 20:17:33.887 3831-19179/? W/StreamHAL: Error from HAL stream in function get_presentation_position: Operation not permitted
2019-11-28 20:17:33.890 3866-3928/? W/MapperHal: buffer descriptor with invalid usage bits 0x202000
2019-11-28 20:17:33.910 1574-1574/com.brightcove.player.samples.exoplayer.basic V/ExoPlayer2VideoDisplay: stopUpdater: Handler (android.os.Handler) {89c6544}
2019-11-28 20:17:33.911 1574-1574/com.brightcove.player.samples.exoplayer.basic D/MainActivity: didPlay { duration: 2688040 forwardBufferSeconds: 7 playheadPosition: 20 source: Source{deliveryType: video/mpeg-dash, url: https://manifest.prod.boltdns.net/manifest/v1/dash/live-baseurl/clear/1242911124001/1b84fd29-aeaf-492c-96ef-f8a144b5d1e8/6s/manifest.mpd?fastly_token=NWUwNTI0ZmJfOTZjYjk0Yjk3NWUyOWExYzFkNTAxMTQ2NTQ4NTE5YTAzNmZiNjY5NjY1NGFlN2RlN2E0ZWVhMTNlZGJhNDc3NQ%3D%3D} video: Video{name: "Non-DRM Test Asset 05 (Taskmaster S1E1)", sourceCollections: 3, cuePoints: 0, custom fields: "{housenum=NODRMV05-dd}"} }
2019-11-28 20:17:33.916 1574-1574/com.brightcove.player.samples.exoplayer.basic D/PlayButtonController: Process event: didPlay.
2019-11-28 20:17:33.918 1574-1574/com.brightcove.player.samples.exoplayer.basic V/AbstractButtonController: Start of sync update: text = ; description = Play.
2019-11-28 20:17:33.923 1574-1574/com.brightcove.player.samples.exoplayer.basic V/AbstractButtonController: End of sync update: text = ; description = Pause.
2019-11-28 20:17:33.939 1574-1642/com.brightcove.player.samples.exoplayer.basic I/System.out: (HTTPLog)-Static: isSBSettingEnabled false
2019-11-28 20:17:33.939 4295-4878/? V/WindowManager: Relayout Window{58def65 u0 com.brightcove.player.samples.exoplayer.basic/com.brightcove.player.samples.exoplayer.basic.MainActivity}: viewVisibility=0 req=1080x2295 {(0,0)(fillxfill) sim={adjust=pan} ty=BASE_APPLICATION fmt=TRANSLUCENT wanim=0x1030001
      fl=1810180
      pfl=1020000
      vsysui=10 naviIconColor=0}
2019-11-28 20:17:33.948 4295-4878/? D/PowerManagerService: [api] acquire WakeLock flags=0x2000000a tag=WindowManager uid=1000 pid=4295 ws=WorkSource{10201} pkg=android
2019-11-28 20:17:33.939 1574-1642/com.brightcove.player.samples.exoplayer.basic I/System.out: (HTTPLog)-Static: isSBSettingEnabled false
2019-11-28 20:17:33.951 3862-4179/? D/AudioFlinger: mixer(0xeed03180) throttle end: throttle time(47)
2019-11-28 20:17:33.955 1574-1574/com.brightcove.player.samples.exoplayer.basic D/ViewRootImpl@bcb0c61[MainActivity]: Relayout returned: old=[0,0][1080,2295] new=[0,0][1080,2295] result=0x1 surface={true 507476770816} changed=false
2019-11-28 20:17:33.971 1574-1574/com.brightcove.player.samples.exoplayer.basic D/MainActivity: prebufferNextVideo { }
2019-11-28 20:17:33.972 1574-1574/com.brightcove.player.samples.exoplayer.basic V/ExoPlayer2VideoDisplay: ExoPlayerOnPrebufferNextVideoListener:
2019-11-28 20:17:33.972 1574-1574/com.brightcove.player.samples.exoplayer.basic V/ExoPlayer2VideoDisplay: onBandwidthSample: elapsedMs: 68, bytes: 658126, bitrateEstimate: 45267948
2019-11-28 20:17:33.973 1574-1574/com.brightcove.player.samples.exoplayer.basic V/ExoPlayer2VideoDisplay: onLoadCompleted: sourceId: 1, bytesLoaded: 98651, type: 1, bitrate: 127000, startTime: 5952, endTime: 11904
2019-11-28 20:17:33.976 1574-1574/com.brightcove.player.samples.exoplayer.basic V/ExoPlayer2VideoDisplay: onLoadStarted: sourceId: 1, type: 1, trigger: 0, bitrate: 127000, mediaStartTimeMs: 11904, mediaEndTimeMs: 17856
2019-11-28 20:17:33.979 1574-1574/com.brightcove.player.samples.exoplayer.basic D/MainActivity: analyticsVideoEngagement { measuredBps: 789208 forwardBufferSeconds: 8 mediaBytesTransferred: 2478842 }
2019-11-28 20:17:34.063 1574-1574/com.brightcove.player.samples.exoplayer.basic V/ExoPlayer2VideoDisplay: onBandwidthSample: elapsedMs: 138, bytes: 1076115, bitrateEstimate: 62383480
2019-11-28 20:17:34.064 1574-1574/com.brightcove.player.samples.exoplayer.basic V/ExoPlayer2VideoDisplay: onLoadCompleted: sourceId: 2, bytesLoaded: 1561187, type: 1, bitrate: 1794000, startTime: 6000, endTime: 12000
2019-11-28 20:17:34.066 1574-1574/com.brightcove.player.samples.exoplayer.basic D/MainActivity: analyticsVideoEngagement { measuredBps: 12489496 forwardBufferSeconds: 11 mediaBytesTransferred: 3354576 }
2019-11-28 20:17:34.067 1574-1574/com.brightcove.player.samples.exoplayer.basic V/ExoPlayer2VideoDisplay: onLoadStarted: sourceId: 2, type: 1, trigger: 1, bitrate: 1794000, mediaStartTimeMs: 12000, mediaEndTimeMs: 18000
2019-11-28 20:17:34.072 1574-1640/com.brightcove.player.samples.exoplayer.basic I/System.out: (HTTPLog)-Static: isSBSettingEnabled false
2019-11-28 20:17:34.072 1574-1640/com.brightcove.player.samples.exoplayer.basic I/System.out: (HTTPLog)-Static: isSBSettingEnabled false
2019-11-28 20:17:34.077 1574-1574/com.brightcove.player.samples.exoplayer.basic V/ExoPlayer2VideoDisplay: onBandwidthSample: elapsedMs: 14, bytes: 24432, bitrateEstimate: 62383480
2019-11-28 20:17:34.082 1574-1574/com.brightcove.player.samples.exoplayer.basic V/ExoPlayer2VideoDisplay: onLoadCompleted: sourceId: 1, bytesLoaded: 98835, type: 1, bitrate: 127000, startTime: 11904, endTime: 17856
2019-11-28 20:17:34.085 1574-1574/com.brightcove.player.samples.exoplayer.basic D/MainActivity: analyticsVideoEngagement { measuredBps: 790680 forwardBufferSeconds: 12 mediaBytesTransferred: 3375597 }
2019-11-28 20:17:34.085 1574-1574/com.brightcove.player.samples.exoplayer.basic V/ExoPlayer2VideoDisplay: onLoadStarted: sourceId: 1, type: 1, trigger: 0, bitrate: 127000, mediaStartTimeMs: 17856, mediaEndTimeMs: 23808
2019-11-28 20:17:34.091 1574-1642/com.brightcove.player.samples.exoplayer.basic I/System.out: (HTTPLog)-Static: isSBSettingEnabled false
2019-11-28 20:17:34.091 1574-1642/com.brightcove.player.samples.exoplayer.basic I/System.out: (HTTPLog)-Static: isSBSettingEnabled false
2019-11-28 20:17:34.150 1574-1574/com.brightcove.player.samples.exoplayer.basic V/ExoPlayer2VideoDisplay: onBandwidthSample: elapsedMs: 62, bytes: 602470, bitrateEstimate: 62383480
2019-11-28 20:17:34.155 1574-1574/com.brightcove.player.samples.exoplayer.basic V/ExoPlayer2VideoDisplay: onLoadCompleted: sourceId: 1, bytesLoaded: 98724, type: 1, bitrate: 127000, startTime: 17856, endTime: 23808
2019-11-28 20:17:34.158 1574-1574/com.brightcove.player.samples.exoplayer.basic D/MainActivity: analyticsVideoEngagement { measuredBps: 789792 forwardBufferSeconds: 13 mediaBytesTransferred: 4034829 }
2019-11-28 20:17:34.225 1574-1574/com.brightcove.player.samples.exoplayer.basic V/ExoPlayer2VideoDisplay: onBandwidthSample: elapsedMs: 76, bytes: 667616, bitrateEstimate: 70275368
2019-11-28 20:17:34.226 1574-1574/com.brightcove.player.samples.exoplayer.basic V/ExoPlayer2VideoDisplay: onLoadCompleted: sourceId: 2, bytesLoaded: 1171362, type: 1, bitrate: 1794000, startTime: 12000, endTime: 18000
2019-11-28 20:17:34.229 1574-1574/com.brightcove.player.samples.exoplayer.basic D/MainActivity: analyticsVideoEngagement { measuredBps: 9370896 forwardBufferSeconds: 17 mediaBytesTransferred: 4645683 }
2019-11-28 20:17:34.229 1574-1574/com.brightcove.player.samples.exoplayer.basic V/ExoPlayer2VideoDisplay: onLoadStarted: sourceId: 2, type: 1, trigger: 1, bitrate: 1794000, mediaStartTimeMs: 18000, mediaEndTimeMs: 24000
2019-11-28 20:17:34.230 1574-1574/com.brightcove.player.samples.exoplayer.basic V/ExoPlayer2VideoDisplay: onLoadStarted: sourceId: 1, type: 1, trigger: 0, bitrate: 127000, mediaStartTimeMs: 23808, mediaEndTimeMs: 29760
2019-11-28 20:17:34.235 1574-1640/com.brightcove.player.samples.exoplayer.basic I/System.out: (HTTPLog)-Static: isSBSettingEnabled false
2019-11-28 20:17:34.235 1574-1640/com.brightcove.player.samples.exoplayer.basic I/System.out: (HTTPLog)-Static: isSBSettingEnabled false
2019-11-28 20:17:34.241 1574-1642/com.brightcove.player.samples.exoplayer.basic I/System.out: (HTTPLog)-Static: isSBSettingEnabled false
2019-11-28 20:17:34.241 1574-1642/com.brightcove.player.samples.exoplayer.basic I/System.out: (HTTPLog)-Static: isSBSettingEnabled false
2019-11-28 20:17:34.321 1574-1574/com.brightcove.player.samples.exoplayer.basic V/ExoPlayer2VideoDisplay: onBandwidthSample: elapsedMs: 70, bytes: 658119, bitrateEstimate: 75213600
2019-11-28 20:17:34.322 1574-1574/com.brightcove.player.samples.exoplayer.basic V/ExoPlayer2VideoDisplay: onLoadCompleted: sourceId: 1, bytesLoaded: 97954, type: 1, bitrate: 127000, startTime: 23808, endTime: 29760
2019-11-28 20:17:34.327 1574-1574/com.brightcove.player.samples.exoplayer.basic D/MainActivity: analyticsVideoEngagement { measuredBps: 783632 forwardBufferSeconds: 20 mediaBytesTransferred: 5344522 }
2019-11-28 20:17:34.331 3862-4055/? V/APM_AudioPolicyManager: getAudioPolicyConfig: audioParam;outDevice
2019-11-28 20:17:34.331 3862-4055/? V/APM_AudioPolicyManager: getNewOutputDevice() selected device 2
2019-11-28 20:17:34.331 3862-4055/? V/APM_AudioPolicyManager: ### curdevice : 2
2019-11-28 20:17:34.331 31123-31123/? D/SoundAlivePolicyManager: Actual path retrieved: 2
2019-11-28 20:17:34.331 31123-31123/? D/SoundAlivePolicyManager: isAudioPathSpeaker() : true
2019-11-28 20:17:34.331 31123-31123/? D/SoundAlivePolicyManager: actual AudioPath : SA_PATH_SPK
2019-11-28 20:17:34.332 31123-31123/? D/SADVFSHelper: Audio route update attempt
2019-11-28 20:17:34.333 3862-4055/? V/APM_AudioPolicyManager: getAudioPolicyConfig: audioParam;outDevice
2019-11-28 20:17:34.333 3862-4055/? V/APM_AudioPolicyManager: getNewOutputDevice() selected device 2
2019-11-28 20:17:34.333 3862-4055/? V/APM_AudioPolicyManager: ### curdevice : 2
2019-11-28 20:17:34.334 31123-31123/? D/SoundAlivePolicyManager: isGobalEffectSupportCurrentAudioPath, currentDeviceType : 2
2019-11-28 20:17:34.334 31123-31123/? D/SAPathManager: Effect 0 not supported on current path
2019-11-28 20:17:34.334 31123-31123/? D/SADVFSHelper: Either heavy-duty effect is Off or Music playback is not active
2019-11-28 20:17:34.396 4295-4469/? D/WifiStateMachine: enter getWifiLinkLayerStats
2019-11-28 20:17:34.397 4295-4469/? I/WifiVendorHal: getWifiLinkLayerStats(l.2973) before calling iface.getLinkLayerStats
2019-11-28 20:17:34.397 3847-3847/? I/android.hardware.wifi@1.0-service: enter getLinkLayerStats
2019-11-28 20:17:34.398 3847-3847/? I/android.hardware.wifi@1.0-service: enter getLinkLayerStatsInternal
2019-11-28 20:17:34.401 3847-3847/? I/android.hardware.wifi@1.0-service: Successfully getLinkLayerStats.
2019-11-28 20:17:34.402 4295-4469/? I/WifiVendorHal: getWifiLinkLayerStats(l.2973) after calling iface.getLinkLayerStats
2019-11-28 20:17:34.408 4295-4469/? I/WifiStateMachine: checkScoreBasedQuality -  mPreviousScore[0]:69 mPreviousScore[1]:68 mPreviousScore[2]:68 s2Score:68mPrevoiusScoreAverage:68
2019-11-28 20:17:34.412 1574-1574/com.brightcove.player.samples.exoplayer.basic V/VideoStillDisplayComponent: OnHideListener
2019-11-28 20:17:34.422 4295-4878/? D/ConnectivityService: filterNetworkStateForUid() uid: 10201, pid: 1574
2019-11-28 20:17:34.422 4295-4878/? D/ConnectivityService: filterNetworkStateForUid() uid: 10201, pid: 1574, networkInfo: [type: WIFI[], state: CONNECTED/CONNECTED, reason: (unspecified), extra: (none), failover: false, available: true, roaming: false]
2019-11-28 20:17:34.430 1574-1615/com.brightcove.player.samples.exoplayer.basic D/HttpService: issuing GET request: https://metrics.brightcove.com/v2/tracker?video_name=Non-DRM+Test+Asset+05+%28Taskmaster+S1E1%29&video_duration=2688&device_product=a40eea&device_model=SM-A405FN&session=4f92aca6-ad71-4e26-a93e-cf864ed8a94d&destination=bcsdk%3A%2F%2FExoPlayer+Sample+App%2Fcom.brightcove.player.samples.exoplayer.basic&device_type=mobile&video=5988320994001&device_cpu=arm64-v8a&start_time_ms=1701&device_os=android&device_hardware=exynos7885&device_manufacturer=samsung&platform=android-native-sdk&platform_version=6.9.0&load_time_ms=0&domain=videocloud&device_os_version=9&time=1574972254418&event=video_view&device=a40&user=53dbe1995dee4e7e&account=1242911124001, headers: {}
2019-11-28 20:17:34.439 1574-1640/com.brightcove.player.samples.exoplayer.basic I/System.out: (HTTPLog)-Static: isSBSettingEnabled false
2019-11-28 20:17:34.439 1574-1615/com.brightcove.player.samples.exoplayer.basic I/System.out: (HTTPLog)-Static: isSBSettingEnabled false
2019-11-28 20:17:34.439 1574-1640/com.brightcove.player.samples.exoplayer.basic I/System.out: (HTTPLog)-Static: isSBSettingEnabled false
2019-11-28 20:17:34.439 1574-1615/com.brightcove.player.samples.exoplayer.basic I/System.out: (HTTPLog)-Static: isSBSettingEnabled false
2019-11-28 20:17:34.447 1574-1642/com.brightcove.player.samples.exoplayer.basic I/System.out: (HTTPLog)-Static: isSBSettingEnabled false
2019-11-28 20:17:34.448 1574-1642/com.brightcove.player.samples.exoplayer.basic I/System.out: (HTTPLog)-Static: isSBSettingEnabled false
2019-11-28 20:17:34.453 1574-1574/com.brightcove.player.samples.exoplayer.basic D/MainActivity: didRemoveVideoStill { }
2019-11-28 20:17:34.454 1574-1574/com.brightcove.player.samples.exoplayer.basic V/ExoPlayer2VideoDisplay: onBandwidthSample: elapsedMs: 106, bytes: 979304, bitrateEstimate: 73909736
2019-11-28 20:17:34.455 1574-1574/com.brightcove.player.samples.exoplayer.basic V/ExoPlayer2VideoDisplay: onLoadCompleted: sourceId: 2, bytesLoaded: 1539469, type: 1, bitrate: 1794000, startTime: 18000, endTime: 24000
2019-11-28 20:17:34.458 1574-1574/com.brightcove.player.samples.exoplayer.basic V/ExoPlayer2VideoDisplay: onLoadStarted: sourceId: 2, type: 1, trigger: 1, bitrate: 1794000, mediaStartTimeMs: 24000, mediaEndTimeMs: 30000
2019-11-28 20:17:34.458 1574-1574/com.brightcove.player.samples.exoplayer.basic V/ExoPlayer2VideoDisplay: onLoadStarted: sourceId: 1, type: 1, trigger: 0, bitrate: 127000, mediaStartTimeMs: 29760, mediaEndTimeMs: 35712
2019-11-28 20:17:34.460 1574-1574/com.brightcove.player.samples.exoplayer.basic D/MainActivity: analyticsVideoEngagement { measuredBps: 12315752 forwardBufferSeconds: 24 mediaBytesTransferred: 6283106 }
2019-11-28 20:17:34.471 1574-1615/com.brightcove.player.samples.exoplayer.basic D/HttpService: response: GIF89a,D;
2019-11-28 20:17:34.471 1574-1615/com.brightcove.player.samples.exoplayer.basic D/HttpService: code: 200
2019-11-28 20:17:34.472 1574-1615/com.brightcove.player.samples.exoplayer.basic D/HttpService: message: OK
2019-11-28 20:17:34.523 1574-1574/com.brightcove.player.samples.exoplayer.basic V/ExoPlayer2VideoDisplay: onBandwidthSample: elapsedMs: 66, bytes: 647954, bitrateEstimate: 75213600
2019-11-28 20:17:34.524 1574-1574/com.brightcove.player.samples.exoplayer.basic V/ExoPlayer2VideoDisplay: onLoadCompleted: sourceId: 1, bytesLoaded: 97183, type: 1, bitrate: 127000, startTime: 29760, endTime: 35712
2019-11-28 20:17:34.527 1574-1574/com.brightcove.player.samples.exoplayer.basic D/MainActivity: analyticsVideoEngagement { measuredBps: 777464 forwardBufferSeconds: 25 mediaBytesTransferred: 6939012 }
2019-11-28 20:17:34.645 1574-1574/com.brightcove.player.samples.exoplayer.basic V/ExoPlayer2VideoDisplay: onBandwidthSample: elapsedMs: 123, bytes: 1141992, bitrateEstimate: 74275904
2019-11-28 20:17:34.646 1574-1574/com.brightcove.player.samples.exoplayer.basic V/ExoPlayer2VideoDisplay: onLoadCompleted: sourceId: 2, bytesLoaded: 1692763, type: 1, bitrate: 1794000, startTime: 24000, endTime: 30000
2019-11-28 20:17:34.650 1574-1574/com.brightcove.player.samples.exoplayer.basic D/MainActivity: analyticsVideoEngagement { measuredBps: 13542104 forwardBufferSeconds: 29 mediaBytesTransferred: 8073052 }
2019-11-28 20:17:34.651 1574-1574/com.brightcove.player.samples.exoplayer.basic V/ExoPlayer2VideoDisplay: onLoadStarted: sourceId: 2, type: 1, trigger: 1, bitrate: 1794000, mediaStartTimeMs: 30000, mediaEndTimeMs: 36000
2019-11-28 20:17:34.659 1574-1640/com.brightcove.player.samples.exoplayer.basic I/System.out: (HTTPLog)-Static: isSBSettingEnabled false
2019-11-28 20:17:34.659 1574-1640/com.brightcove.player.samples.exoplayer.basic I/System.out: (HTTPLog)-Static: isSBSettingEnabled false
2019-11-28 20:17:34.662 1574-1574/com.brightcove.player.samples.exoplayer.basic V/ExoPlayer2VideoDisplay: onLoadStarted: sourceId: 1, type: 1, trigger: 0, bitrate: 127000, mediaStartTimeMs: 35712, mediaEndTimeMs: 41664
2019-11-28 20:17:34.667 1574-1642/com.brightcove.player.samples.exoplayer.basic I/System.out: (HTTPLog)-Static: isSBSettingEnabled false
2019-11-28 20:17:34.667 1574-1642/com.brightcove.player.samples.exoplayer.basic I/System.out: (HTTPLog)-Static: isSBSettingEnabled false
2019-11-28 20:17:34.734 1574-1574/com.brightcove.player.samples.exoplayer.basic V/ExoPlayer2VideoDisplay: onBandwidthSample: elapsedMs: 57, bytes: 561621, bitrateEstimate: 74275904
2019-11-28 20:17:34.738 1574-1574/com.brightcove.player.samples.exoplayer.basic V/ExoPlayer2VideoDisplay: onLoadCompleted: sourceId: 1, bytesLoaded: 99976, type: 1, bitrate: 127000, startTime: 35712, endTime: 41664
2019-11-28 20:17:34.741 1574-1574/com.brightcove.player.samples.exoplayer.basic D/MainActivity: analyticsVideoEngagement { measuredBps: 799808 forwardBufferSeconds: 31 mediaBytesTransferred: 8683345 }
2019-11-28 20:17:34.771 4295-4326/? D/PowerManagerService: UserActivityState : 1 -> 2
2019-11-28 20:17:34.840 1574-1574/com.brightcove.player.samples.exoplayer.basic V/ExoPlayer2VideoDisplay: onBandwidthSample: elapsedMs: 106, bytes: 970968, bitrateEstimate: 74275904
2019-11-28 20:17:34.841 1574-1574/com.brightcove.player.samples.exoplayer.basic V/ExoPlayer2VideoDisplay: onLoadCompleted: sourceId: 2, bytesLoaded: 1432613, type: 1, bitrate: 1794000, startTime: 30000, endTime: 36000
2019-11-28 20:17:34.844 1574-1574/com.brightcove.player.samples.exoplayer.basic D/MainActivity: analyticsVideoEngagement { measuredBps: 11460904 forwardBufferSeconds: 35 mediaBytesTransferred: 9605641 }
2019-11-28 20:17:34.845 1574-1574/com.brightcove.player.samples.exoplayer.basic V/ExoPlayer2VideoDisplay: onLoadStarted: sourceId: 2, type: 1, trigger: 1, bitrate: 1794000, mediaStartTimeMs: 36000, mediaEndTimeMs: 42000
2019-11-28 20:17:34.846 1574-1574/com.brightcove.player.samples.exoplayer.basic V/ExoPlayer2VideoDisplay: onLoadStarted: sourceId: 1, type: 1, trigger: 0, bitrate: 127000, mediaStartTimeMs: 41664, mediaEndTimeMs: 47616
2019-11-28 20:17:34.855 1574-1640/com.brightcove.player.samples.exoplayer.basic I/System.out: (HTTPLog)-Static: isSBSettingEnabled false
2019-11-28 20:17:34.855 1574-1640/com.brightcove.player.samples.exoplayer.basic I/System.out: (HTTPLog)-Static: isSBSettingEnabled false
2019-11-28 20:17:34.860 1574-1642/com.brightcove.player.samples.exoplayer.basic I/System.out: (HTTPLog)-Static: isSBSettingEnabled false
2019-11-28 20:17:34.925 5613-5973/? D/SDHMS:s: SIOP:: AP:163(254,70) BAT:236(236,0) CHG:263(263,0) USB:0(0,0) PA:-32(245,50) ATC:0(0,-999) 
2019-11-28 20:17:34.860 1574-1642/com.brightcove.player.samples.exoplayer.basic I/System.out: (HTTPLog)-Static: isSBSettingEnabled false
2019-11-28 20:17:34.947 1574-1574/com.brightcove.player.samples.exoplayer.basic V/ExoPlayer2VideoDisplay: onBandwidthSample: elapsedMs: 49, bytes: 469830, bitrateEstimate: 76706936
2019-11-28 20:17:34.948 1574-1574/com.brightcove.player.samples.exoplayer.basic V/ExoPlayer2VideoDisplay: onLoadCompleted: sourceId: 1, bytesLoaded: 97598, type: 1, bitrate: 127000, startTime: 41664, endTime: 47616
2019-11-28 20:17:34.952 1574-1574/com.brightcove.player.samples.exoplayer.basic D/MainActivity: analyticsVideoEngagement { measuredBps: 780784 forwardBufferSeconds: 38 mediaBytesTransferred: 10336079 }
2019-11-28 20:17:35.050 1574-1574/com.brightcove.player.samples.exoplayer.basic V/ExoPlayer2VideoDisplay: onBandwidthSample: elapsedMs: 128, bytes: 1215288, bitrateEstimate: 75955504
2019-11-28 20:17:35.057 1574-1574/com.brightcove.player.samples.exoplayer.basic V/ExoPlayer2VideoDisplay: onLoadCompleted: sourceId: 2, bytesLoaded: 1587520, type: 1, bitrate: 1794000, startTime: 36000, endTime: 42000
2019-11-28 20:17:35.060 1574-1574/com.brightcove.player.samples.exoplayer.basic D/MainActivity: analyticsVideoEngagement { measuredBps: 12700160 forwardBufferSeconds: 42 mediaBytesTransferred: 11290759 }
2019-11-28 20:17:35.060 1574-1574/com.brightcove.player.samples.exoplayer.basic V/ExoPlayer2VideoDisplay: onLoadStarted: sourceId: 2, type: 1, trigger: 1, bitrate: 1794000, mediaStartTimeMs: 42000, mediaEndTimeMs: 48000
2019-11-28 20:17:35.062 1574-1574/com.brightcove.player.samples.exoplayer.basic V/ExoPlayer2VideoDisplay: onLoadStarted: sourceId: 1, type: 1, trigger: 0, bitrate: 127000, mediaStartTimeMs: 47616, mediaEndTimeMs: 53568
2019-11-28 20:17:35.069 1574-1640/com.brightcove.player.samples.exoplayer.basic I/System.out: (HTTPLog)-Static: isSBSettingEnabled false
2019-11-28 20:17:35.070 1574-1640/com.brightcove.player.samples.exoplayer.basic I/System.out: (HTTPLog)-Static: isSBSettingEnabled false
2019-11-28 20:17:35.074 1574-1642/com.brightcove.player.samples.exoplayer.basic I/System.out: (HTTPLog)-Static: isSBSettingEnabled false
2019-11-28 20:17:35.074 1574-1642/com.brightcove.player.samples.exoplayer.basic I/System.out: (HTTPLog)-Static: isSBSettingEnabled false
2019-11-28 20:17:35.130 1574-1574/com.brightcove.player.samples.exoplayer.basic V/ExoPlayer2VideoDisplay: onBandwidthSample: elapsedMs: 42, bytes: 412472, bitrateEstimate: 75955504
2019-11-28 20:17:35.131 1574-1574/com.brightcove.player.samples.exoplayer.basic V/ExoPlayer2VideoDisplay: onLoadCompleted: sourceId: 1, bytesLoaded: 97728, type: 1, bitrate: 127000, startTime: 47616, endTime: 53568
2019-11-28 20:17:35.134 1574-1574/com.brightcove.player.samples.exoplayer.basic D/MainActivity: analyticsVideoEngagement { measuredBps: 781824 forwardBufferSeconds: 42 mediaBytesTransferred: 11727567 }
2019-11-28 20:17:35.336 4295-4555/? E/TaskPersister: File error accessing recents directory (directory doesn't exist?).
2019-11-28 20:17:35.337 3862-4055/? V/APM_AudioPolicyManager: getAudioPolicyConfig: audioParam;outDevice
2019-11-28 20:17:35.338 3862-4055/? V/APM_AudioPolicyManager: getNewOutputDevice() selected device 2
2019-11-28 20:17:35.338 3862-4055/? V/APM_AudioPolicyManager: ### curdevice : 2
2019-11-28 20:17:35.339 31123-31123/? D/SoundAlivePolicyManager: isGobalEffectSupportCurrentAudioPath, currentDeviceType : 2
2019-11-28 20:17:35.339 31123-31123/? D/SAPathManager: Effect 0 not supported on current path
2019-11-28 20:17:35.339 31123-31123/? D/SADVFSHelper: Either heavy-duty effect is Off or Music playback is not active
2019-11-28 20:17:35.346 1574-1574/com.brightcove.player.samples.exoplayer.basic V/ExoPlayer2VideoDisplay: onBandwidthSample: elapsedMs: 216, bytes: 1724384, bitrateEstimate: 63866072
2019-11-28 20:17:35.347 1574-1574/com.brightcove.player.samples.exoplayer.basic V/ExoPlayer2VideoDisplay: onLoadCompleted: sourceId: 2, bytesLoaded: 2039128, type: 1, bitrate: 1794000, startTime: 42000, endTime: 48000
2019-11-28 20:17:35.351 1574-1574/com.brightcove.player.samples.exoplayer.basic D/MainActivity: analyticsVideoEngagement { measuredBps: 16313024 forwardBufferSeconds: 47 mediaBytesTransferred: 13427615 }
2019-11-28 20:17:35.352 1574-1574/com.brightcove.player.samples.exoplayer.basic V/ExoPlayer2VideoDisplay: onLoadStarted: sourceId: 2, type: 1, trigger: 1, bitrate: 1794000, mediaStartTimeMs: 48000, mediaEndTimeMs: 54000
2019-11-28 20:17:35.353 1574-1574/com.brightcove.player.samples.exoplayer.basic V/ExoPlayer2VideoDisplay: onLoadStarted: sourceId: 1, type: 1, trigger: 0, bitrate: 127000, mediaStartTimeMs: 53568, mediaEndTimeMs: 59520
2019-11-28 20:17:35.362 1574-1640/com.brightcove.player.samples.exoplayer.basic I/System.out: (HTTPLog)-Static: isSBSettingEnabled false
2019-11-28 20:17:35.362 1574-1640/com.brightcove.player.samples.exoplayer.basic I/System.out: (HTTPLog)-Static: isSBSettingEnabled false
