2019-11-28 20:17:23.830 4295-4401/? D/SensorService: [SO] 0.035 0.277 9.825
2019-11-28 20:17:24.300 4604-4604/? D/SecStatusBarWifiView: updateState: WifiIconState(resId=2131232619, visible=true, activityId=2131232624)
2019-11-28 20:17:24.830 4295-4992/? D/WifiPermissionsUtil: canAccessScanResults: pkgName = com.android.chrome, uid = 10118
2019-11-28 20:17:24.832 4295-4992/? D/WifiPermissionsUtil: Denied: canCallingUidAccessLocation = false, canAppPackageUseLocation = false
    
    --------- beginning of system
2019-11-28 20:17:24.860 5613-5973/? D/SDHMS:s: SIOP:: AP:161(244,70) BAT:236(236,0) CHG:265(265,0) USB:0(0,0) PA:-87(-200,50) ATC:0(0,-999) 
2019-11-28 20:17:25.318 4295-4469/? D/WifiStateMachine: enter getWifiLinkLayerStats
2019-11-28 20:17:25.319 4295-4469/? I/WifiVendorHal: getWifiLinkLayerStats(l.2973) before calling iface.getLinkLayerStats
2019-11-28 20:17:25.320 3847-3847/? I/android.hardware.wifi@1.0-service: enter getLinkLayerStats
2019-11-28 20:17:25.320 3847-3847/? I/android.hardware.wifi@1.0-service: enter getLinkLayerStatsInternal
2019-11-28 20:17:25.330 3847-3847/? I/android.hardware.wifi@1.0-service: Successfully getLinkLayerStats.
2019-11-28 20:17:25.331 4295-4469/? I/WifiVendorHal: getWifiLinkLayerStats(l.2973) after calling iface.getLinkLayerStats
2019-11-28 20:17:25.345 4295-4469/? I/WifiStateMachine: checkScoreBasedQuality -  mPreviousScore[0]:72 mPreviousScore[1]:70 mPreviousScore[2]:68 s2Score:69mPrevoiusScoreAverage:70
2019-11-28 20:17:25.847 4604-4795/? D/NetworkController.MobileSignalController(0/-2): onSignalStrengthsChanged signalStrength=SignalStrength: 12 99 -120 -200 -120 -200 -1 0 2147483647 2147483647 2147483647 2147483647 0 2147483647 12 32 -88 0x4 P gsm|lte use_rsrp_and_rssnr_for_lte_level  [-128, -118, -108, -98] [-115, -105, -95, -85] level=4
2019-11-28 20:17:25.847 4604-4795/? D/NetworkController.MobileSignalController(0/-2): getMobileIconGroup(): 0
2019-11-28 20:17:25.852 4604-4604/? D/SecStatusBarMobileView: updateState: MobileIconState(subId=-2, strengthId=2131232489, roaming=false, typeId=0, roamingId=0, activityId=0, visible=true, imsIconVisible=false, imsIconDescription=)
2019-11-28 20:17:26.308 4604-4604/? D/SecStatusBarWifiView: updateState: WifiIconState(resId=2131232619, visible=true, activityId=2131232644)
2019-11-28 20:17:26.409 5379-5379/? D/io_stats: !@ 179,0 r 105032 6348914 w 72726 1041208 d 6038 294604 f 22510 38237 iot 112544 94578 th 51200 0 0 pt 0 inp 0 0 12379.405
2019-11-28 20:17:27.966 3843-3843/? I/Sensors: [AMS] lux : 8, cam_lux : -1, result_lux : 8, brightness: 20, cam_on: 0
2019-11-28 20:17:28.347 4295-4469/? D/WifiStateMachine: enter getWifiLinkLayerStats
2019-11-28 20:17:28.348 4295-4469/? I/WifiVendorHal: getWifiLinkLayerStats(l.2973) before calling iface.getLinkLayerStats
2019-11-28 20:17:28.348 3847-3847/? I/android.hardware.wifi@1.0-service: enter getLinkLayerStats
2019-11-28 20:17:28.348 3847-3847/? I/android.hardware.wifi@1.0-service: enter getLinkLayerStatsInternal
2019-11-28 20:17:28.354 3847-3847/? I/android.hardware.wifi@1.0-service: Successfully getLinkLayerStats.
2019-11-28 20:17:28.355 4295-4469/? I/WifiVendorHal: getWifiLinkLayerStats(l.2973) after calling iface.getLinkLayerStats
2019-11-28 20:17:28.369 4295-4469/? I/WifiStateMachine: checkScoreBasedQuality -  mPreviousScore[0]:70 mPreviousScore[1]:68 mPreviousScore[2]:69 s2Score:68mPrevoiusScoreAverage:69
2019-11-28 20:17:28.938 3948-4014/? E/storaged: getDiskStats failed with result NOT_SUPPORTED and size 0
2019-11-28 20:17:31.138 4295-4992/? D/WifiPermissionsUtil: canAccessScanResults: pkgName = com.sec.android.sdhms, uid = 1000
2019-11-28 20:17:31.201 4295-4992/? I/ActivityManager: Force stopping com.brightcove.player.samples.exoplayer.basic appid=10201 user=0: from pid 1566 caller com.android.server.am.ActivityManagerShellCommand.runForceStop:967 
2019-11-28 20:17:31.211 4295-4295/? D/SamsungAlarmManager: Remove alarm for next reason : android.intent.action.PACKAGE_RESTARTED : package: com.brightcove.player.samples.exoplayer.basic
2019-11-28 20:17:31.216 4557-4557/? E/Telephony: PhoneInterfaceManager: [PhoneIntfMgr] getCarrierPackageNamesForIntent: No UICC
2019-11-28 20:17:31.216 4557-4557/? D/CarrierSvcBindHelper: No carrier app for: 0
2019-11-28 20:17:31.217 4295-4313/? W/BroadcastQueue: Background execution not allowed: receiving Intent { act=android.intent.action.PACKAGE_RESTARTED dat=package:com.brightcove.player.samples.exoplayer.basic flg=0x10 (has extras) } to android/com.kddi.android.CpaNotiReceiver
2019-11-28 20:17:31.218 4904-4904/? D/RoutingNotificationHelper: set : ((4904) true , false)
2019-11-28 20:17:31.218 4904-4904/? D/RegisteredServicesCache: invalidateCache
2019-11-28 20:17:31.219 4557-4557/? E/Telephony: PhoneInterfaceManager: [PhoneIntfMgr] getCarrierPackageNamesForIntent: No UICC
2019-11-28 20:17:31.219 4557-4557/? D/CarrierSvcBindHelper: No carrier app for: 1
2019-11-28 20:17:31.222 4295-4878/? W/ActivityManager: Permission Denial: Accessing service ComponentInfo{com.google.android.music/com.google.android.music.dial.DialMediaRouteProviderService} from pid=5467, uid=10037 that is not exported from uid 10181
2019-11-28 20:17:31.229 4904-4904/? D/ApduServiceInfo: seId: 0
2019-11-28 20:17:31.230 4904-4904/? D/RegisteredOtherServicesCache: invalidate
2019-11-28 20:17:31.230 4904-4904/? D/RoutingEntryCache: setRoutingDestination - UICC
2019-11-28 20:17:31.231 4904-4904/? I/chatty: uid=1027(nfc) com.android.nfc identical 1 line
2019-11-28 20:17:31.231 4904-4904/? D/RoutingEntryCache: setRoutingDestination - UICC
2019-11-28 20:17:31.231 4904-4904/? D/CardEmulationManager: all entry is not changed
2019-11-28 20:17:31.236 4904-4904/? I/RegisteredAidCache: aidInfo: 0
2019-11-28 20:17:31.236 4904-4904/? I/chatty: uid=1027(nfc) com.android.nfc identical 18 lines
2019-11-28 20:17:31.236 4904-4904/? I/RegisteredAidCache: aidInfo: 0
2019-11-28 20:17:31.239 4904-4904/? D/RegisteredNfcFServicesCache: Service unchanged, not updating
2019-11-28 20:17:31.303 4295-4878/? I/ActivityManager: START u0 {act=android.intent.action.MAIN typ=null flg=0x10000000 cmp=ComponentInfo{com.brightcove.player.samples.exoplayer.basic/com.brightcove.player.samples.exoplayer.basic.MainActivity}} from uid 2000
2019-11-28 20:17:31.304 4295-4878/? E/ActivityManager: getPackageFromAppProcesses, return null :1571
2019-11-28 20:17:31.307 4295-4878/? D/CustomFrequencyManagerService: acquireDVFSLockLocked : type : DVFS_MIN_LIMIT  frequency : 1768000  uid : 1000  pid : 4295  pkgName : AMS_APP_SWITCH@CPU_MIN@48
2019-11-28 20:17:31.310 4295-4878/? D/ActivityManagerPerformance: AMP_acquire() APP_SWITCH
2019-11-28 20:17:31.310 4295-4878/? I/ActivityManager: [IOP] sourceDir : /data/app/com.brightcove.player.samples.exoplayer.basic-aHLFALv66uHuvoQomSuqGg== in ActivityStacksupervisor
2019-11-28 20:17:31.312 3866-3866/? I/SurfaceFlinger: id=652 createSurf (4680x4680),2 flag=4, Stack=26#0
2019-11-28 20:17:31.313 3866-3866/? I/SurfaceFlinger: id=653 createSurf (4680x4680),-1 flag=20004, animation background stackId=26#0
2019-11-28 20:17:31.318 3866-3866/? I/SurfaceFlinger: id=654 createSurf (4680x4680),2 flag=4, Task=301#0
2019-11-28 20:17:31.323 3866-3866/? I/SurfaceFlinger: id=655 createSurf (4680x4680),2 flag=4, AppWindowToken{4d87382 token=Token{cd78ecd ActivityRecord{5be2c64 u0 com.brightcove.player.samples.exoplayer.basic/.MainActivity t301}}}#0
2019-11-28 20:17:31.324 4295-4878/? D/ActivityManager: [PIP] Update supportsEnterPipOnTaskSwitch(startActivityLocked
2019-11-28 20:17:31.324 4295-4878/? D/ActivityManager: [PIP] checkEnterPictureInPictureState -   beforeStopping : true  ActivityState : RESUMED  isCurrentAppLocked : false  supportsEnterPipOnTaskSwitch : true  isNotLockedOrOnKeyguard : true  hasPinnedStack : false
2019-11-28 20:17:31.328 4295-4390/? I/DecorView: createDecorCaptionView >> DecorView@be6fa93[basic], isFloating: false, isApplication: false, hasWindowDecorCaption: false, hasWindowControllerCallback: false
2019-11-28 20:17:31.330 4295-4295/? D/MdnieScenarioControlService: MultiWindowState : false
2019-11-28 20:17:31.330 4295-4295/? D/CS_HdrController: updateMultiWindowState : 0
2019-11-28 20:17:31.334 4295-4390/? D/InputTransport: Input channel constructed: fd=363
2019-11-28 20:17:31.334 4295-4390/? D/InputTransport: Input channel constructed: fd=423
2019-11-28 20:17:31.335 15000-15000/? D/InputMethodManager: HSIFW - flag : 0 Pid : 15000
2019-11-28 20:17:31.336 4295-4837/? V/InputMethodManagerService: Client requesting input be hidden, flags : 0
2019-11-28 20:17:31.336 4295-4837/? V/InputMethodManagerService: hideCurrentInputLocked : shouldHideSoftInput is false
2019-11-28 20:17:31.337 3866-3866/? I/SurfaceFlinger: id=656 createSurf (4680x4680),2 flag=4, 7cacef Splash Screen com.brightcove.player.samples.exoplayer.basic#0
2019-11-28 20:17:31.338 4295-4468/? D/WifiTrafficPoller: TrafficStats TxPkts=69955 RxPkts=180951 TxBytes=5331938 RxBytes=250003285 , Foreground uid=10201 pkgName=com.brightcove.player.samples.exoplayer.basic TxPackets=50210 RxPackets=108064 TxBytes=3028687 RxBytes=161001413
2019-11-28 20:17:31.338 15000-15000/? D/ConnectivityManager: unregisterNetworkCallback; CallingUid : 10118, CallingPid : 15000
2019-11-28 20:17:31.339 4604-4604/? D/SecStatusBarWifiView: updateState: WifiIconState(resId=2131232619, visible=true, activityId=2131232624)
2019-11-28 20:17:31.339 4295-4483/? D/ConnectivityService: releasing NetworkRequest [ LISTEN id=151, [ Capabilities: INTERNET&NOT_RESTRICTED&TRUSTED Unwanted:  Uid: 10118] ] (release request)
2019-11-28 20:17:31.339 15000-15000/? D/ConnectivityManager: unregisterNetworkCallback; CallingUid : 10118, CallingPid : 15000
2019-11-28 20:17:31.339 4295-4483/? D/ConnectivityService: releasing NetworkRequest [ TRACK_DEFAULT id=150, [ Capabilities: INTERNET&NOT_RESTRICTED&TRUSTED Unwanted:  Uid: 10118] ] (release request)
2019-11-28 20:17:31.340 4295-4390/? D/ViewRootImpl@b1e45ce[basic]: setView = DecorView@be6fa93[basic] TM=true MM=false
2019-11-28 20:17:31.340 4295-4483/? D/ConnectivityService:  Removing from current network NetworkAgentInfo [WIFI () - 605], leaving 28 requests.
2019-11-28 20:17:31.342 4295-4837/? I/ActivityManager: mTimer start at this point for Notification solution
2019-11-28 20:17:31.342 4295-4837/? I/ActivityManager: mTimer scheduling done
2019-11-28 20:17:31.343 4295-4837/? D/StorageManagerService: getExternalStorageMountMode : 1
2019-11-28 20:17:31.343 4295-4837/? D/StorageManagerService: getExternalStorageMountMode : 3
2019-11-28 20:17:31.343 4295-4837/? D/StorageManagerService: getExternalStorageMountMode : final mountMode=1, uid : 10201, packageName : com.brightcove.player.samples.exoplayer.basic
2019-11-28 20:17:31.344 4295-4837/? I/ApplicationPolicy: isApplicationExternalStorageWhitelisted:com.brightcove.player.samples.exoplayer.basic user:0
2019-11-28 20:17:31.344 4295-4837/? D/ApplicationPolicy: isApplicationExternalStorageWhitelisted: DO is not enabled on user 0. Allowed.
2019-11-28 20:17:31.344 4295-4837/? D/ActivityManager: package  com.brightcove.player.samples.exoplayer.basic, user - 0 is SDcard whitelisted
2019-11-28 20:17:31.344 4295-4837/? I/ApplicationPolicy: isApplicationExternalStorageBlacklisted:com.brightcove.player.samples.exoplayer.basic user:0
2019-11-28 20:17:31.344 4295-4837/? D/ApplicationPolicy: isApplicationExternalStorageBlacklisted: DO is not enabled on user 0. Allowed.
2019-11-28 20:17:31.344 4295-4837/? I/ApplicationPolicy: isApplicationExternalStorageBlacklisted:com.brightcove.player.samples.exoplayer.basic user:0
2019-11-28 20:17:31.344 4295-4837/? D/ApplicationPolicy: isApplicationExternalStorageBlacklisted: DO is not enabled on user 0. Allowed.
2019-11-28 20:17:31.345 4295-4295/? D/Telecom:SamsungPrebindingServiceImpl: onTopActivityChanged : ComponentInfo{com.brightcove.player.samples.exoplayer.basic/com.brightcove.player.samples.exoplayer.basic.MainActivity}
2019-11-28 20:17:31.345 4295-4837/? D/ActivityManager: [PIP] checkEnterPictureInPictureState -   beforeStopping : true  ActivityState : PAUSED  isCurrentAppLocked : false  supportsEnterPipOnTaskSwitch : true  isNotLockedOrOnKeyguard : true  hasPinnedStack : false
2019-11-28 20:17:31.345 4295-4837/? V/ActivityManager: Scheduling idle now: forceIdle=trueimmediate=false
2019-11-28 20:17:31.352 4295-4390/? V/WindowManager: Relayout Window{7cacef u0 Splash Screen com.brightcove.player.samples.exoplayer.basic}: viewVisibility=0 req=1080x2295 {(0,0)(fillxfill) sim={adjust=pan} ty=APPLICATION_STARTING wanim=0x1030001
      fl=1830118
      pfl=1020011
      vsysui=10 naviIconColor=0}
2019-11-28 20:17:31.361 3866-3866/? I/SurfaceFlinger: id=657 createSurf (1080x2295),1 flag=404, Splash Screen com.brightcove.player.samples.exoplayer.basic#0
2019-11-28 20:17:31.362 4295-4390/? D/WindowManager: makeSurface duration=2 name=Splash Screen com.brightcove.player.samples.exoplayer.basic
2019-11-28 20:17:31.362 4295-4315/? I/ActivityManager: Start proc 1574:com.brightcove.player.samples.exoplayer.basic/u0a201 for activity com.brightcove.player.samples.exoplayer.basic/.MainActivity
2019-11-28 20:17:31.363 4295-4390/? V/WindowManager: Changing focus from Window{5f80242 u0 com.android.chrome/com.google.android.apps.chrome.Main} to null Callers=com.android.server.wm.WindowManagerService.relayoutWindow:2531 com.android.server.wm.Session.relayoutForTranslate:302 android.view.ViewRootImpl.relayoutWindow:7733 android.view.ViewRootImpl.performTraversals:2486 
2019-11-28 20:17:31.363 1574-1574/? E/Zygote: isWhitelistProcess - Process is Whitelisted
2019-11-28 20:17:31.364 1574-1574/? E/Zygote: accessInfo : 1
2019-11-28 20:17:31.365 4295-4390/? D/InputDispatcher: Focus left window (15000): 5f80242 0
2019-11-28 20:17:31.366 4295-4390/? D/ViewRootImpl@b1e45ce[basic]: Relayout returned: old=[0,0][1080,2295] new=[0,0][1080,2295] result=0x7 surface={true 506750713856} changed=true
2019-11-28 20:17:31.366 4295-4324/? D/WindowManager: reportFocusChangedSerialized, focused=false, inTouchMode=true, win=Window{5f80242 u0 com.android.chrome/com.google.android.apps.chrome.Main}
2019-11-28 20:17:31.366 15000-15000/? D/ViewRootImpl@e61ef00[Main]: MSG_WINDOW_FOCUS_CHANGED 0 1
2019-11-28 20:17:31.366 15000-15000/? D/InputMethodManager: prepareNavigationBarInfo() DecorView@cfe699[Main]
2019-11-28 20:17:31.366 15000-15000/? D/InputMethodManager: getNavigationBarColor() -1
2019-11-28 20:17:31.369 4295-4469/? D/WifiStateMachine: enter getWifiLinkLayerStats
2019-11-28 20:17:31.370 4295-4469/? I/WifiVendorHal: getWifiLinkLayerStats(l.2973) before calling iface.getLinkLayerStats
2019-11-28 20:17:31.370 3847-3847/? I/android.hardware.wifi@1.0-service: enter getLinkLayerStats
2019-11-28 20:17:31.370 3847-3847/? I/android.hardware.wifi@1.0-service: enter getLinkLayerStatsInternal
2019-11-28 20:17:31.373 1574-1574/? I/exoplayer.basi: Late-enabling -Xcheck:jni
2019-11-28 20:17:31.380 3847-3847/? I/android.hardware.wifi@1.0-service: Successfully getLinkLayerStats.
2019-11-28 20:17:31.380 4295-4469/? I/WifiVendorHal: getWifiLinkLayerStats(l.2973) after calling iface.getLinkLayerStats
2019-11-28 20:17:31.396 4295-4469/? I/WifiStateMachine: checkScoreBasedQuality -  mPreviousScore[0]:68 mPreviousScore[1]:69 mPreviousScore[2]:68 s2Score:68mPrevoiusScoreAverage:68
2019-11-28 20:17:31.399 4295-4390/? D/WindowManager: finishDrawingWindow: Window{7cacef u0 Splash Screen com.brightcove.player.samples.exoplayer.basic} mDrawState=DRAW_PENDING
2019-11-28 20:17:31.404 4295-4390/? I/WindowManager: commitFinishDrawingLocked: mDrawState=READY_TO_SHOW Surface(name=Splash Screen com.brightcove.player.samples.exoplayer.basic)/@0x444ca85
2019-11-28 20:17:31.404 4295-4390/? V/WindowManager: Resize reasons for w=Window{7cacef u0 Splash Screen com.brightcove.player.samples.exoplayer.basic}:  contentInsetsChanged=false [0,86][0,0] visibleInsetsChanged=false [0,86][0,0] stableInsetsChanged=false [0,86][0,0] outsetsChanged=false [0,0][0,0] surfaceResized=false configChanged=false dragResizingChanged=false reportOrientationChanged=false displayCutoutChanged=false nextForceRelayoutToClient=false
2019-11-28 20:17:31.408 4295-4390/? D/ViewRootImpl@b1e45ce[basic]: MSG_RESIZED: frame=[0,0][1080,2295] ci=[0,86][0,0] vi=[0,86][0,0] or=1
2019-11-28 20:17:31.412 5379-5379/? D/io_stats: !@ 179,0 r 105032 6348914 w 72744 1041504 d 6039 294664 f 22511 38242 iot 112560 94589 th 51200 0 0 pt 0 inp 0 0 12384.409
2019-11-28 20:17:31.433 4295-4837/? I/ActivityManager: DSS on for com.brightcove.player.samples.exoplayer.basic and scale is 1.0
2019-11-28 20:17:31.436 4295-4837/? V/WindowOrientationListener: getProposedRotation :-1
2019-11-28 20:17:31.436 4295-4837/? V/WindowManager: rotationForOrientationLw(orient=-1, last=0); user=0  sensorRotation=-1 mLidState=-1 mDockMode=0 mHdmiPlugged=false
2019-11-28 20:17:31.438 4295-4837/? I/WindowManager: commitFinishDrawingLocked: mDrawState=READY_TO_SHOW Surface(name=Splash Screen com.brightcove.player.samples.exoplayer.basic)/@0x444ca85
2019-11-28 20:17:31.444 4295-4837/? D/GamePkgDataHelper: notifyAppCreate(), pkgName: com.brightcove.player.samples.exoplayer.basic, sendRet: true
2019-11-28 20:17:31.445 4295-4552/? D/GamePkgDataHelper: getGamePkgData(). com.brightcove.player.samples.exoplayer.basic
2019-11-28 20:17:31.445 4295-4552/? D/GameManagerService: handleMessage(), MSG_APP_CREATE. ignore. pkgName: com.brightcove.player.samples.exoplayer.basic
2019-11-28 20:17:31.445 4295-4837/? D/InputDispatcher: Focused application set to: 4d87382
2019-11-28 20:17:31.447 4295-4837/? D/GamePkgDataHelper: getSosPolicy(). com.brightcove.player.samples.exoplayer.basic
2019-11-28 20:17:31.447 4295-4837/? D/GameManagerService: identifyGamePackage. com.brightcove.player.samples.exoplayer.basic
2019-11-28 20:17:31.447 4295-4837/? D/GamePkgDataHelper: getGamePkgData(). com.brightcove.player.samples.exoplayer.basic
2019-11-28 20:17:31.448 4295-4837/? D/GameManagerService: noteResumeComponent(), resumeComponent: com.brightcove.player.samples.exoplayer.basic
2019-11-28 20:17:31.448 4295-4837/? D/MARsPolicyManager: onPackageResumedFG pkgName = com.brightcove.player.samples.exoplayer.basic, userId = 0
2019-11-28 20:17:31.448 4295-4552/? D/GameManagerService: handleForegroundChange(). pkgName: com.brightcove.player.samples.exoplayer.basic, clsName: com.brightcove.player.samples.exoplayer.basic.MainActivity,FgActivityName:com.brightcove.player.samples.exoplayer.basic/.MainActivity
2019-11-28 20:17:31.448 4295-4552/? D/GameManagerService:   handleForegroundChange(). set mFgApp: com.brightcove.player.samples.exoplayer.basic
2019-11-28 20:17:31.448 4295-4552/? D/GameManagerService: notifyResumePause(). pkg: com.brightcove.player.samples.exoplayer.basic, type: 4, isMinimized: false, isTunableApp: false
2019-11-28 20:17:31.448 4295-4552/? D/GameManagerService:   notifyResumePause(). unexpected mPrevNotiType: -1
2019-11-28 20:17:31.448 4295-4878/? D/GamePkgDataHelper: getGamePkgDataIncServer(). com.brightcove.player.samples.exoplayer.basic
2019-11-28 20:17:31.449 4295-4878/? D/GameManagerService: identifyGamePackage. null
2019-11-28 20:17:31.451 4295-4390/? I/WindowManager: commitFinishDrawingLocked: mDrawState=READY_TO_SHOW Surface(name=Splash Screen com.brightcove.player.samples.exoplayer.basic)/@0x444ca85
2019-11-28 20:17:31.452 4295-4314/? D/CodecSolution: isMaxAspectPackageEx: com.brightcove.player.samples.exoplayer.basic : false(0)
2019-11-28 20:17:31.452 4295-4992/? D/GamePkgDataHelper: getSosPolicy(). com.brightcove.player.samples.exoplayer.basic
2019-11-28 20:17:31.453 4295-4467/? D/NetSpeedMonitor: bg switch to fg, app uid = 10201 package name = com.brightcove.player.samples.exoplayer.basic
2019-11-28 20:17:31.453 4295-4467/? I/NetSpeedMonitor: bg app uid = 10200 packagename com.brightcove.player.samples.exoplayer.basic
2019-11-28 20:17:31.453 4295-4467/? I/NetSpeedMonitor: bg app uid = 10161 packagename com.sec.android.daemonapp:com.samsung.android.weather
2019-11-28 20:17:31.453 4295-4467/? I/NetSpeedMonitor: bg app uid = 10071 packagename com.samsung.android.messaging
2019-11-28 20:17:31.453 4904-4916/? D/ForegroundUtils: could not check pending caller
2019-11-28 20:17:31.454 5613-8462/? E/SDHMS:SDHMS_UTIL_IO: e = /sys/class/input_booster/touchkey/time (Permission denied)
2019-11-28 20:17:31.454 4295-4390/? I/WindowManager: Cancelling animation restarting=true, leash=null, surface=Surface(name=AppWindowToken{b540cb8 token=Token{d45931b ActivityRecord{f77792a u0 com.android.chrome/com.google.android.apps.chrome.Main t280}}})/@0x1c95a01, parent=Surface(name=Task=280)/@0x9edd0a6
2019-11-28 20:17:31.454 4295-4390/? I/WindowManager: Reparenting to leash, surface=Surface(name=AppWindowToken{b540cb8 token=Token{d45931b ActivityRecord{f77792a u0 com.android.chrome/com.google.android.apps.chrome.Main t280}}})/@0x1c95a01
2019-11-28 20:17:31.454 5613-8462/? E/SDHMS:SDHMS_UTIL_IO: e = /sys/class/input_booster/touchkey/time (Permission denied)
2019-11-28 20:17:31.454 3862-21262/? V/APM_AudioPolicyManager: AudioPolicyManager:setRecordSilenced(uid:10201, silenced:0)
2019-11-28 20:17:31.456 3866-3866/? I/SurfaceFlinger: id=658 createSurf (4680x4680),2 flag=4, Surface(name=AppWindowToken{b540cb8 token=Token{d45931b ActivityRecord{f77792a u0 com.android.chrome/com.google.android.apps.chrome.Main t280}}})/@0x1c95a01 - animation-leash#0
2019-11-28 20:17:31.458 4295-4390/? D/WindowManager: makeSurface duration=4 leash=Surface(name=Surface(name=AppWindowToken{b540cb8 token=Token{d45931b ActivityRecord{f77792a u0 com.android.chrome/com.google.android.apps.chrome.Main t280}}})/@0x1c95a01 - animation-leash)/@0x636c53d
2019-11-28 20:17:31.458 4295-4390/? D/SurfaceControl: reparent is called, sc=Surface(name=AppWindowToken{b540cb8 token=Token{d45931b ActivityRecord{f77792a u0 com.android.chrome/com.google.android.apps.chrome.Main t280}}})/@0x1c95a01, newParentHandle=android.os.BinderProxy@f98c132, transaction=android.view.SurfaceControl$Transaction@270953d
2019-11-28 20:17:31.458 4295-4992/? D/GameManagerService: identifyGamePackage. com.brightcove.player.samples.exoplayer.basic
2019-11-28 20:17:31.458 4295-4992/? D/GamePkgDataHelper: getGamePkgData(). com.brightcove.player.samples.exoplayer.basic
2019-11-28 20:17:31.459 5613-8462/? E/SDHMS:SDHMS_UTIL_IO: e = /sys/class/input_booster/touchkey/time (Permission denied)
2019-11-28 20:17:31.462 4295-4390/? I/WindowManager: Cancelling animation restarting=true, leash=null, surface=Surface(name=AppWindowToken{4d87382 token=Token{cd78ecd ActivityRecord{5be2c64 u0 com.brightcove.player.samples.exoplayer.basic/.MainActivity t301}}})/@0x8a65ef5, parent=Surface(name=Task=301)/@0x643448a
2019-11-28 20:17:31.462 4295-4390/? I/WindowManager: Reparenting to leash, surface=Surface(name=AppWindowToken{4d87382 token=Token{cd78ecd ActivityRecord{5be2c64 u0 com.brightcove.player.samples.exoplayer.basic/.MainActivity t301}}})/@0x8a65ef5
2019-11-28 20:17:31.464 3866-3866/? I/SurfaceFlinger: id=659 createSurf (4680x4680),2 flag=4, Surface(name=AppWindowToken{4d87382 token=Token{cd78ecd ActivityRecord{5be2c64 u0 com.brightcove.player.samples.exoplayer.basic/.MainActivity t301}}})/@0x8a65ef5 - animation-leash#0
2019-11-28 20:17:31.465 4295-4390/? D/WindowManager: makeSurface duration=3 leash=Surface(name=Surface(name=AppWindowToken{4d87382 token=Token{cd78ecd ActivityRecord{5be2c64 u0 com.brightcove.player.samples.exoplayer.basic/.MainActivity t301}}})/@0x8a65ef5 - animation-leash)/@0x6426afb
2019-11-28 20:17:31.465 4295-4390/? D/SurfaceControl: reparent is called, sc=Surface(name=AppWindowToken{4d87382 token=Token{cd78ecd ActivityRecord{5be2c64 u0 com.brightcove.player.samples.exoplayer.basic/.MainActivity t301}}})/@0x8a65ef5, newParentHandle=android.os.BinderProxy@23718, transaction=android.view.SurfaceControl$Transaction@24af571
2019-11-28 20:17:31.467 4295-4390/? V/WindowManager: performShowLocked: mDrawState=HAS_DRAWN in Window{7cacef u0 Splash Screen com.brightcove.player.samples.exoplayer.basic}
2019-11-28 20:17:31.485 3866-5280/? E/Layer: $$$$$$$$$$$$$$$$$$$$$$$$$$$$$$$$$$$$$$$$$$$$$$$$$$$$$$$$$$$$$$$$$$$$$$$
2019-11-28 20:17:31.485 3866-5280/? E/Layer: Abnormal Layer [Screenshot Parent]
2019-11-28 20:17:31.493 3866-5280/? D/Layer: [AppWindowToken{4d87382 token=Token{cd78ecd ActivityRecord{5be2c64 u0 com.brightcove.player.samples.exoplayer.basic/.MainActivity t301}}}#0]::reparent oldParent:[Task=301#0], newParent:[Surface(name=AppWindowToken{4d87382 token=Token{cd78ecd ActivityRecord{5be2c64 u0 com.brightcove.player.samples.exoplayer.basic/.MainActivity t301}}})/@0x8a65ef5 - animation-leash#0]
2019-11-28 20:17:31.493 3866-5280/? D/Layer: [AppWindowToken{b540cb8 token=Token{d45931b ActivityRecord{f77792a u0 com.android.chrome/com.google.android.apps.chrome.Main t280}}}#0]::reparent oldParent:[Task=280#0], newParent:[Surface(name=AppWindowToken{b540cb8 token=Token{d45931b ActivityRecord{f77792a u0 com.android.chrome/com.google.android.apps.chrome.Main t280}}})/@0x1c95a01 - animation-leash#0]
2019-11-28 20:17:31.505 4295-4314/? D/WindowManager: setSystemUiVisibility: vis= 0x18, fullscreenVis= 0x0, dockedVis= 0x0, win=Window{7cacef u0 Splash Screen com.brightcove.player.samples.exoplayer.basic}
2019-11-28 20:17:31.506 4295-4837/? D/SamsungPhoneWindowManager: adjustSystemUiVisibilityLw: vis=0x18
2019-11-28 20:17:31.506 4295-4837/? D/InputManager-JNI: setSystemUiVisibility dexmode: false changed: true displayid: 0 visibility: 0x18 DD: 0x18 OD: 0x0
2019-11-28 20:17:31.506 4604-4604/? D/BarTransitions.SecNavigationBarView: MODE_TRANSPARENT -> MODE_OPAQUE animate=true
2019-11-28 20:17:31.507 4604-4604/? D/Navbar.ImmersiveControllerAdapter: onSystemUiVisibilityChanged - 24,0
2019-11-28 20:17:31.507 4604-4604/? I/Navbar.ImmersiveController: handleEvent - HIDDEN, BAR_MODE_CHANGED
2019-11-28 20:17:31.507 4604-4604/? D/LightBarController: onNavigationVisibilityChanged : vis = 18, nbModeChanged = true navigationBarMode = 0
2019-11-28 20:17:31.508 4295-4837/? D/GameManagerService: identifyGamePackage. com.brightcove.player.samples.exoplayer.basic
2019-11-28 20:17:31.508 4295-4837/? D/GamePkgDataHelper: getGamePkgData(). com.brightcove.player.samples.exoplayer.basic
2019-11-28 20:17:31.511 5722-5737/? D/RecentsTaskLoadPlan: lastReportedWindowingMode is not exist.
2019-11-28 20:17:31.515 5722-5737/? I/chatty: uid=10094(com.sec.android.app.launcher) Binder:5722_2 identical 1 line
2019-11-28 20:17:31.516 5722-5737/? D/RecentsTaskLoadPlan: lastReportedWindowingMode is not exist.
2019-11-28 20:17:31.522 3866-3866/? I/SurfaceFlinger: Display 0 HWC layers:
        type    |    handle    | flag |  format   |   source crop (l,t,r,b)    |         frame       | name 
    ------------+--------------+------+-----------+----------------------------+---------------------+------
     SolidColor |              | 0000 |  Unknown  |   0.0    0.0   -0.2   -0.5 |    0    0 1080 2340 | animation background stackId=23#0
         Device | 0x7364a2ce00 | 0002 | RGBA_8888 |  17.0    0.0 1080.0 2209.0 |    0   86 1063 2295 | SurfaceView - com.android.chrome/com[...].apps.chrome.Main@234c95d@2[15000]#0
         Device | 0x7364a2c2a0 | 0000 | RGBA_8888 |  17.0    0.0 1080.0 2340.0 |    0    0 1063 2340 | com.android.chrome/com.google.android.apps.chrome.Main[15000]#0
         Device | 0x7364a2c540 | 0000 | RGBA_8888 |   0.0    0.0 1080.0   86.0 |    0    0 1080   86 | StatusBar[4604]#0
         Device | 0x7348a45000 | 0000 | RGBA_8888 |   0.0    0.0 1080.0   45.0 |    0 2295 1080 2340 | NavigationBar[4604]#0
         Device | 0x7364e50760 | 0000 | RGBA_8888 |   0.0    0.0 1080.0  340.0 |    
2019-11-28 20:17:31.522 3866-3866/? I/SurfaceFlinger: 0 2000 1080 2340 | NavbarGestureHandler[4604]#0
         Device | 0x7364e542e0 | 0000 | RGBA_8888 |   0.0    0.0 1080.0  164.0 |    0    0 1080  164 | ScreenDecorOverlay[4604]#0
         Device | 0x7364e54820 | 0000 | RGBA_8888 |   0.0    0.0 1080.0  164.0 |    0 2176 1080 2340 | ScreenDecorOverlayBottom[4604]#0
2019-11-28 20:17:31.529 5722-5737/? D/RecentsTaskLoadPlan: lastReportedWindowingMode is not exist.
2019-11-28 20:17:31.582 4295-4803/? D/MdnieScenarioControlService:  packageName : com.brightcove.player.samples.exoplayer.basic    className : com.brightcove.player.samples.exoplayer.basic.MainActivity
2019-11-28 20:17:31.582 4295-4803/? V/MdnieScenarioControlService: setUIMode from UI function(3)
2019-11-28 20:17:31.562 5722-5737/? I/chatty: uid=10094(com.sec.android.app.launcher) Binder:5722_2 identical 12 lines
2019-11-28 20:17:31.565 5722-5737/? D/RecentsTaskLoadPlan: lastReportedWindowingMode is not exist.
2019-11-28 20:17:31.593 3866-3866/? I/SurfaceFlinger: Display 0 HWC layers:
        type    |    handle    | flag |  format   |   source crop (l,t,r,b)    |         frame       | name 
    ------------+--------------+------+-----------+----------------------------+---------------------+------
     SolidColor |              | 0000 |  Unknown  |   0.0    0.0   -0.2   -0.5 |    0    0 1080 2340 | animation background stackId=23#0
         Device | 0x7364a2ce00 | 0002 | RGBA_8888 | 210.0    0.0 1080.0 2209.0 |    0   86  870 2295 | SurfaceView - com.android.chrome/com[...].apps.chrome.Main@234c95d@2[15000]#0
         Device | 0x7364a2c2a0 | 0000 | RGBA_8888 | 210.0    0.0 1080.0 2340.0 |    0    0  870 2340 | com.android.chrome/com.google.android.apps.chrome.Main[15000]#0
         Device | 0x7364a2c7e0 | 0002 | RGBA_8888 |   0.0    0.0   57.0 2295.0 | 1023    0 1080 2295 | Splash Screen com.brightcove.player.samples.exoplayer.basic#0
         Device | 0x7364a2c540 | 0000 | RGBA_8888 |   0.0    0.0 1080.0   86.0 |    0    0 1080   86 | StatusBar[4604]#0
         Device | 0x7364e521a0 | 0000 | RGBA
2019-11-28 20:17:31.593 3866-3866/? I/SurfaceFlinger: _8888 |   0.0    0.0 1080.0   45.0 |    0 2295 1080 2340 | NavigationBar[4604]#0
         Device | 0x7364e50760 | 0000 | RGBA_8888 |   0.0    0.0 1080.0  340.0 |    0 2000 1080 2340 | NavbarGestureHandler[4604]#0
         Device | 0x7364e542e0 | 0000 | RGBA_8888 |   0.0    0.0 1080.0  164.0 |    0    0 1080  164 | ScreenDecorOverlay[4604]#0
         Client | 0x7364e54820 | 0000 | RGBA_8888 |   0.0    0.0 1080.0  164.0 |    0 2176 1080 2340 | ScreenDecorOverlayBottom[4604]#0
2019-11-28 20:17:31.607 5722-5737/? D/RecentsTaskLoadPlan: lastReportedWindowingMode is not exist.
2019-11-28 20:17:31.626 4604-4625/? I/ndroid.systemu: NativeAlloc concurrent copying GC freed 7852(704KB) AllocSpace objects, 0(0B) LOS objects, 49% free, 9MB/18MB, paused 176us total 110.888ms
2019-11-28 20:17:31.629 5722-5737/? I/AppIconSolution: return adaptive icon for com.android.chrome
2019-11-28 20:17:31.696 4295-4803/? I/SemMdnieManagerService: setContentMode : 0
2019-11-28 20:17:31.696 4295-4803/? V/MdnieScenarioControlService: Calling MdnieManager API(setContentMode(0))
2019-11-28 20:17:31.696 4295-4803/? D/SemDisplaySolutionManagerService: uid : 1000 , pid : 4295 , name : hdr_effect_off
2019-11-28 20:17:31.696 4295-4803/? D/SemDisplaySolutionManagerService: where : application what : DEFAULT setScreenBrightnessScaleFactor(-1.0)
2019-11-28 20:17:31.697 4295-4803/? D/PowerManagerService: [api] setScreenBrightnessScaleFactor: scaleFactor: -1.0 (uid: 1000 pid: 4295)
2019-11-28 20:17:31.697 4295-4803/? D/SemDisplaySolutionManagerService: Normal Mode setMultipleScreenBrightness , application, DEFAULT, -1.0
2019-11-28 20:17:31.697 4295-4803/? V/MdnieScenarioControlService: Calling SemDisplaySolutionManager API(setMultipleScreenBrightness(0)
2019-11-28 20:17:31.697 4295-4803/? V/MdnieScenarioControlService: setUIMode from UI function
2019-11-28 20:17:31.709 4295-4743/? E/Watchdog: !@Sync 412 [2019-11-28 20:17:31.709] FD count : 506
2019-11-28 20:17:31.814 1574-1574/com.brightcove.player.samples.exoplayer.basic I/DecorView: createDecorCaptionView >> DecorView@b017675[], isFloating: false, isApplication: true, hasWindowDecorCaption: false, hasWindowControllerCallback: true
2019-11-28 20:17:31.860 1574-1574/com.brightcove.player.samples.exoplayer.basic D/OpenGLRenderer: Skia GL Pipeline
2019-11-28 20:17:31.861 1574-1574/com.brightcove.player.samples.exoplayer.basic I/BaseVideoView: init
2019-11-28 20:17:31.871 1574-1574/com.brightcove.player.samples.exoplayer.basic I/VideoPlaybackController: Initializing VideoPlaybackController
2019-11-28 20:17:31.880 1574-1574/com.brightcove.player.samples.exoplayer.basic I/BrightcovePluginManager: Crashlytics was not found. Logging to console only.
2019-11-28 20:17:31.880 1574-1574/com.brightcove.player.samples.exoplayer.basic D/BrightcovePluginManager: crashlyticsLog: Git Commit SHA: 7754dc9fd6227e7b290c7dec3d5461d46bcbe39c
2019-11-28 20:17:31.880 1574-1574/com.brightcove.player.samples.exoplayer.basic D/BrightcovePluginManager: crashlyticsLog: Release Number: 6.9.0
2019-11-28 20:17:31.882 3862-21262/? V/APM_AudioPolicyManager: getAudioPolicyConfig: audioParam;outDevice
2019-11-28 20:17:31.882 3862-21262/? V/APM_AudioPolicyManager: getNewOutputDevice() selected device 0
2019-11-28 20:17:31.882 3862-21262/? V/APM_AudioPolicyManager: ### curdevice : 2
2019-11-28 20:17:31.980 4295-4390/? I/WindowManager: reset, Reparenting to original parent, shouldDeferScheduleAnimation=false, destroyLeash=true, surface=Surface(name=AppWindowToken{b540cb8 token=Token{d45931b ActivityRecord{f77792a u0 com.android.chrome/com.google.android.apps.chrome.Main t280}}})/@0x1c95a01, parent=Surface(name=Task=280)/@0x9edd0a6, parentNativeHandle=android.os.BinderProxy@390da91, caller=com.android.server.wm.SurfaceAnimator.lambda$getFinishedCallback$0:97 com.android.server.wm.-$$Lambda$SurfaceAnimator$SIBia0mND666K8lMCPsoid8pUTI.run:4 com.android.server.wm.SurfaceAnimator.lambda$getFinishedCallback$1:104 com.android.server.wm.-$$Lambda$SurfaceAnimator$vdRZk66hQVbQCvVXEaQCT1kVmFc.onAnimationFinished:4 com.android.server.wm.LocalAnimationAdapter.lambda$startAnimation$0:65 
2019-11-28 20:17:31.980 4295-4390/? D/SurfaceControl: reparent is called, sc=Surface(name=AppWindowToken{b540cb8 token=Token{d45931b ActivityRecord{f77792a u0 com.android.chrome/com.google.android.apps.chrome.Main t280}}})/@0x1c95a01, newParentHandle=android.os.BinderProxy@390da91, transaction=android.view.SurfaceControl$Transaction@270953d
2019-11-28 20:17:31.980 4295-4390/? D/SurfaceControl: destroy(transaction), animation-leash is destroyed, sc=Surface(name=Surface(name=AppWindowToken{b540cb8 token=Token{d45931b ActivityRecord{f77792a u0 com.android.chrome/com.google.android.apps.chrome.Main t280}}})/@0x1c95a01 - animation-leash)/@0x636c53d, transaction=android.view.SurfaceControl$Transaction@270953d, caller=com.android.server.wm.SurfaceAnimator.reset:338 com.android.server.wm.SurfaceAnimator.lambda$getFinishedCallback$0:97 com.android.server.wm.-$$Lambda$SurfaceAnimator$SIBia0mND666K8lMCPsoid8pUTI.run:4 com.android.server.wm.SurfaceAnimator.lambda$getFinishedCallback$1:104 com.android.server.wm.-$$Lambda$SurfaceAnimator$vdRZk66hQVbQCvVXEaQCT1kVmFc.onAnimationFinished:4 com.android.server.wm.LocalAnimationAdapter.lambda$startAnimation$0:65 com.android.server.wm.-$$Lambda$LocalAnimationAdapter$X--EomqUvw4qy89IeeTFTH7aCMo.run:4 
2019-11-28 20:17:31.981 4295-4390/? V/WindowManager: Setting visibility of Window{5f80242 u0 com.android.chrome/com.google.android.apps.chrome.Main}: false, caller=com.android.server.wm.WindowContainer.sendAppVisibilityToClients:615 com.android.server.wm.AppWindowToken.setClientHidden:460 com.android.server.wm.AppWindowToken.onAnimationFinished:2390 com.android.server.wm.-$$Lambda$yVRF8YoeNdTa8GR1wDStVsHu8xM.run:2 com.android.server.wm.SurfaceAnimator.lambda$getFinishedCallback$0:100 
2019-11-28 20:17:31.982 4295-4295/? D/FreeformController: Fail to invalid task id :  -1
2019-11-28 20:17:31.986 3866-3866/? I/SurfaceFlinger: Display 0 HWC layers:
        type    |    handle    | flag |  format   |   source crop (l,t,r,b)    |         frame       | name 
    ------------+--------------+------+-----------+----------------------------+---------------------+------
     SolidColor |              | 0000 |  Unknown  |   0.0    0.0   -0.2   -0.5 |    0    0 1080 2340 | animation background stackId=23#0
         Device | 0x7364a2c7e0 | 0002 | RGBA_8888 |   0.0    0.0 1077.0 2295.0 |    3    0 1080 2295 | Splash Screen com.brightcove.player.samples.exoplayer.basic#0
         Device | 0x7364a2cc40 | 0000 | RGBA_8888 |   0.0    0.0 1080.0   86.0 |    0    0 1080   86 | StatusBar[4604]#0
         Device | 0x7364e521a0 | 0000 | RGBA_8888 |   0.0    0.0 1080.0   45.0 |    0 2295 1080 2340 | NavigationBar[4604]#0
         Device | 0x7364e50760 | 0000 | RGBA_8888 |   0.0    0.0 1080.0  340.0 |    0 2000 1080 2340 | NavbarGestureHandler[4604]#0
         Device | 0x7364e542e0 | 0000 | RGBA_8888 |   0.0    0.0 1080.0  164.0 |    0    0 1080  164 | ScreenDecorOverlay[4604]#0
         
2019-11-28 20:17:31.986 3866-3866/? I/SurfaceFlinger: Device | 0x7364e54820 | 0000 | RGBA_8888 |   0.0    0.0 1080.0  164.0 |    0 2176 1080 2340 | ScreenDecorOverlayBottom[4604]#0
2019-11-28 20:17:31.994 4295-4992/? D/ConnectivityService: filterNetworkStateForUid() uid: 10201, pid: 1574
2019-11-28 20:17:31.994 4295-4992/? D/ConnectivityService: filterNetworkStateForUid() uid: 10201, pid: 1574, networkInfo: [type: WIFI[], state: CONNECTED/CONNECTED, reason: (unspecified), extra: (none), failover: false, available: true, roaming: false]
2019-11-28 20:17:31.997 3866-3928/? D/Layer: [AppWindowToken{b540cb8 token=Token{d45931b ActivityRecord{f77792a u0 com.android.chrome/com.google.android.apps.chrome.Main t280}}}#0]::reparent oldParent:[Surface(name=AppWindowToken{b540cb8 token=Token{d45931b ActivityRecord{f77792a u0 com.android.chrome/com.google.android.apps.chrome.Main t280}}})/@0x1c95a01 - animation-leash#0], newParent:[Task=280#0]
2019-11-28 20:17:31.997 3866-3928/? I/SurfaceFlinger: id=658 Removed Surface(name=AppWindowToken{b540cb8 token=Token{d45931b ActivityRecord{f77792a u0 com.android.chrome/com.google.android.apps.chrome.Main t280}}})/@0x1c95a01 - animation-leash#0 (0/78)
2019-11-28 20:17:31.997 15000-15000/? D/SurfaceView: onWindowVisibilityChanged(8) false android.view.SurfaceView{234c95d V.E...... ........ 0,0-1080,2209} of ViewRootImpl@e61ef00[Main]
2019-11-28 20:17:31.997 15000-15000/? D/SurfaceView: show() Surface(name=SurfaceView - com.android.chrome/com.google.android.apps.chrome.Main@234c95d@2[15000])/@0x95901a6 android.view.SurfaceView{234c95d V.E...... ........ 0,0-1080,2209}
2019-11-28 20:17:32.000 15000-15000/? D/SurfaceView: surfaceDestroyed callback.size 1 #2 android.view.SurfaceView{234c95d V.E...... ........ 0,0-1080,2209}
2019-11-28 20:17:32.000 15000-15000/? E/cr_CompositorSurfaceMgr: surfaceDestroyed format : 4
2019-11-28 20:17:32.006 3866-3928/? E/BufferQueueProducer: [SurfaceView - com.android.chrome/com.google.android.apps.chrome.Main@234c95d@2[15000]#0] disconnect: not connected (req=1)
2019-11-28 20:17:32.007 15187-15207/? W/libEGL: EGLNativeWindowType 0xd103d808 disconnect failed
2019-11-28 20:17:32.010 1574-1574/com.brightcove.player.samples.exoplayer.basic V/BaseVideoView: setLayoutParams: android.widget.FrameLayout$LayoutParams@4099a4f
2019-11-28 20:17:32.012 3866-3866/? I/Layer: id=658 onRemoved Surface(name=AppWindowToken{b540cb8 token=Token{d45931b ActivityRecord{f77792a u0 com.android.chrome/com.google.android.apps.chrome.Main t280}}})/@0x1c95a01 - animation-leash#0 
2019-11-28 20:17:32.014 4295-4390/? I/WindowManager: reset, Reparenting to original parent, shouldDeferScheduleAnimation=false, destroyLeash=true, surface=Surface(name=AppWindowToken{4d87382 token=Token{cd78ecd ActivityRecord{5be2c64 u0 com.brightcove.player.samples.exoplayer.basic/.MainActivity t301}}})/@0x8a65ef5, parent=Surface(name=Task=301)/@0x643448a, parentNativeHandle=android.os.BinderProxy@621e1a9, caller=com.android.server.wm.SurfaceAnimator.lambda$getFinishedCallback$0:97 com.android.server.wm.-$$Lambda$SurfaceAnimator$SIBia0mND666K8lMCPsoid8pUTI.run:4 com.android.server.wm.SurfaceAnimator.lambda$getFinishedCallback$1:104 com.android.server.wm.-$$Lambda$SurfaceAnimator$vdRZk66hQVbQCvVXEaQCT1kVmFc.onAnimationFinished:4 com.android.server.wm.LocalAnimationAdapter.lambda$startAnimation$0:65 
2019-11-28 20:17:32.014 4295-4390/? D/SurfaceControl: reparent is called, sc=Surface(name=AppWindowToken{4d87382 token=Token{cd78ecd ActivityRecord{5be2c64 u0 com.brightcove.player.samples.exoplayer.basic/.MainActivity t301}}})/@0x8a65ef5, newParentHandle=android.os.BinderProxy@621e1a9, transaction=android.view.SurfaceControl$Transaction@24af571
2019-11-28 20:17:32.014 3866-3928/? I/SurfaceFlinger: id=647 Removed SurfaceView - com.android.chrome/com.google.android.apps.chrome.Main@234c95d@2[15000]#0 (1/77)
2019-11-28 20:17:32.014 15000-15000/? D/SurfaceView: destroy() Surface(name=SurfaceView - com.android.chrome/com.google.android.apps.chrome.Main@234c95d@2[15000])/@0x95901a6 android.view.SurfaceView{234c95d V.E...... ........ 0,0-1080,2209}
2019-11-28 20:17:32.015 3866-3928/? I/SurfaceFlinger: id=648 Removed Background for -SurfaceView - com.android.chrome/com.google.android.apps.chrome.Main@234c95d@2[15000]#0 (0/76)
2019-11-28 20:17:32.015 4295-4390/? D/SurfaceControl: destroy(transaction), animation-leash is destroyed, sc=Surface(name=Surface(name=AppWindowToken{4d87382 token=Token{cd78ecd ActivityRecord{5be2c64 u0 com.brightcove.player.samples.exoplayer.basic/.MainActivity t301}}})/@0x8a65ef5 - animation-leash)/@0x6426afb, transaction=android.view.SurfaceControl$Transaction@24af571, caller=com.android.server.wm.SurfaceAnimator.reset:338 com.android.server.wm.SurfaceAnimator.lambda$getFinishedCallback$0:97 com.android.server.wm.-$$Lambda$SurfaceAnimator$SIBia0mND666K8lMCPsoid8pUTI.run:4 com.android.server.wm.SurfaceAnimator.lambda$getFinishedCallback$1:104 com.android.server.wm.-$$Lambda$SurfaceAnimator$vdRZk66hQVbQCvVXEaQCT1kVmFc.onAnimationFinished:4 com.android.server.wm.LocalAnimationAdapter.lambda$startAnimation$0:65 com.android.server.wm.-$$Lambda$LocalAnimationAdapter$X--EomqUvw4qy89IeeTFTH7aCMo.run:4 
2019-11-28 20:17:32.015 4295-4295/? D/FreeformController: Fail to invalid task id :  -1
2019-11-28 20:17:32.016 1574-1574/com.brightcove.player.samples.exoplayer.basic W/BrightcovePlayer: This activity was not set to use Picture-in-Picture.
2019-11-28 20:17:32.017 3866-3928/? E/BufferQueueProducer: [com.android.chrome/com.google.android.apps.chrome.Main[15000]#0] disconnect: not connected (req=1)
2019-11-28 20:17:32.019 3866-3866/? I/SurfaceFlinger: Display 0 HWC layers:
        type    |    handle    | flag |  format   |   source crop (l,t,r,b)    |         frame       | name 
    ------------+--------------+------+-----------+----------------------------+---------------------+------
         Device | 0x7364a2c7e0 | 0002 | RGBA_8888 |   0.0    0.0 1080.0 2295.0 |    0    0 1080 2295 | Splash Screen com.brightcove.player.samples.exoplayer.basic#0
         Device | 0x7364a2cc40 | 0000 | RGBA_8888 |   0.0    0.0 1080.0   86.0 |    0    0 1080   86 | StatusBar[4604]#0
         Device | 0x7364e521a0 | 0000 | RGBA_8888 |   0.0    0.0 1080.0   45.0 |    0 2295 1080 2340 | NavigationBar[4604]#0
         Device | 0x7364e50760 | 0000 | RGBA_8888 |   0.0    0.0 1080.0  340.0 |    0 2000 1080 2340 | NavbarGestureHandler[4604]#0
         Device | 0x7364e542e0 | 0000 | RGBA_8888 |   0.0    0.0 1080.0  164.0 |    0    0 1080  164 | ScreenDecorOverlay[4604]#0
         Device | 0x7364e54820 | 0000 | RGBA_8888 |   0.0    0.0 1080.0  164.0 |    0 2176 1080 2340 | ScreenDecorOverlayBottom[4604]#0
2019-11-28 20:17:32.019 15000-15067/? W/libEGL: EGLNativeWindowType 0xccbaa008 disconnect failed
2019-11-28 20:17:32.019 15000-15067/? D/OpenGLRenderer: eglDestroySurface = 0xec6854e0, 0xccbaa000
2019-11-28 20:17:32.020 3866-3928/? D/Layer: [AppWindowToken{4d87382 token=Token{cd78ecd ActivityRecord{5be2c64 u0 com.brightcove.player.samples.exoplayer.basic/.MainActivity t301}}}#0]::reparent oldParent:[Surface(name=AppWindowToken{4d87382 token=Token{cd78ecd ActivityRecord{5be2c64 u0 com.brightcove.player.samples.exoplayer.basic/.MainActivity t301}}})/@0x8a65ef5 - animation-leash#0], newParent:[Task=301#0]
2019-11-28 20:17:32.020 3866-3928/? I/SurfaceFlinger: id=659 Removed Surface(name=AppWindowToken{4d87382 token=Token{cd78ecd ActivityRecord{5be2c64 u0 com.brightcove.player.samples.exoplayer.basic/.MainActivity t301}}})/@0x8a65ef5 - animation-leash#0 (0/75)
2019-11-28 20:17:32.026 4295-4992/? V/WindowManager: Relayout Window{5f80242 u0 com.android.chrome/com.google.android.apps.chrome.Main}: viewVisibility=8 req=1080x2340 {(0,0)(fillxfill) sim={adjust=resize} ty=BASE_APPLICATION fmt=TRANSLUCENT wanim=0x10302fe
      fl=81810100
      pfl=20000
      vsysui=2010 naviIconColor=0}
2019-11-28 20:17:32.027 4295-4992/? E/WindowManager: win=Window{5f80242 u0 com.android.chrome/com.google.android.apps.chrome.Main} destroySurfaces: appStopped=false win.mWindowRemovalAllowed=false win.mRemoveOnExit=false win.mViewVisibility=8 caller=com.android.server.wm.WindowManagerService.tryStartExitingAnimation:2763 com.android.server.wm.WindowManagerService.relayoutWindow:2461 com.android.server.wm.Session.relayoutForTranslate:302 android.view.IWindowSession$Stub.onTransact:518 com.android.server.wm.Session.onTransact:186 android.os.Binder.execTransact:739 <bottom of call stack> 
2019-11-28 20:17:32.027 4295-4992/? I/WindowManager: Destroying surface Surface(name=com.android.chrome/com.google.android.apps.chrome.Main[15000])/@0xb84a746 called by com.android.server.wm.WindowStateAnimator.destroySurface:1880 com.android.server.wm.WindowStateAnimator.destroySurfaceLocked:838 com.android.server.wm.WindowState.destroySurfaceUnchecked:3833 com.android.server.wm.WindowState.destroySurface:3814 com.android.server.wm.WindowManagerService.tryStartExitingAnimation:2763 com.android.server.wm.WindowManagerService.relayoutWindow:2461 com.android.server.wm.Session.relayoutForTranslate:302 android.view.IWindowSession$Stub.onTransact:518 
2019-11-28 20:17:32.027 3866-3928/? I/SurfaceFlinger: id=646 Removed com.android.chrome/com.google.android.apps.chrome.Main[15000]#0 (0/74)
2019-11-28 20:17:32.029 3866-3866/? I/Layer: id=646 onRemoved com.android.chrome/com.google.android.apps.chrome.Main[15000]#0 
2019-11-28 20:17:32.029 3866-3866/? I/Layer: id=659 onRemoved Surface(name=AppWindowToken{4d87382 token=Token{cd78ecd ActivityRecord{5be2c64 u0 com.brightcove.player.samples.exoplayer.basic/.MainActivity t301}}})/@0x8a65ef5 - animation-leash#0 
2019-11-28 20:17:32.029 3866-3866/? I/Layer: id=648 onRemoved Background for -SurfaceView - com.android.chrome/com.google.android.apps.chrome.Main@234c95d@2[15000]#0 
2019-11-28 20:17:32.029 3866-3866/? I/Layer: id=647 onRemoved SurfaceView - com.android.chrome/com.google.android.apps.chrome.Main@234c95d@2[15000]#0 
2019-11-28 20:17:32.034 15000-15000/? D/ViewRootImpl@e61ef00[Main]: Relayout returned: old=[0,0][1080,2340] new=[0,0][1080,2340] result=0x5 surface={false 0} changed=true
2019-11-28 20:17:32.041 1574-1574/com.brightcove.player.samples.exoplayer.basic V/BrightcovePlayer: onStart
2019-11-28 20:17:32.043 1574-1574/com.brightcove.player.samples.exoplayer.basic V/BrightcovePlayer: onResume
2019-11-28 20:17:32.049 1574-1574/com.brightcove.player.samples.exoplayer.basic D/EmergencyMode: [EmergencyManager] android createPackageContext successful
2019-11-28 20:17:32.069 4295-4878/? D/InputTransport: Input channel constructed: fd=275
2019-11-28 20:17:32.069 4295-4878/? D/InputTransport: Input channel constructed: fd=430
2019-11-28 20:17:32.070 1574-1608/com.brightcove.player.samples.exoplayer.basic D/HttpService: issuing GET request: https://edge.api.brightcove.com/playback/v1/accounts/1242911124001/videos/5988320994001, headers: {BCOV-POLICY=BCpkADawqM0MGLiJr-pn3BrZwbW51j04jh4LUH12yk1h2gewA9na1xuYKawW0deuPXEb6dq0zxyScNrKJBxgTTZzrTHO8TDoJ1XKdpBWLQ395IFl4SJKZQeJ-x-c00K6Sb0GD3lwBlyjb-At}
2019-11-28 20:17:32.071 3866-3866/? I/SurfaceFlinger: id=661 createSurf (4680x4680),2 flag=4, 58def65 com.brightcove.player.samples.exoplayer.basic/com.brightcove.player.samples.exoplayer.basic.MainActivity#0
2019-11-28 20:17:32.074 4295-4878/? D/InputTransport: Input channel destroyed: fd=430
2019-11-28 20:17:32.074 1574-1574/com.brightcove.player.samples.exoplayer.basic D/InputTransport: Input channel constructed: fd=64
2019-11-28 20:17:32.075 1574-1574/com.brightcove.player.samples.exoplayer.basic D/ViewRootImpl@bcb0c61[MainActivity]: setView = DecorView@b017675[MainActivity] TM=true MM=false
2019-11-28 20:17:32.075 1574-1608/com.brightcove.player.samples.exoplayer.basic D/NetworkSecurityConfig: Using Network Security Config from resource network_security_config debugBuild: true
2019-11-28 20:17:32.078 1574-1574/com.brightcove.player.samples.exoplayer.basic D/MainActivity: version { buildVersion: 6.9.0 }
2019-11-28 20:17:32.079 1574-1574/com.brightcove.player.samples.exoplayer.basic D/MainActivity: toggleClosedCaptions { boolean: false }
2019-11-28 20:17:32.080 1574-1574/com.brightcove.player.samples.exoplayer.basic D/MainActivity: activityCreated { activity: com.brightcove.player.samples.exoplayer.basic.MainActivity@6082474 }
2019-11-28 20:17:32.080 1574-1574/com.brightcove.player.samples.exoplayer.basic V/MediaControlsVisibilityManager: Handling an ACTIVITY_CREATED event to (possibly) restore the media controls visibility state...
2019-11-28 20:17:32.080 1574-1574/com.brightcove.player.samples.exoplayer.basic V/MediaControlsVisibilityManager: No saved visibility state bundle found.  Restoration aborted.
2019-11-28 20:17:32.080 1574-1574/com.brightcove.player.samples.exoplayer.basic D/MainActivity: account { value: 1242911124001 }
2019-11-28 20:17:32.081 1574-1574/com.brightcove.player.samples.exoplayer.basic D/MainActivity: analyticsCatalogRequest { catalogUrl: https://edge.api.brightcove.com/playback/v1/accounts/1242911124001/videos/5988320994001 }
