2019-11-28 20:18:01.576 3847-3847/? I/android.hardware.wifi@1.0-service: enter getLinkLayerStatsInternal
2019-11-28 20:18:01.587 3847-3847/? I/android.hardware.wifi@1.0-service: Successfully getLinkLayerStats.
2019-11-28 20:18:01.587 4295-4469/? I/WifiVendorHal: getWifiLinkLayerStats(l.2973) after calling iface.getLinkLayerStats
2019-11-28 20:18:01.602 4295-4469/? I/WifiStateMachine: checkScoreBasedQuality -  mPreviousScore[0]:71 mPreviousScore[1]:71 mPreviousScore[2]:71 s2Score:72mPrevoiusScoreAverage:71
2019-11-28 20:18:01.720 4295-4743/? E/Watchdog: !@Sync 413 [2019-11-28 20:18:01.720] FD count : 505
2019-11-28 20:18:02.017 3862-4055/? V/APM_AudioPolicyManager: getAudioPolicyConfig: audioParam;outDevice
2019-11-28 20:18:02.017 3862-4055/? V/APM_AudioPolicyManager: getNewOutputDevice() selected device 2
2019-11-28 20:18:02.018 3862-4055/? V/APM_AudioPolicyManager: ### curdevice : 2
2019-11-28 20:18:02.235 4295-4837/? D/ConnectivityService: filterNetworkStateForUid() uid: 10201, pid: 1574
2019-11-28 20:18:02.236 4295-4837/? D/ConnectivityService: filterNetworkStateForUid() uid: 10201, pid: 1574, networkInfo: [type: WIFI[], state: CONNECTED/CONNECTED, reason: (unspecified), extra: (none), failover: false, available: true, roaming: false]
2019-11-28 20:18:02.259 1574-1614/com.brightcove.player.samples.exoplayer.basic D/HttpService: issuing GET request: https://metrics.brightcove.com/v2/tracker?video_name=Non-DRM+Test+Asset+05+%28Taskmaster+S1E1%29&video_duration=2688&device_product=a40eea&device_model=SM-A405FN&session=4f92aca6-ad71-4e26-a93e-cf864ed8a94d&destination=bcsdk%3A%2F%2FExoPlayer+Sample+App%2Fcom.brightcove.player.samples.exoplayer.basic&range=19..28&measured_bps=16583992&device_type=mobile&video=5988320994001&rendition_width=-1&device_hardware=exynos7885&device_manufacturer=samsung&platform=android-native-sdk&rendition_indicated_bps=127000&player_height=576&platform_version=6.9.0&rebuffering_seconds=0&event=video_engagement&rendition_mime_type=audio%2Fmp4&rendition_height=-1&forward_buffer_seconds=54&device_cpu=arm64-v8a&device_os=android&rebuffering_count=0&media_bytes_transferred=15594348&rendition_url=https%3A%2F%2Fbcboltuktv-a.akamaihd.net%2Fmedia%2Fv1%2Fdash%2Flive%2Fclear%2F1242911124001%2F1b84fd29-aeaf-492c-96ef-f8a144b5d1e8%2F4ac6d6cc-1366-4abf-8e40-3ca53d9c6224%2Finit.m4f%3Fakamai_token%3Dexp%3D1577393381%7Eacl%3D%2Fmedia%2Fv1%2Fdash%2Flive%2Fclear%2F1242911124001%2F1b84fd29-aeaf-492c-96ef-f8a144b5d1e8%2F*%7Ehmac%3D62abd411b13893f61161c99887d0a890eaca629b5f501baaf24c21a30e0129f6&domain=videocloud&device_os_version=9&time=1574972282229&device=a40&user=53dbe1995dee4e7e&account=1242911124001&player_width=1024, headers: {}
2019-11-28 20:18:02.267 1574-1614/com.brightcove.player.samples.exoplayer.basic I/System.out: (HTTPLog)-Static: isSBSettingEnabled false
2019-11-28 20:18:02.267 1574-1614/com.brightcove.player.samples.exoplayer.basic I/System.out: (HTTPLog)-Static: isSBSettingEnabled false
2019-11-28 20:18:02.295 1574-1614/com.brightcove.player.samples.exoplayer.basic D/HttpService: response: GIF89a,D;
2019-11-28 20:18:02.295 1574-1614/com.brightcove.player.samples.exoplayer.basic D/HttpService: code: 200
2019-11-28 20:18:02.295 1574-1614/com.brightcove.player.samples.exoplayer.basic D/HttpService: message: OK
2019-11-28 20:18:02.562 4295-4468/? D/WifiTrafficPoller: TrafficStats TxPkts=76137 RxPkts=191987 TxBytes=5709048 RxBytes=266424830 , Foreground uid=10201 pkgName=com.brightcove.player.samples.exoplayer.basic TxPackets=56348 RxPackets=119048 TxBytes=3403622 RxBytes=177368689
2019-11-28 20:18:02.563 4604-4604/? D/SecStatusBarWifiView: updateState: WifiIconState(resId=2131232619, visible=true, activityId=2131232625)
2019-11-28 20:18:03.569 4604-4604/? D/SecStatusBarWifiView: updateState: WifiIconState(resId=2131232619, visible=true, activityId=2131232624)
2019-11-28 20:18:04.065 3843-4398/? I/Sensors: [AMS] lux : 8, cam_lux : -1, result_lux : 8, brightness: 20, cam_on: 0
2019-11-28 20:18:04.573 4604-4604/? D/SecStatusBarWifiView: updateState: WifiIconState(resId=2131232619, visible=true, activityId=2131232644)
2019-11-28 20:18:04.603 4295-4469/? D/WifiStateMachine: enter getWifiLinkLayerStats
2019-11-28 20:18:04.603 4295-4469/? I/WifiVendorHal: getWifiLinkLayerStats(l.2973) before calling iface.getLinkLayerStats
2019-11-28 20:18:04.604 3847-3847/? I/android.hardware.wifi@1.0-service: enter getLinkLayerStats
2019-11-28 20:18:04.604 3847-3847/? I/android.hardware.wifi@1.0-service: enter getLinkLayerStatsInternal
2019-11-28 20:18:04.611 3847-3847/? I/android.hardware.wifi@1.0-service: Successfully getLinkLayerStats.
2019-11-28 20:18:04.616 4295-4469/? I/WifiVendorHal: getWifiLinkLayerStats(l.2973) after calling iface.getLinkLayerStats
2019-11-28 20:18:04.624 4295-4469/? I/WifiStateMachine: checkScoreBasedQuality -  mPreviousScore[0]:71 mPreviousScore[1]:71 mPreviousScore[2]:72 s2Score:73mPrevoiusScoreAverage:71
2019-11-28 20:18:05.110 5613-5973/? D/SDHMS:s: SIOP:: AP:167(250,70) BAT:238(238,0) CHG:267(267,0) USB:0(0,0) PA:-84(-200,50) ATC:0(0,-999) 
2019-11-28 20:18:05.579 4604-4604/? D/SecStatusBarWifiView: updateState: WifiIconState(resId=2131232619, visible=true, activityId=2131232624)
2019-11-28 20:18:06.447 5379-5379/? D/io_stats: !@ 179,0 r 105032 6348914 w 72931 1043808 d 6061 295344 f 22517 38278 iot 112644 94683 th 51200 0 0 pt 0 inp 0 0 12419.444
2019-11-28 20:18:06.585 4604-4604/? D/SecStatusBarWifiView: updateState: WifiIconState(resId=2131232619, visible=true, activityId=2131232644)
2019-11-28 20:18:07.611 4295-4468/? D/WifiTrafficPoller: TrafficStats TxPkts=76137 RxPkts=191991 TxBytes=5709048 RxBytes=266425165 , Foreground uid=10201 pkgName=com.brightcove.player.samples.exoplayer.basic TxPackets=56348 RxPackets=119048 TxBytes=3403622 RxBytes=177368689
2019-11-28 20:18:07.612 4604-4604/? D/SecStatusBarWifiView: updateState: WifiIconState(resId=2131232619, visible=true, activityId=2131232624)
2019-11-28 20:18:07.625 4295-4469/? D/WifiStateMachine: enter getWifiLinkLayerStats
2019-11-28 20:18:07.625 4295-4469/? I/WifiVendorHal: getWifiLinkLayerStats(l.2973) before calling iface.getLinkLayerStats
2019-11-28 20:18:07.626 3847-3847/? I/android.hardware.wifi@1.0-service: enter getLinkLayerStats
2019-11-28 20:18:07.626 3847-3847/? I/android.hardware.wifi@1.0-service: enter getLinkLayerStatsInternal
2019-11-28 20:18:07.628 3847-3847/? I/android.hardware.wifi@1.0-service: Successfully getLinkLayerStats.
2019-11-28 20:18:07.628 4295-4469/? I/WifiVendorHal: getWifiLinkLayerStats(l.2973) after calling iface.getLinkLayerStats
2019-11-28 20:18:07.634 4295-4469/? I/WifiStateMachine: checkScoreBasedQuality -  mPreviousScore[0]:71 mPreviousScore[1]:72 mPreviousScore[2]:73 s2Score:73mPrevoiusScoreAverage:72
2019-11-28 20:18:08.618 4604-4604/? D/SecStatusBarWifiView: updateState: WifiIconState(resId=2131232619, visible=true, activityId=2131232625)
2019-11-28 20:18:08.739 3843-3843/? I/Sensors: [AMS] lux : 7, cam_lux : -1, result_lux : 7, brightness: 20, cam_on: 0
2019-11-28 20:18:08.830 4295-4401/? D/SensorService: [SO] 0.038 0.280 9.821
2019-11-28 20:18:09.622 4604-4604/? D/SecStatusBarWifiView: updateState: WifiIconState(resId=2131232619, visible=true, activityId=2131232644)
2019-11-28 20:18:10.635 4295-4469/? D/WifiStateMachine: enter getWifiLinkLayerStats
2019-11-28 20:18:10.636 4295-4469/? I/WifiVendorHal: getWifiLinkLayerStats(l.2973) before calling iface.getLinkLayerStats
2019-11-28 20:18:10.637 3847-3847/? I/android.hardware.wifi@1.0-service: enter getLinkLayerStats
2019-11-28 20:18:10.637 3847-3847/? I/android.hardware.wifi@1.0-service: enter getLinkLayerStatsInternal
2019-11-28 20:18:10.645 3847-3847/? I/android.hardware.wifi@1.0-service: Successfully getLinkLayerStats.
2019-11-28 20:18:10.647 4295-4469/? I/WifiVendorHal: getWifiLinkLayerStats(l.2973) after calling iface.getLinkLayerStats
2019-11-28 20:18:10.664 4295-4469/? I/WifiStateMachine: checkScoreBasedQuality -  mPreviousScore[0]:72 mPreviousScore[1]:73 mPreviousScore[2]:73 s2Score:74mPrevoiusScoreAverage:72
2019-11-28 20:18:11.321 4295-4837/? D/WifiPermissionsUtil: canAccessScanResults: pkgName = com.sec.android.sdhms, uid = 1000
2019-11-28 20:18:12.076 3862-21262/? V/APM_AudioPolicyManager: getAudioPolicyConfig: audioParam;outDevice
2019-11-28 20:18:12.077 3862-21262/? V/APM_AudioPolicyManager: getNewOutputDevice() selected device 2
2019-11-28 20:18:12.077 3862-21262/? V/APM_AudioPolicyManager: ### curdevice : 2
2019-11-28 20:18:12.242 4295-4837/? D/ConnectivityService: filterNetworkStateForUid() uid: 10201, pid: 1574
2019-11-28 20:18:12.243 4295-4837/? D/ConnectivityService: filterNetworkStateForUid() uid: 10201, pid: 1574, networkInfo: [type: WIFI[], state: CONNECTED/CONNECTED, reason: (unspecified), extra: (none), failover: false, available: true, roaming: false]
2019-11-28 20:18:12.264 1574-1615/com.brightcove.player.samples.exoplayer.basic D/HttpService: issuing GET request: https://metrics.brightcove.com/v2/tracker?video_name=Non-DRM+Test+Asset+05+%28Taskmaster+S1E1%29&video_duration=2688&device_product=a40eea&device_model=SM-A405FN&session=4f92aca6-ad71-4e26-a93e-cf864ed8a94d&destination=bcsdk%3A%2F%2FExoPlayer+Sample+App%2Fcom.brightcove.player.samples.exoplayer.basic&range=29..38&measured_bps=16583992&device_type=mobile&video=5988320994001&rendition_width=-1&device_hardware=exynos7885&device_manufacturer=samsung&platform=android-native-sdk&rendition_indicated_bps=127000&player_height=576&platform_version=6.9.0&rebuffering_seconds=0&event=video_engagement&rendition_mime_type=audio%2Fmp4&rendition_height=-1&forward_buffer_seconds=54&device_cpu=arm64-v8a&device_os=android&rebuffering_count=0&media_bytes_transferred=15594348&rendition_url=https%3A%2F%2Fbcboltuktv-a.akamaihd.net%2Fmedia%2Fv1%2Fdash%2Flive%2Fclear%2F1242911124001%2F1b84fd29-aeaf-492c-96ef-f8a144b5d1e8%2F4ac6d6cc-1366-4abf-8e40-3ca53d9c6224%2Finit.m4f%3Fakamai_token%3Dexp%3D1577393381%7Eacl%3D%2Fmedia%2Fv1%2Fdash%2Flive%2Fclear%2F1242911124001%2F1b84fd29-aeaf-492c-96ef-f8a144b5d1e8%2F*%7Ehmac%3D62abd411b13893f61161c99887d0a890eaca629b5f501baaf24c21a30e0129f6&domain=videocloud&device_os_version=9&time=1574972292237&device=a40&user=53dbe1995dee4e7e&account=1242911124001&player_width=1024, headers: {}
2019-11-28 20:18:12.273 1574-1615/com.brightcove.player.samples.exoplayer.basic I/System.out: (HTTPLog)-Static: isSBSettingEnabled false
2019-11-28 20:18:12.273 1574-1615/com.brightcove.player.samples.exoplayer.basic I/System.out: (HTTPLog)-Static: isSBSettingEnabled false
2019-11-28 20:18:12.300 1574-1615/com.brightcove.player.samples.exoplayer.basic D/HttpService: response: GIF89a,D;
2019-11-28 20:18:12.300 1574-1615/com.brightcove.player.samples.exoplayer.basic D/HttpService: code: 200
2019-11-28 20:18:12.300 1574-1615/com.brightcove.player.samples.exoplayer.basic D/HttpService: message: OK
2019-11-28 20:18:12.661 4295-4468/? D/WifiTrafficPoller: TrafficStats TxPkts=76140 RxPkts=192013 TxBytes=5710665 RxBytes=266434728 , Foreground uid=10201 pkgName=com.brightcove.player.samples.exoplayer.basic TxPackets=56350 RxPackets=119050 TxBytes=3405199 RxBytes=177369100
2019-11-28 20:18:12.662 4604-4604/? D/SecStatusBarWifiView: updateState: WifiIconState(resId=2131232619, visible=true, activityId=2131232625)
2019-11-28 20:18:12.959 1574-1574/com.brightcove.player.samples.exoplayer.basic V/ExoPlayer2VideoDisplay: onLoadStarted: sourceId: 2, type: 1, trigger: 1, bitrate: 1794000, mediaStartTimeMs: 54000, mediaEndTimeMs: 60000
2019-11-28 20:18:12.962 1574-1574/com.brightcove.player.samples.exoplayer.basic V/ExoPlayer2VideoDisplay: onLoadStarted: sourceId: 1, type: 1, trigger: 0, bitrate: 127000, mediaStartTimeMs: 59520, mediaEndTimeMs: 65472
2019-11-28 20:18:12.971 1574-1640/com.brightcove.player.samples.exoplayer.basic I/System.out: (HTTPLog)-Static: isSBSettingEnabled false
2019-11-28 20:18:12.971 1574-1640/com.brightcove.player.samples.exoplayer.basic I/System.out: (HTTPLog)-Static: isSBSettingEnabled false
2019-11-28 20:18:12.982 1574-1642/com.brightcove.player.samples.exoplayer.basic I/System.out: (HTTPLog)-Static: isSBSettingEnabled false
2019-11-28 20:18:12.982 1574-1642/com.brightcove.player.samples.exoplayer.basic I/System.out: (HTTPLog)-Static: isSBSettingEnabled false
2019-11-28 20:18:13.087 1574-1574/com.brightcove.player.samples.exoplayer.basic V/ExoPlayer2VideoDisplay: onBandwidthSample: elapsedMs: 57, bytes: 350575, bitrateEstimate: 57069208
2019-11-28 20:18:13.087 1574-1574/com.brightcove.player.samples.exoplayer.basic V/ExoPlayer2VideoDisplay: onLoadCompleted: sourceId: 1, bytesLoaded: 91727, type: 1, bitrate: 127000, startTime: 59520, endTime: 65472
2019-11-28 20:18:13.091 1574-1574/com.brightcove.player.samples.exoplayer.basic D/MainActivity: analyticsVideoEngagement { measuredBps: 733816 forwardBufferSeconds: 54 mediaBytesTransferred: 15977691 }
2019-11-28 20:18:13.219 1574-1574/com.brightcove.player.samples.exoplayer.basic V/ExoPlayer2VideoDisplay: onBandwidthSample: elapsedMs: 132, bytes: 1400768, bitrateEstimate: 84895032
2019-11-28 20:18:13.219 1574-1574/com.brightcove.player.samples.exoplayer.basic V/ExoPlayer2VideoDisplay: onLoadCompleted: sourceId: 2, bytesLoaded: 1659616, type: 1, bitrate: 1794000, startTime: 54000, endTime: 60000
2019-11-28 20:18:13.222 1574-1574/com.brightcove.player.samples.exoplayer.basic D/MainActivity: analyticsVideoEngagement { measuredBps: 13276928 forwardBufferSeconds: 60 mediaBytesTransferred: 17345691 }
2019-11-28 20:18:13.224 1574-1574/com.brightcove.player.samples.exoplayer.basic V/ExoPlayer2VideoDisplay: onLoadStarted: sourceId: 2, type: 1, trigger: 1, bitrate: 1794000, mediaStartTimeMs: 60000, mediaEndTimeMs: 66000
2019-11-28 20:18:13.227 1574-1574/com.brightcove.player.samples.exoplayer.basic V/ExoPlayer2VideoDisplay: onLoadStarted: sourceId: 1, type: 1, trigger: 0, bitrate: 127000, mediaStartTimeMs: 65472, mediaEndTimeMs: 71424
2019-11-28 20:18:13.233 1574-1640/com.brightcove.player.samples.exoplayer.basic I/System.out: (HTTPLog)-Static: isSBSettingEnabled false
2019-11-28 20:18:13.234 1574-1640/com.brightcove.player.samples.exoplayer.basic I/System.out: (HTTPLog)-Static: isSBSettingEnabled false
2019-11-28 20:18:13.234 1574-1642/com.brightcove.player.samples.exoplayer.basic I/System.out: (HTTPLog)-Static: isSBSettingEnabled false
2019-11-28 20:18:13.235 1574-1642/com.brightcove.player.samples.exoplayer.basic I/System.out: (HTTPLog)-Static: isSBSettingEnabled false
2019-11-28 20:18:13.261 3843-3843/? I/Sensors: [AMS] lux : 7, cam_lux : -1, result_lux : 7, brightness: 20, cam_on: 0
2019-11-28 20:18:13.320 1574-1574/com.brightcove.player.samples.exoplayer.basic V/ExoPlayer2VideoDisplay: onBandwidthSample: elapsedMs: 60, bytes: 567478, bitrateEstimate: 84895032
2019-11-28 20:18:13.322 1574-1574/com.brightcove.player.samples.exoplayer.basic V/ExoPlayer2VideoDisplay: onLoadCompleted: sourceId: 1, bytesLoaded: 97523, type: 1, bitrate: 127000, startTime: 65472, endTime: 71424
2019-11-28 20:18:13.324 1574-1574/com.brightcove.player.samples.exoplayer.basic D/MainActivity: analyticsVideoEngagement { measuredBps: 780184 forwardBufferSeconds: 61 mediaBytesTransferred: 17929553 }
2019-11-28 20:18:13.379 1574-1574/com.brightcove.player.samples.exoplayer.basic V/ExoPlayer2VideoDisplay: onBandwidthSample: elapsedMs: 59, bytes: 506952, bitrateEstimate: 75663736
2019-11-28 20:18:13.380 1574-1574/com.brightcove.player.samples.exoplayer.basic V/ExoPlayer2VideoDisplay: onLoadCompleted: sourceId: 2, bytesLoaded: 976907, type: 1, bitrate: 1794000, startTime: 60000, endTime: 66000
2019-11-28 20:18:13.382 1574-1574/com.brightcove.player.samples.exoplayer.basic D/MainActivity: analyticsVideoEngagement { measuredBps: 7815256 forwardBufferSeconds: 64 mediaBytesTransferred: 18420121 }
2019-11-28 20:18:13.382 1574-1574/com.brightcove.player.samples.exoplayer.basic V/ExoPlayer2VideoDisplay: onLoadStarted: sourceId: 2, type: 1, trigger: 1, bitrate: 1794000, mediaStartTimeMs: 66000, mediaEndTimeMs: 72000
2019-11-28 20:18:13.384 1574-1574/com.brightcove.player.samples.exoplayer.basic V/ExoPlayer2VideoDisplay: onLoadStarted: sourceId: 1, type: 1, trigger: 0, bitrate: 127000, mediaStartTimeMs: 71424, mediaEndTimeMs: 77376
2019-11-28 20:18:13.391 1574-1640/com.brightcove.player.samples.exoplayer.basic I/System.out: (HTTPLog)-Static: isSBSettingEnabled false
2019-11-28 20:18:13.391 1574-1640/com.brightcove.player.samples.exoplayer.basic I/System.out: (HTTPLog)-Static: isSBSettingEnabled false
2019-11-28 20:18:13.395 1574-1642/com.brightcove.player.samples.exoplayer.basic I/System.out: (HTTPLog)-Static: isSBSettingEnabled false
2019-11-28 20:18:13.396 1574-1642/com.brightcove.player.samples.exoplayer.basic I/System.out: (HTTPLog)-Static: isSBSettingEnabled false
2019-11-28 20:18:13.481 1574-1574/com.brightcove.player.samples.exoplayer.basic V/ExoPlayer2VideoDisplay: onBandwidthSample: elapsedMs: 62, bytes: 587722, bitrateEstimate: 75663736
2019-11-28 20:18:13.482 1574-1574/com.brightcove.player.samples.exoplayer.basic V/ExoPlayer2VideoDisplay: onLoadCompleted: sourceId: 1, bytesLoaded: 100961, type: 1, bitrate: 127000, startTime: 71424, endTime: 77376
2019-11-28 20:18:13.485 1574-1574/com.brightcove.player.samples.exoplayer.basic D/MainActivity: analyticsVideoEngagement { measuredBps: 807688 forwardBufferSeconds: 68 mediaBytesTransferred: 19024227 }
2019-11-28 20:18:13.535 1574-1574/com.brightcove.player.samples.exoplayer.basic V/ExoPlayer2VideoDisplay: onBandwidthSample: elapsedMs: 55, bytes: 512976, bitrateEstimate: 74614688
2019-11-28 20:18:13.539 1574-1574/com.brightcove.player.samples.exoplayer.basic V/ExoPlayer2VideoDisplay: onLoadCompleted: sourceId: 2, bytesLoaded: 999737, type: 1, bitrate: 1794000, startTime: 66000, endTime: 72000
2019-11-28 20:18:13.541 1574-1574/com.brightcove.player.samples.exoplayer.basic D/MainActivity: analyticsVideoEngagement { measuredBps: 7997896 forwardBufferSeconds: 71 mediaBytesTransferred: 19520819 }
2019-11-28 20:18:13.542 1574-1574/com.brightcove.player.samples.exoplayer.basic V/ExoPlayer2VideoDisplay: onLoadStarted: sourceId: 2, type: 1, trigger: 1, bitrate: 1794000, mediaStartTimeMs: 72000, mediaEndTimeMs: 78000
2019-11-28 20:18:13.544 1574-1574/com.brightcove.player.samples.exoplayer.basic V/ExoPlayer2VideoDisplay: onLoadStarted: sourceId: 1, type: 1, trigger: 0, bitrate: 127000, mediaStartTimeMs: 77376, mediaEndTimeMs: 83328
2019-11-28 20:18:13.552 1574-1640/com.brightcove.player.samples.exoplayer.basic I/System.out: (HTTPLog)-Static: isSBSettingEnabled false
2019-11-28 20:18:13.552 1574-1640/com.brightcove.player.samples.exoplayer.basic I/System.out: (HTTPLog)-Static: isSBSettingEnabled false
2019-11-28 20:18:13.557 1574-1642/com.brightcove.player.samples.exoplayer.basic I/System.out: (HTTPLog)-Static: isSBSettingEnabled false
2019-11-28 20:18:13.557 1574-1642/com.brightcove.player.samples.exoplayer.basic I/System.out: (HTTPLog)-Static: isSBSettingEnabled false
2019-11-28 20:18:13.613 1574-1574/com.brightcove.player.samples.exoplayer.basic V/ExoPlayer2VideoDisplay: onBandwidthSample: elapsedMs: 35, bytes: 350207, bitrateEstimate: 75835096
2019-11-28 20:18:13.614 1574-1574/com.brightcove.player.samples.exoplayer.basic V/ExoPlayer2VideoDisplay: onLoadCompleted: sourceId: 1, bytesLoaded: 99243, type: 1, bitrate: 127000, startTime: 77376, endTime: 83328
2019-11-28 20:18:13.616 1574-1574/com.brightcove.player.samples.exoplayer.basic D/MainActivity: analyticsVideoEngagement { measuredBps: 793944 forwardBufferSeconds: 72 mediaBytesTransferred: 19895554 }
2019-11-28 20:18:13.665 4295-4469/? D/WifiStateMachine: enter getWifiLinkLayerStats
2019-11-28 20:18:13.665 4295-4469/? I/WifiVendorHal: getWifiLinkLayerStats(l.2973) before calling iface.getLinkLayerStats
2019-11-28 20:18:13.666 3847-3847/? I/android.hardware.wifi@1.0-service: enter getLinkLayerStats
2019-11-28 20:18:13.666 3847-3847/? I/android.hardware.wifi@1.0-service: enter getLinkLayerStatsInternal
2019-11-28 20:18:13.669 3847-3847/? I/android.hardware.wifi@1.0-service: Successfully getLinkLayerStats.
2019-11-28 20:18:13.670 4295-4469/? I/WifiVendorHal: getWifiLinkLayerStats(l.2973) after calling iface.getLinkLayerStats
2019-11-28 20:18:13.676 4295-4469/? I/WifiStateMachine: checkScoreBasedQuality -  mPreviousScore[0]:73 mPreviousScore[1]:73 mPreviousScore[2]:74 s2Score:73mPrevoiusScoreAverage:73
2019-11-28 20:18:13.745 1574-1574/com.brightcove.player.samples.exoplayer.basic V/ExoPlayer2VideoDisplay: onBandwidthSample: elapsedMs: 132, bytes: 637256, bitrateEstimate: 74614688
2019-11-28 20:18:13.746 1574-1574/com.brightcove.player.samples.exoplayer.basic V/ExoPlayer2VideoDisplay: onLoadCompleted: sourceId: 2, bytesLoaded: 888220, type: 1, bitrate: 1794000, startTime: 72000, endTime: 78000
2019-11-28 20:18:13.748 1574-1574/com.brightcove.player.samples.exoplayer.basic D/MainActivity: analyticsVideoEngagement { measuredBps: 7105760 forwardBufferSeconds: 76 mediaBytesTransferred: 20508282 }
2019-11-28 20:18:13.748 1574-1574/com.brightcove.player.samples.exoplayer.basic V/ExoPlayer2VideoDisplay: onLoadStarted: sourceId: 2, type: 1, trigger: 1, bitrate: 1794000, mediaStartTimeMs: 78000, mediaEndTimeMs: 84000
2019-11-28 20:18:13.752 1574-1574/com.brightcove.player.samples.exoplayer.basic V/ExoPlayer2VideoDisplay: onLoadStarted: sourceId: 1, type: 1, trigger: 0, bitrate: 127000, mediaStartTimeMs: 83328, mediaEndTimeMs: 89280
2019-11-28 20:18:13.766 1574-1640/com.brightcove.player.samples.exoplayer.basic I/System.out: (HTTPLog)-Static: isSBSettingEnabled false
2019-11-28 20:18:13.767 1574-1640/com.brightcove.player.samples.exoplayer.basic I/System.out: (HTTPLog)-Static: isSBSettingEnabled false
2019-11-28 20:18:13.769 1574-1642/com.brightcove.player.samples.exoplayer.basic I/System.out: (HTTPLog)-Static: isSBSettingEnabled false
2019-11-28 20:18:13.769 1574-1642/com.brightcove.player.samples.exoplayer.basic I/System.out: (HTTPLog)-Static: isSBSettingEnabled false
2019-11-28 20:18:13.841 1574-1574/com.brightcove.player.samples.exoplayer.basic V/ExoPlayer2VideoDisplay: onBandwidthSample: elapsedMs: 27, bytes: 165911, bitrateEstimate: 49158816
2019-11-28 20:18:13.842 1574-1574/com.brightcove.player.samples.exoplayer.basic V/ExoPlayer2VideoDisplay: onLoadCompleted: sourceId: 1, bytesLoaded: 98786, type: 1, bitrate: 127000, startTime: 83328, endTime: 89280
2019-11-28 20:18:13.845 1574-1574/com.brightcove.player.samples.exoplayer.basic D/MainActivity: analyticsVideoEngagement { measuredBps: 790288 forwardBufferSeconds: 78 mediaBytesTransferred: 20674193 }
2019-11-28 20:18:14.131 1574-1574/com.brightcove.player.samples.exoplayer.basic V/ExoPlayer2VideoDisplay: onBandwidthSample: elapsedMs: 290, bytes: 1042240, bitrateEstimate: 28751448
2019-11-28 20:18:14.132 1574-1574/com.brightcove.player.samples.exoplayer.basic V/ExoPlayer2VideoDisplay: onLoadCompleted: sourceId: 2, bytesLoaded: 1109365, type: 1, bitrate: 1794000, startTime: 78000, endTime: 84000
2019-11-28 20:18:14.136 1574-1574/com.brightcove.player.samples.exoplayer.basic D/MainActivity: analyticsVideoEngagement { measuredBps: 8874920 forwardBufferSeconds: 83 mediaBytesTransferred: 21716433 }
2019-11-28 20:18:14.137 1574-1574/com.brightcove.player.samples.exoplayer.basic V/ExoPlayer2VideoDisplay: onLoadStarted: sourceId: 2, type: 1, trigger: 1, bitrate: 1794000, mediaStartTimeMs: 84000, mediaEndTimeMs: 90000
2019-11-28 20:18:14.138 1574-1574/com.brightcove.player.samples.exoplayer.basic V/ExoPlayer2VideoDisplay: onLoadStarted: sourceId: 1, type: 1, trigger: 0, bitrate: 127000, mediaStartTimeMs: 89280, mediaEndTimeMs: 95232
2019-11-28 20:18:14.146 1574-1640/com.brightcove.player.samples.exoplayer.basic I/System.out: (HTTPLog)-Static: isSBSettingEnabled false
2019-11-28 20:18:14.146 1574-1640/com.brightcove.player.samples.exoplayer.basic I/System.out: (HTTPLog)-Static: isSBSettingEnabled false
2019-11-28 20:18:14.156 1574-1642/com.brightcove.player.samples.exoplayer.basic I/System.out: (HTTPLog)-Static: isSBSettingEnabled false
2019-11-28 20:18:14.157 1574-1642/com.brightcove.player.samples.exoplayer.basic I/System.out: (HTTPLog)-Static: isSBSettingEnabled false
2019-11-28 20:18:14.228 1574-1574/com.brightcove.player.samples.exoplayer.basic V/ExoPlayer2VideoDisplay: onBandwidthSample: elapsedMs: 53, bytes: 407645, bitrateEstimate: 28751448
2019-11-28 20:18:14.232 1574-1574/com.brightcove.player.samples.exoplayer.basic V/ExoPlayer2VideoDisplay: onLoadCompleted: sourceId: 1, bytesLoaded: 99800, type: 1, bitrate: 127000, startTime: 89280, endTime: 95232
2019-11-28 20:18:14.235 1574-1574/com.brightcove.player.samples.exoplayer.basic D/MainActivity: analyticsVideoEngagement { measuredBps: 798400 forwardBufferSeconds: 85 mediaBytesTransferred: 22155083 }
2019-11-28 20:18:14.337 1574-1574/com.brightcove.player.samples.exoplayer.basic V/ExoPlayer2VideoDisplay: onBandwidthSample: elapsedMs: 110, bytes: 772109, bitrateEstimate: 56153380
2019-11-28 20:18:14.338 1574-1574/com.brightcove.player.samples.exoplayer.basic V/ExoPlayer2VideoDisplay: onLoadCompleted: sourceId: 2, bytesLoaded: 1079954, type: 1, bitrate: 1794000, startTime: 84000, endTime: 90000
2019-11-28 20:18:14.340 1574-1574/com.brightcove.player.samples.exoplayer.basic D/MainActivity: analyticsVideoEngagement { measuredBps: 8639632 forwardBufferSeconds: 89 mediaBytesTransferred: 22896187 }
2019-11-28 20:18:14.341 1574-1574/com.brightcove.player.samples.exoplayer.basic V/ExoPlayer2VideoDisplay: onLoadStarted: sourceId: 2, type: 1, trigger: 1, bitrate: 1794000, mediaStartTimeMs: 90000, mediaEndTimeMs: 96000
2019-11-28 20:18:14.342 1574-1574/com.brightcove.player.samples.exoplayer.basic V/ExoPlayer2VideoDisplay: onLoadStarted: sourceId: 1, type: 1, trigger: 0, bitrate: 127000, mediaStartTimeMs: 95232, mediaEndTimeMs: 101184
2019-11-28 20:18:14.351 1574-1640/com.brightcove.player.samples.exoplayer.basic I/System.out: (HTTPLog)-Static: isSBSettingEnabled false
2019-11-28 20:18:14.351 1574-1640/com.brightcove.player.samples.exoplayer.basic I/System.out: (HTTPLog)-Static: isSBSettingEnabled false
2019-11-28 20:18:14.358 1574-1642/com.brightcove.player.samples.exoplayer.basic I/System.out: (HTTPLog)-Static: isSBSettingEnabled false
2019-11-28 20:18:14.358 1574-1642/com.brightcove.player.samples.exoplayer.basic I/System.out: (HTTPLog)-Static: isSBSettingEnabled false
2019-11-28 20:18:14.407 1574-1574/com.brightcove.player.samples.exoplayer.basic V/ExoPlayer2VideoDisplay: onBandwidthSample: elapsedMs: 30, bytes: 282959, bitrateEstimate: 61531320
2019-11-28 20:18:14.408 1574-1574/com.brightcove.player.samples.exoplayer.basic V/ExoPlayer2VideoDisplay: onLoadCompleted: sourceId: 1, bytesLoaded: 97255, type: 1, bitrate: 127000, startTime: 95232, endTime: 101184
2019-11-28 20:18:14.411 1574-1574/com.brightcove.player.samples.exoplayer.basic D/MainActivity: analyticsVideoEngagement { measuredBps: 778040 forwardBufferSeconds: 90 mediaBytesTransferred: 23203482 }
2019-11-28 20:18:14.526 1574-1574/com.brightcove.player.samples.exoplayer.basic V/ExoPlayer2VideoDisplay: onBandwidthSample: elapsedMs: 119, bytes: 879456, bitrateEstimate: 59123092
2019-11-28 20:18:14.530 1574-1574/com.brightcove.player.samples.exoplayer.basic V/ExoPlayer2VideoDisplay: onLoadCompleted: sourceId: 2, bytesLoaded: 1065160, type: 1, bitrate: 1794000, startTime: 90000, endTime: 96000
2019-11-28 20:18:14.532 1574-1574/com.brightcove.player.samples.exoplayer.basic D/MainActivity: analyticsVideoEngagement { measuredBps: 8521280 forwardBufferSeconds: 96 mediaBytesTransferred: 24058602 }
2019-11-28 20:18:15.035 3866-3866/? I/SurfaceFlinger: SFWD update time=12428033739341
2019-11-28 20:18:15.179 5613-5973/? D/SDHMS:s: SIOP:: AP:169(251,70) BAT:239(239,0) CHG:267(267,0) USB:0(0,0) PA:-138(-200,50) ATC:0(0,-999) 
2019-11-28 20:18:15.676 4604-4604/? D/SecStatusBarWifiView: updateState: WifiIconState(resId=2131232619, visible=true, activityId=2131232644)
2019-11-28 20:18:16.678 4295-4469/? D/WifiStateMachine: enter getWifiLinkLayerStats
2019-11-28 20:18:16.679 4295-4469/? I/WifiVendorHal: getWifiLinkLayerStats(l.2973) before calling iface.getLinkLayerStats
2019-11-28 20:18:16.680 3847-3847/? I/android.hardware.wifi@1.0-service: enter getLinkLayerStats
2019-11-28 20:18:16.680 3847-3847/? I/android.hardware.wifi@1.0-service: enter getLinkLayerStatsInternal
2019-11-28 20:18:16.685 3847-3847/? I/android.hardware.wifi@1.0-service: Successfully getLinkLayerStats.
2019-11-28 20:18:16.686 4295-4469/? I/WifiVendorHal: getWifiLinkLayerStats(l.2973) after calling iface.getLinkLayerStats
2019-11-28 20:18:16.695 4295-4469/? I/WifiStateMachine: checkScoreBasedQuality -  mPreviousScore[0]:73 mPreviousScore[1]:74 mPreviousScore[2]:73 s2Score:73mPrevoiusScoreAverage:73
2019-11-28 20:18:17.225 4295-4326/? D/PowerManagerService: UserActivityState : 1 -> 2
2019-11-28 20:18:17.711 3843-3843/? I/Sensors: [AMS] lux : 8, cam_lux : -1, result_lux : 8, brightness: 20, cam_on: 0
2019-11-28 20:18:17.830 4295-4401/? D/SensorService: [SO] 0.030 0.293 9.790
2019-11-28 20:18:19.697 4295-4469/? D/WifiStateMachine: enter getWifiLinkLayerStats
2019-11-28 20:18:19.700 4295-4469/? I/WifiVendorHal: getWifiLinkLayerStats(l.2973) before calling iface.getLinkLayerStats
2019-11-28 20:18:19.701 3847-3847/? I/android.hardware.wifi@1.0-service: enter getLinkLayerStats
2019-11-28 20:18:19.701 3847-3847/? I/android.hardware.wifi@1.0-service: enter getLinkLayerStatsInternal
2019-11-28 20:18:19.711 3847-3847/? I/android.hardware.wifi@1.0-service: Successfully getLinkLayerStats.
2019-11-28 20:18:19.712 4295-4469/? I/WifiVendorHal: getWifiLinkLayerStats(l.2973) after calling iface.getLinkLayerStats
2019-11-28 20:18:19.721 4295-4468/? D/WifiTrafficPoller: TrafficStats TxPkts=79014 RxPkts=197891 TxBytes=5870654 RxBytes=275233961 , Foreground uid=10201 pkgName=com.brightcove.player.samples.exoplayer.basic TxPackets=59224 RxPackets=124927 TxBytes=3565188 RxBytes=186168131
2019-11-28 20:18:19.723 4604-4604/? D/SecStatusBarWifiView: updateState: WifiIconState(resId=2131232619, visible=true, activityId=2131232624)
2019-11-28 20:18:19.727 4295-4469/? I/WifiStateMachine: checkScoreBasedQuality -  mPreviousScore[0]:74 mPreviousScore[1]:73 mPreviousScore[2]:73 s2Score:73mPrevoiusScoreAverage:73
2019-11-28 20:18:20.059 4295-4837/? D/WifiPermissionsUtil: canAccessScanResults: pkgName = com.google.android.gms, uid = 10037
2019-11-28 20:18:21.375 4295-4837/? D/WifiPermissionsUtil: canAccessScanResults: pkgName = com.sec.android.sdhms, uid = 1000
2019-11-28 20:18:22.095 3862-21262/? V/APM_AudioPolicyManager: getAudioPolicyConfig: audioParam;outDevice
2019-11-28 20:18:22.095 3862-21262/? V/APM_AudioPolicyManager: getNewOutputDevice() selected device 2
2019-11-28 20:18:22.095 3862-21262/? V/APM_AudioPolicyManager: ### curdevice : 2
2019-11-28 20:18:22.239 3843-3843/? I/Sensors: [AMS] lux : 8, cam_lux : -1, result_lux : 8, brightness: 20, cam_on: 0
2019-11-28 20:18:22.251 4295-4837/? D/ConnectivityService: filterNetworkStateForUid() uid: 10201, pid: 1574
2019-11-28 20:18:22.251 4295-4837/? D/ConnectivityService: filterNetworkStateForUid() uid: 10201, pid: 1574, networkInfo: [type: WIFI[], state: CONNECTED/CONNECTED, reason: (unspecified), extra: (none), failover: false, available: true, roaming: false]
2019-11-28 20:18:22.273 1574-1614/com.brightcove.player.samples.exoplayer.basic D/HttpService: issuing GET request: https://metrics.brightcove.com/v2/tracker?video_name=Non-DRM+Test+Asset+05+%28Taskmaster+S1E1%29&video_duration=2688&device_product=a40eea&device_model=SM-A405FN&session=4f92aca6-ad71-4e26-a93e-cf864ed8a94d&destination=bcsdk%3A%2F%2FExoPlayer+Sample+App%2Fcom.brightcove.player.samples.exoplayer.basic&range=39..48&measured_bps=8521280&device_type=mobile&video=5988320994001&rendition_width=-1&device_hardware=exynos7885&device_manufacturer=samsung&platform=android-native-sdk&rendition_indicated_bps=127000&player_height=576&platform_version=6.9.0&rebuffering_seconds=0&event=video_engagement&rendition_mime_type=audio%2Fmp4&rendition_height=-1&forward_buffer_seconds=96&device_cpu=arm64-v8a&device_os=android&rebuffering_count=0&media_bytes_transferred=24058602&rendition_url=https%3A%2F%2Fbcboltuktv-a.akamaihd.net%2Fmedia%2Fv1%2Fdash%2Flive%2Fclear%2F1242911124001%2F1b84fd29-aeaf-492c-96ef-f8a144b5d1e8%2F4ac6d6cc-1366-4abf-8e40-3ca53d9c6224%2Finit.m4f%3Fakamai_token%3Dexp%3D1577393381%7Eacl%3D%2Fmedia%2Fv1%2Fdash%2Flive%2Fclear%2F1242911124001%2F1b84fd29-aeaf-492c-96ef-f8a144b5d1e8%2F*%7Ehmac%3D62abd411b13893f61161c99887d0a890eaca629b5f501baaf24c21a30e0129f6&domain=videocloud&device_os_version=9&time=1574972302244&device=a40&user=53dbe1995dee4e7e&account=1242911124001&player_width=1024, headers: {}
2019-11-28 20:18:22.285 1574-1614/com.brightcove.player.samples.exoplayer.basic I/System.out: (HTTPLog)-Static: isSBSettingEnabled false
2019-11-28 20:18:22.289 1574-1614/com.brightcove.player.samples.exoplayer.basic I/System.out: (HTTPLog)-Static: isSBSettingEnabled false
2019-11-28 20:18:22.313 1574-1614/com.brightcove.player.samples.exoplayer.basic D/HttpService: response: GIF89a,D;
2019-11-28 20:18:22.314 1574-1614/com.brightcove.player.samples.exoplayer.basic D/HttpService: code: 200
2019-11-28 20:18:22.314 1574-1614/com.brightcove.player.samples.exoplayer.basic D/HttpService: message: OK
2019-11-28 20:18:22.728 4295-4469/? D/WifiStateMachine: enter getWifiLinkLayerStats
2019-11-28 20:18:22.728 4295-4469/? I/WifiVendorHal: getWifiLinkLayerStats(l.2973) before calling iface.getLinkLayerStats
2019-11-28 20:18:22.729 3847-3847/? I/android.hardware.wifi@1.0-service: enter getLinkLayerStats
2019-11-28 20:18:22.731 3847-3847/? I/android.hardware.wifi@1.0-service: enter getLinkLayerStatsInternal
2019-11-28 20:18:22.740 4604-4604/? D/SecStatusBarWifiView: updateState: WifiIconState(resId=2131232619, visible=true, activityId=2131232625)
2019-11-28 20:18:22.742 3847-3847/? I/android.hardware.wifi@1.0-service: Successfully getLinkLayerStats.
2019-11-28 20:18:22.743 4295-4469/? I/WifiVendorHal: getWifiLinkLayerStats(l.2973) after calling iface.getLinkLayerStats
2019-11-28 20:18:22.758 4295-4469/? I/WifiStateMachine: checkScoreBasedQuality -  mPreviousScore[0]:73 mPreviousScore[1]:73 mPreviousScore[2]:73 s2Score:73mPrevoiusScoreAverage:73
2019-11-28 20:18:23.744 4604-4604/? D/SecStatusBarWifiView: updateState: WifiIconState(resId=2131232619, visible=true, activityId=2131232644)
2019-11-28 20:18:24.777 4295-4468/? D/WifiTrafficPoller: TrafficStats TxPkts=79018 RxPkts=197900 TxBytes=5872440 RxBytes=275235583 , Foreground uid=10201 pkgName=com.brightcove.player.samples.exoplayer.basic TxPackets=59226 RxPackets=124929 TxBytes=3566764 RxBytes=186168542
2019-11-28 20:18:24.780 4604-4604/? D/SecStatusBarWifiView: updateState: WifiIconState(resId=2131232619, visible=true, activityId=2131232624)
2019-11-28 20:18:25.251 5613-5973/? D/SDHMS:s: SIOP:: AP:171(250,70) BAT:239(239,0) CHG:268(268,0) USB:0(0,0) PA:-138(-200,50) ATC:0(0,-999) 
2019-11-28 20:18:25.759 4295-4469/? D/WifiStateMachine: enter getWifiLinkLayerStats
2019-11-28 20:18:25.760 4295-4469/? I/WifiVendorHal: getWifiLinkLayerStats(l.2973) before calling iface.getLinkLayerStats
2019-11-28 20:18:25.761 3847-3847/? I/android.hardware.wifi@1.0-service: enter getLinkLayerStats
2019-11-28 20:18:25.761 3847-3847/? I/android.hardware.wifi@1.0-service: enter getLinkLayerStatsInternal
2019-11-28 20:18:25.772 3847-3847/? I/android.hardware.wifi@1.0-service: Successfully getLinkLayerStats.
2019-11-28 20:18:25.773 4295-4469/? I/WifiVendorHal: getWifiLinkLayerStats(l.2973) after calling iface.getLinkLayerStats
2019-11-28 20:18:25.785 4604-4604/? D/SecStatusBarWifiView: updateState: WifiIconState(resId=2131232619, visible=true, activityId=2131232644)
2019-11-28 20:18:25.787 4295-4469/? I/WifiStateMachine: checkScoreBasedQuality -  mPreviousScore[0]:73 mPreviousScore[1]:73 mPreviousScore[2]:73 s2Score:73mPrevoiusScoreAverage:73
2019-11-28 20:18:26.830 4295-4401/? D/SensorService: [SO] 0.050 0.280 9.798
2019-11-28 20:18:26.886 3843-3843/? I/Sensors: [AMS] lux : 14, cam_lux : -1, result_lux : 14, brightness: 20, cam_on: 0
2019-11-28 20:18:27.215 4295-4326/? D/PowerManagerService: UserActivityState : 2 -> 4
2019-11-28 20:18:27.216 4295-4326/? I/PowerManagerService: [PWL] On : 12332836 (107378 ms ago)
2019-11-28 20:18:27.216 4295-4326/? I/PowerManagerService: [PWL]  mStayOn: false  mWakeLockSummary & WAKE_LOCK_STAY_AWAKE: 20  mUserActivitySummary: 0x4
2019-11-28 20:18:27.216 4295-4326/? I/PowerManagerService: [PWL]  SCREEN_BRIGHT_WAKE_LOCK        'WindowManager' ON_AFTER_RELEASE ACQ=-53s268ms (uid=1000 pid=4295 ws=WorkSource{10201})
2019-11-28 20:18:28.455 4295-4427/? D/SamsungAlarmManager: Expired : 8
2019-11-28 20:18:28.455 4295-4427/? V/SamsungAlarmManager: Sending to uid : 1000 action=null alarm=Alarm{3d6889 type 3 when 25206638 android}
2019-11-28 20:18:28.465 4295-4427/? I/SamsungAlarmManager: setLocked to kernel - T:2 / 20191128T202023, SetElapsed=25321806, nowELAPSED=25206648
2019-11-28 20:18:28.465 4295-4427/? I/SamsungAlarmManager: setLocked to kernel - T:3 / 20191128T201900, SetElapsed=25238183, nowELAPSED=25206648
2019-11-28 20:18:28.470 4295-4837/? D/SamsungAlarmManager: setExact Intent (T:3/F:9/AC:false) 20191128T211828 - CU:1000/CP:4295
2019-11-28 20:18:28.471 4295-4837/? I/SamsungAlarmManager: setLocked to kernel - T:2 / 20191128T202023, SetElapsed=25321806, nowELAPSED=25206653
2019-11-28 20:18:28.471 4295-4837/? I/SamsungAlarmManager: setLocked to kernel - T:3 / 20191128T201900, SetElapsed=25238183, nowELAPSED=25206654
2019-11-28 20:18:28.789 4295-4469/? D/WifiStateMachine: enter getWifiLinkLayerStats
2019-11-28 20:18:28.791 4295-4469/? I/WifiVendorHal: getWifiLinkLayerStats(l.2973) before calling iface.getLinkLayerStats
2019-11-28 20:18:28.791 3847-3847/? I/android.hardware.wifi@1.0-service: enter getLinkLayerStats
2019-11-28 20:18:28.791 3847-3847/? I/android.hardware.wifi@1.0-service: enter getLinkLayerStatsInternal
2019-11-28 20:18:28.801 3847-3847/? I/android.hardware.wifi@1.0-service: Successfully getLinkLayerStats.
2019-11-28 20:18:28.803 4295-4469/? I/WifiVendorHal: getWifiLinkLayerStats(l.2973) after calling iface.getLinkLayerStats
2019-11-28 20:18:28.819 4295-4469/? I/WifiStateMachine: checkScoreBasedQuality -  mPreviousScore[0]:73 mPreviousScore[1]:73 mPreviousScore[2]:73 s2Score:72mPrevoiusScoreAverage:73
2019-11-28 20:18:28.940 3948-4014/? E/storaged: getDiskStats failed with result NOT_SUPPORTED and size 0
2019-11-28 20:18:31.427 4295-4837/? D/WifiPermissionsUtil: canAccessScanResults: pkgName = com.sec.android.sdhms, uid = 1000
2019-11-28 20:18:31.476 5379-5379/? D/io_stats: !@ 179,0 r 105032 6348914 w 72937 1043836 d 6061 295344 f 22517 38282 iot 112644 94685 th 51200 0 0 pt 0 inp 0 0 12444.472
2019-11-28 20:18:31.591 3843-4398/? I/Sensors: [AMS] lux : 7, cam_lux : -1, result_lux : 7, brightness: 20, cam_on: 0
2019-11-28 20:18:31.731 4295-4743/? E/Watchdog: !@Sync 414 [2019-11-28 20:18:31.731] FD count : 505
2019-11-28 20:18:31.821 4295-4469/? D/WifiStateMachine: enter getWifiLinkLayerStats
2019-11-28 20:18:31.822 4295-4469/? I/WifiVendorHal: getWifiLinkLayerStats(l.2973) before calling iface.getLinkLayerStats
2019-11-28 20:18:31.823 3847-3847/? I/android.hardware.wifi@1.0-service: enter getLinkLayerStats
2019-11-28 20:18:31.823 3847-3847/? I/android.hardware.wifi@1.0-service: enter getLinkLayerStatsInternal
2019-11-28 20:18:31.838 3847-3847/? I/android.hardware.wifi@1.0-service: Successfully getLinkLayerStats.
2019-11-28 20:18:31.839 4295-4469/? I/WifiVendorHal: getWifiLinkLayerStats(l.2973) after calling iface.getLinkLayerStats
2019-11-28 20:18:31.850 4295-4469/? I/WifiStateMachine: checkScoreBasedQuality -  mPreviousScore[0]:73 mPreviousScore[1]:73 mPreviousScore[2]:72 s2Score:73mPrevoiusScoreAverage:72
2019-11-28 20:18:32.152 3862-21262/? V/APM_AudioPolicyManager: getAudioPolicyConfig: audioParam;outDevice
2019-11-28 20:18:32.152 3862-21262/? V/APM_AudioPolicyManager: getNewOutputDevice() selected device 2
2019-11-28 20:18:32.152 3862-21262/? V/APM_AudioPolicyManager: ### curdevice : 2
2019-11-28 20:18:32.256 4295-4837/? D/ConnectivityService: filterNetworkStateForUid() uid: 10201, pid: 1574
2019-11-28 20:18:32.257 4295-4837/? D/ConnectivityService: filterNetworkStateForUid() uid: 10201, pid: 1574, networkInfo: [type: WIFI[], state: CONNECTED/CONNECTED, reason: (unspecified), extra: (none), failover: false, available: true, roaming: false]
2019-11-28 20:18:32.273 1574-1615/com.brightcove.player.samples.exoplayer.basic D/HttpService: issuing GET request: https://metrics.brightcove.com/v2/tracker?video_name=Non-DRM+Test+Asset+05+%28Taskmaster+S1E1%29&video_duration=2688&device_product=a40eea&device_model=SM-A405FN&session=4f92aca6-ad71-4e26-a93e-cf864ed8a94d&destination=bcsdk%3A%2F%2FExoPlayer+Sample+App%2Fcom.brightcove.player.samples.exoplayer.basic&range=49..58&measured_bps=8521280&device_type=mobile&video=5988320994001&rendition_width=-1&device_hardware=exynos7885&device_manufacturer=samsung&platform=android-native-sdk&rendition_indicated_bps=127000&player_height=576&platform_version=6.9.0&rebuffering_seconds=0&event=video_engagement&rendition_mime_type=audio%2Fmp4&rendition_height=-1&forward_buffer_seconds=96&device_cpu=arm64-v8a&device_os=android&rebuffering_count=0&media_bytes_transferred=24058602&rendition_url=https%3A%2F%2Fbcboltuktv-a.akamaihd.net%2Fmedia%2Fv1%2Fdash%2Flive%2Fclear%2F1242911124001%2F1b84fd29-aeaf-492c-96ef-f8a144b5d1e8%2F4ac6d6cc-1366-4abf-8e40-3ca53d9c6224%2Finit.m4f%3Fakamai_token%3Dexp%3D1577393381%7Eacl%3D%2Fmedia%2Fv1%2Fdash%2Flive%2Fclear%2F1242911124001%2F1b84fd29-aeaf-492c-96ef-f8a144b5d1e8%2F*%7Ehmac%3D62abd411b13893f61161c99887d0a890eaca629b5f501baaf24c21a30e0129f6&domain=videocloud&device_os_version=9&time=1574972312251&device=a40&user=53dbe1995dee4e7e&account=1242911124001&player_width=1024, headers: {}
2019-11-28 20:18:32.281 1574-1615/com.brightcove.player.samples.exoplayer.basic I/System.out: (HTTPLog)-Static: isSBSettingEnabled false
2019-11-28 20:18:32.281 1574-1615/com.brightcove.player.samples.exoplayer.basic I/System.out: (HTTPLog)-Static: isSBSettingEnabled false
2019-11-28 20:18:32.312 1574-1615/com.brightcove.player.samples.exoplayer.basic D/HttpService: response: GIF89a,D;
2019-11-28 20:18:32.312 1574-1615/com.brightcove.player.samples.exoplayer.basic D/HttpService: code: 200
2019-11-28 20:18:32.312 1574-1615/com.brightcove.player.samples.exoplayer.basic D/HttpService: message: OK
2019-11-28 20:18:32.747 3862-21262/? V/APM_AudioPolicyManager: AudioPolicyManager:setRecordSilenced(uid:99010, silenced:1)
2019-11-28 20:18:32.747 3862-21262/? V/APM_AudioPolicyManager: AudioPolicyManager:setRecordSilenced(uid:10118, silenced:1)
2019-11-28 20:18:32.837 4295-4468/? D/WifiTrafficPoller: TrafficStats TxPkts=79020 RxPkts=197902 TxBytes=5874016 RxBytes=275235994 , Foreground uid=10201 pkgName=com.brightcove.player.samples.exoplayer.basic TxPackets=59228 RxPackets=124931 TxBytes=3568340 RxBytes=186168953
2019-11-28 20:18:32.839 4604-4604/? D/SecStatusBarWifiView: updateState: WifiIconState(resId=2131232619, visible=true, activityId=2131232625)
2019-11-28 20:18:33.618 3862-21262/? V/APM_AudioPolicyManager: AudioPolicyManager:setRecordSilenced(uid:10172, silenced:1)
2019-11-28 20:18:33.833 3862-21262/? V/APM_AudioPolicyManager: AudioPolicyManager:setRecordSilenced(uid:10085, silenced:1)
2019-11-28 20:18:33.845 4604-4604/? D/SecStatusBarWifiView: updateState: WifiIconState(resId=2131232619, visible=true, activityId=2131232644)
2019-11-28 20:18:34.852 4295-4469/? D/WifiStateMachine: enter getWifiLinkLayerStats
2019-11-28 20:18:34.852 4295-4469/? I/WifiVendorHal: getWifiLinkLayerStats(l.2973) before calling iface.getLinkLayerStats
2019-11-28 20:18:34.856 3847-3847/? I/android.hardware.wifi@1.0-service: enter getLinkLayerStats
2019-11-28 20:18:34.856 3847-3847/? I/android.hardware.wifi@1.0-service: enter getLinkLayerStatsInternal
2019-11-28 20:18:34.867 3847-3847/? I/android.hardware.wifi@1.0-service: Successfully getLinkLayerStats.
2019-11-28 20:18:34.868 4295-4469/? I/WifiVendorHal: getWifiLinkLayerStats(l.2973) after calling iface.getLinkLayerStats
2019-11-28 20:18:34.881 4295-4469/? I/WifiStateMachine: checkScoreBasedQuality -  mPreviousScore[0]:73 mPreviousScore[1]:72 mPreviousScore[2]:73 s2Score:73mPrevoiusScoreAverage:72
2019-11-28 20:18:35.319 5613-5973/? D/SDHMS:s: SIOP:: AP:172(250,70) BAT:239(239,0) CHG:268(268,0) USB:0(0,0) PA:-138(-200,50) ATC:0(0,-999) 
2019-11-28 20:18:35.831 4295-4401/? D/SensorService: [SO] 0.043 0.278 9.804
2019-11-28 20:18:36.127 3843-4398/? I/Sensors: [AMS] lux : 8, cam_lux : -1, result_lux : 8, brightness: 20, cam_on: 0
2019-11-28 20:18:36.320 4295-4440/? D/InputReader: Input event(8): value=1 when=12449.318555
2019-11-28 20:18:36.320 4295-4440/? I/InputReader: Touch event's action is 0x0 (deviceType=0) [pCnt=1, s=0.238 ] when=12449.318555
2019-11-28 20:18:36.321 4295-4439/? I/InputDispatcher: Delivering touch to (4604): action: 0x4, displayId: 0, 'c80c8cb', toolType: 1
2019-11-28 20:18:36.321 4295-4439/? I/InputDispatcher: Delivering touch to (4604): action: 0x4, displayId: 0, 'bcc09c7', toolType: 1
2019-11-28 20:18:36.321 4295-4439/? I/clp-JNI: Add pinfo end.  0
2019-11-28 20:18:36.322 4295-4439/? I/InputDispatcher: Delivering touch to (1574): action: 0x0, displayId: 0, '58def65', toolType: 1
2019-11-28 20:18:36.324 1574-1574/com.brightcove.player.samples.exoplayer.basic D/ViewRootImpl@bcb0c61[MainActivity]: ViewPostIme pointer 0
2019-11-28 20:18:36.328 4295-4439/? D/PowerManagerService: UserActivityState : 4 -> 1
2019-11-28 20:18:36.329 1574-1574/com.brightcove.player.samples.exoplayer.basic D/BrightcoveMediaController: Processing onTouch for view: com.brightcove.player.view.BrightcoveExoPlayerVideoView{46d7dfc VFE...C.. ........ 0,0-1080,840 #7f06000e app:id/brightcove_video_view}, with event: MotionEvent { action=ACTION_DOWN, actionButton=0, id[0]=0, x[0]=842.0, y[0]=497.0, toolType[0]=TOOL_TYPE_FINGER, buttonState=0, metaState=0, flags=0x0, edgeFlags=0x0, pointerCount=1, historySize=0, eventTime=12449318, downTime=12449318, deviceId=8, source=0x1002 }.
2019-11-28 20:18:36.329 1574-1574/com.brightcove.player.samples.exoplayer.basic D/BrightcoveMediaController: The control bar is hidden, show the media controls...
2019-11-28 20:18:36.330 1574-1574/com.brightcove.player.samples.exoplayer.basic I/BaseVideoView: onTouchEvent
2019-11-28 20:18:36.330 1574-1574/com.brightcove.player.samples.exoplayer.basic D/BrightcoveMediaController: Setting the visibility on the player controls...
2019-11-28 20:18:36.333 1574-1574/com.brightcove.player.samples.exoplayer.basic D/BrightcoveMediaController: The video is not live.
2019-11-28 20:18:36.333 1574-1574/com.brightcove.player.samples.exoplayer.basic D/BrightcoveMediaController: The video does not have DVR support.
2019-11-28 20:18:36.334 1574-1574/com.brightcove.player.samples.exoplayer.basic W/BrightcoveMediaController: View ProgressTime has not been handled.  It will be visible.
2019-11-28 20:18:36.335 1574-1574/com.brightcove.player.samples.exoplayer.basic V/LiveButtonController: getVisibilityState: isLive = false
2019-11-28 20:18:36.336 1574-1574/com.brightcove.player.samples.exoplayer.basic D/BrightcoveShowHideController: Showing the media controls.  They will be hidden in 3000 milliseconds using animation style: FADE.
2019-11-28 20:18:36.340 1574-1574/com.brightcove.player.samples.exoplayer.basic D/MainActivity: showMediaControls { }
2019-11-28 20:18:36.340 1574-1574/com.brightcove.player.samples.exoplayer.basic D/BrightcoveShowHideController: Showing the media controls.  They will be hidden in 3000 milliseconds using animation style: FADE.
2019-11-28 20:18:36.361 1574-1574/com.brightcove.player.samples.exoplayer.basic D/MainActivity: didShowMediaControls { controlsHeight: 336 }
2019-11-28 20:18:36.361 1574-1574/com.brightcove.player.samples.exoplayer.basic D/MainActivity: didShowMediaControls { controlsHeight: 336 }
2019-11-28 20:18:36.398 4295-4440/? D/InputReader: Input event(8): value=0 when=12449.396136
2019-11-28 20:18:36.398 4295-4440/? I/InputReader: Touch event's action is 0x1 (deviceType=0) [pCnt=1, s=] when=12449.396136
2019-11-28 20:18:36.398 4295-4439/? I/clp-JNI: Add pinfo.  (channel) 58def65 com.brightcove.player.samples.exoplayer.basic/com.brightcove.player.samples.exoplayer.basic.MainActivity (server) (pkg) AppWindowToken{4d87382 token=Token{cd78ecd ActivityRecord{5be2c64 u0 com.brightcove.player.samples.exoplayer.basic/.MainActivity t301}}} 1574 10201 (action) 1
2019-11-28 20:18:36.398 4295-4439/? I/clp-JNI: Add pinfo end.  1
2019-11-28 20:18:36.399 4295-4439/? I/InputDispatcher: Delivering touch to (1574): action: 0x1, displayId: 0, '58def65', toolType: 1
2019-11-28 20:18:36.399 1574-1574/com.brightcove.player.samples.exoplayer.basic D/ViewRootImpl@bcb0c61[MainActivity]: ViewPostIme pointer 1
2019-11-28 20:18:37.883 4295-4469/? D/WifiStateMachine: enter getWifiLinkLayerStats
2019-11-28 20:18:37.884 4295-4469/? I/WifiVendorHal: getWifiLinkLayerStats(l.2973) before calling iface.getLinkLayerStats
2019-11-28 20:18:37.884 3847-3847/? I/android.hardware.wifi@1.0-service: enter getLinkLayerStats
2019-11-28 20:18:37.884 3847-3847/? I/android.hardware.wifi@1.0-service: enter getLinkLayerStatsInternal
2019-11-28 20:18:37.888 4295-4468/? D/WifiTrafficPoller: TrafficStats TxPkts=79021 RxPkts=197903 TxBytes=5874056 RxBytes=275236030 , Foreground uid=10201 pkgName=com.brightcove.player.samples.exoplayer.basic TxPackets=59228 RxPackets=124931 TxBytes=3568340 RxBytes=186168953
2019-11-28 20:18:37.889 4604-4604/? D/SecStatusBarWifiView: updateState: WifiIconState(resId=2131232619, visible=true, activityId=2131232625)
2019-11-28 20:18:37.892 3847-3847/? I/android.hardware.wifi@1.0-service: Successfully getLinkLayerStats.
2019-11-28 20:18:37.893 4295-4469/? I/WifiVendorHal: getWifiLinkLayerStats(l.2973) after calling iface.getLinkLayerStats
