2019-11-28 20:17:35.363 4295-4468/? D/WifiTrafficPoller: TrafficStats TxPkts=75368 RxPkts=190464 TxBytes=5658380 RxBytes=264169773 , Foreground uid=10201 pkgName=com.brightcove.player.samples.exoplayer.basic TxPackets=55585 RxPackets=117539 TxBytes=3353474 RxBytes=175116257
2019-11-28 20:17:35.370 1574-1642/com.brightcove.player.samples.exoplayer.basic I/System.out: (HTTPLog)-Static: isSBSettingEnabled false
2019-11-28 20:17:35.370 1574-1642/com.brightcove.player.samples.exoplayer.basic I/System.out: (HTTPLog)-Static: isSBSettingEnabled false
2019-11-28 20:17:35.449 1574-1574/com.brightcove.player.samples.exoplayer.basic V/ExoPlayer2VideoDisplay: onBandwidthSample: elapsedMs: 58, bytes: 369053, bitrateEstimate: 63866072
2019-11-28 20:17:35.450 1574-1574/com.brightcove.player.samples.exoplayer.basic V/ExoPlayer2VideoDisplay: onLoadCompleted: sourceId: 1, bytesLoaded: 93734, type: 1, bitrate: 127000, startTime: 53568, endTime: 59520
2019-11-28 20:17:35.455 1574-1574/com.brightcove.player.samples.exoplayer.basic D/MainActivity: analyticsVideoEngagement { measuredBps: 749872 forwardBufferSeconds: 49 mediaBytesTransferred: 13796668 }
2019-11-28 20:17:35.692 1574-1574/com.brightcove.player.samples.exoplayer.basic V/ExoPlayer2VideoDisplay: onBandwidthSample: elapsedMs: 252, bytes: 1797680, bitrateEstimate: 57069208
2019-11-28 20:17:35.699 1574-1574/com.brightcove.player.samples.exoplayer.basic V/ExoPlayer2VideoDisplay: onLoadCompleted: sourceId: 2, bytesLoaded: 2072999, type: 1, bitrate: 1794000, startTime: 48000, endTime: 54000
2019-11-28 20:17:35.704 1574-1574/com.brightcove.player.samples.exoplayer.basic D/MainActivity: analyticsVideoEngagement { measuredBps: 16583992 forwardBufferSeconds: 53 mediaBytesTransferred: 15594348 }
2019-11-28 20:17:35.964 1574-1574/com.brightcove.player.samples.exoplayer.basic D/MainActivity: didHideMediaControls { }
2019-11-28 20:17:36.342 3862-4055/? V/APM_AudioPolicyManager: getAudioPolicyConfig: audioParam;outDevice
2019-11-28 20:17:36.342 3862-4055/? V/APM_AudioPolicyManager: getNewOutputDevice() selected device 2
2019-11-28 20:17:36.342 3862-4055/? V/APM_AudioPolicyManager: ### curdevice : 2
2019-11-28 20:17:36.342 31123-31123/? D/SoundAlivePolicyManager: isGobalEffectSupportCurrentAudioPath, currentDeviceType : 2
2019-11-28 20:17:36.343 31123-31123/? D/SAPathManager: Effect 0 not supported on current path
2019-11-28 20:17:36.343 31123-31123/? D/SADVFSHelper: Either heavy-duty effect is Off or Music playback is not active
2019-11-28 20:17:36.415 5379-5379/? D/io_stats: !@ 179,0 r 105032 6348914 w 72845 1042908 d 6055 295172 f 22515 38262 iot 112612 94639 th 51200 0 0 pt 0 inp 0 0 12389.412
2019-11-28 20:17:36.610 3843-4398/? I/Sensors: [AMS] lux : 10, cam_lux : -1, result_lux : 10, brightness: 20, cam_on: 0
2019-11-28 20:17:36.719 3862-4192/? E/NativeSemDvfsCpuManager: release:: Start
2019-11-28 20:17:36.720 3862-4192/? E/NativeSemDvfsCpuManager: release():: mIsAcquired = 1 , mName = CPU  , mTagName : AudioFlinger 
2019-11-28 20:17:36.721 4295-4837/? D/CustomFrequencyManagerService: releaseDVFSLockLocked : Getting Lock type frm List : DVFS_MIN_LIMIT  frequency : 136500  uid : 1000  pid : 4295  tag : AudioFlinger
2019-11-28 20:17:36.723 3862-4192/? E/NativeCustomFrequencyManager: [NativeCFMS] BpCustomFrequencyManager::releaseDVFSLock() 
2019-11-28 20:17:36.723 3862-4192/? E/NativeSemDvfsCpuManager: release:: End
2019-11-28 20:17:37.373 4604-4604/? D/SecStatusBarWifiView: updateState: WifiIconState(resId=2131232619, visible=true, activityId=2131232624)
2019-11-28 20:17:37.410 4295-4469/? D/WifiStateMachine: enter getWifiLinkLayerStats
2019-11-28 20:17:37.411 4295-4469/? I/WifiVendorHal: getWifiLinkLayerStats(l.2973) before calling iface.getLinkLayerStats
2019-11-28 20:17:37.411 3847-3847/? I/android.hardware.wifi@1.0-service: enter getLinkLayerStats
2019-11-28 20:17:37.412 3847-3847/? I/android.hardware.wifi@1.0-service: enter getLinkLayerStatsInternal
2019-11-28 20:17:37.414 3847-3847/? I/android.hardware.wifi@1.0-service: Successfully getLinkLayerStats.
2019-11-28 20:17:37.415 4295-4469/? I/WifiVendorHal: getWifiLinkLayerStats(l.2973) after calling iface.getLinkLayerStats
2019-11-28 20:17:37.422 4295-4469/? I/WifiStateMachine: checkScoreBasedQuality -  mPreviousScore[0]:68 mPreviousScore[1]:68 mPreviousScore[2]:68 s2Score:70mPrevoiusScoreAverage:68
2019-11-28 20:17:37.479 4295-7978/? D/GameManagerService: identifyGamePackage. com.brightcove.player.samples.exoplayer.basic
2019-11-28 20:17:37.479 4295-7978/? D/GamePkgDataHelper: getGamePkgData(). com.brightcove.player.samples.exoplayer.basic
2019-11-28 20:17:38.376 4604-4604/? D/SecStatusBarWifiView: updateState: WifiIconState(resId=2131232619, visible=true, activityId=2131232625)
2019-11-28 20:17:39.383 4604-4604/? D/SecStatusBarWifiView: updateState: WifiIconState(resId=2131232619, visible=true, activityId=2131232644)
2019-11-28 20:17:40.059 4295-4837/? D/WifiPermissionsUtil: canAccessScanResults: pkgName = com.google.android.gms, uid = 10037
2019-11-28 20:17:40.129 3862-4055/? V/APM_AudioPolicyManager: AudioPolicyManager:setRecordSilenced(uid:10166, silenced:1)
2019-11-28 20:17:40.137 4295-4837/? D/ConnectivityService: filterNetworkStateForUid() uid: 10037, pid: 5082
2019-11-28 20:17:40.137 4295-4837/? D/ConnectivityService: filterNetworkStateForUid() uid: 10037, pid: 5082, networkInfo: [type: WIFI[], state: CONNECTED/CONNECTED, reason: (unspecified), extra: (none), failover: false, available: true, roaming: false]
2019-11-28 20:17:40.423 4295-4469/? D/WifiStateMachine: enter getWifiLinkLayerStats
2019-11-28 20:17:40.424 4295-4469/? I/WifiVendorHal: getWifiLinkLayerStats(l.2973) before calling iface.getLinkLayerStats
2019-11-28 20:17:40.425 3847-3847/? I/android.hardware.wifi@1.0-service: enter getLinkLayerStats
2019-11-28 20:17:40.425 3847-3847/? I/android.hardware.wifi@1.0-service: enter getLinkLayerStatsInternal
2019-11-28 20:17:40.435 3847-3847/? I/android.hardware.wifi@1.0-service: Successfully getLinkLayerStats.
2019-11-28 20:17:40.435 4295-4469/? I/WifiVendorHal: getWifiLinkLayerStats(l.2973) after calling iface.getLinkLayerStats
2019-11-28 20:17:40.448 4295-4469/? I/WifiStateMachine: checkScoreBasedQuality -  mPreviousScore[0]:68 mPreviousScore[1]:68 mPreviousScore[2]:70 s2Score:71mPrevoiusScoreAverage:68
2019-11-28 20:17:41.089 3843-4398/? I/Sensors: [AMS] lux : 9, cam_lux : -1, result_lux : 9, brightness: 20, cam_on: 0
2019-11-28 20:17:41.190 4295-4837/? D/WifiPermissionsUtil: canAccessScanResults: pkgName = com.sec.android.sdhms, uid = 1000
2019-11-28 20:17:41.419 5379-5379/? D/io_stats: !@ 179,0 r 105032 6348914 w 72852 1043228 d 6057 295180 f 22516 38267 iot 112620 94650 th 51200 0 0 pt 0 inp 0 0 12394.415
2019-11-28 20:17:41.830 4295-4401/? D/SensorService: [SO] 0.037 0.275 9.801
2019-11-28 20:17:41.935 3862-4055/? V/APM_AudioPolicyManager: getAudioPolicyConfig: audioParam;outDevice
2019-11-28 20:17:41.936 3862-4055/? V/APM_AudioPolicyManager: getNewOutputDevice() selected device 2
2019-11-28 20:17:41.936 3862-4055/? V/APM_AudioPolicyManager: ### curdevice : 2
2019-11-28 20:17:42.160 4295-4489/? W/DeviceStorageMonitorService: updateBroadcasts(/data) oldLevel:0, newLevel:0, seq:1
2019-11-28 20:17:42.161 4295-4489/? W/DeviceStorageMonitorService: updateBroadcasts_filenode(/data) fn_oldLevel:0, fn_newLevel:0, seq:1
2019-11-28 20:17:42.203 4295-1662/? D/WifiConnectivityMonitor.DnsPingerHandler: setCurrentLinkProperties: lp={InterfaceName: wlan0 LinkAddresses: [fe80::cdab:9889:3bb6:2f5d/64,192.168.1.63/24,fdaa:bbcc:ddee:0:7d28:3b58:337b:2322/64,fdaa:bbcc:ddee:0:fd0f:8b5e:8c29:e462/64,]  Routes: [fe80::/64 -> :: wlan0,fe80::/64 -> fe80::366b:46ff:feb7:cd1d wlan0,fdaa:bbcc:ddee::/64 -> fe80::366b:46ff:feb7:cd1d wlan0,fdaa:bbcc:ddee::/64 -> :: wlan0,192.168.1.0/24 -> 0.0.0.0 wlan0,0.0.0.0/0 -> 192.168.1.1 wlan0,] DnsAddresses: [192.168.1.1,] UsePrivateDns: false PrivateDnsServerName: null Domains: lan MTU: 0 TcpBufferSizes: 524288,1048576,4525824,524288,1048576,4525824}
2019-11-28 20:17:42.220 4295-4837/? D/ConnectivityService: filterNetworkStateForUid() uid: 10201, pid: 1574
2019-11-28 20:17:42.221 4295-4837/? D/ConnectivityService: filterNetworkStateForUid() uid: 10201, pid: 1574, networkInfo: [type: WIFI[], state: CONNECTED/CONNECTED, reason: (unspecified), extra: (none), failover: false, available: true, roaming: false]
2019-11-28 20:17:42.244 1574-1614/com.brightcove.player.samples.exoplayer.basic D/HttpService: issuing GET request: https://metrics.brightcove.com/v2/tracker?video_name=Non-DRM+Test+Asset+05+%28Taskmaster+S1E1%29&video_duration=2688&device_product=a40eea&device_model=SM-A405FN&session=4f92aca6-ad71-4e26-a93e-cf864ed8a94d&destination=bcsdk%3A%2F%2FExoPlayer+Sample+App%2Fcom.brightcove.player.samples.exoplayer.basic&range=0..8&measured_bps=16583992&device_type=mobile&video=5988320994001&rendition_width=-1&device_hardware=exynos7885&device_manufacturer=samsung&platform=android-native-sdk&rendition_indicated_bps=127000&player_height=576&platform_version=6.9.0&rebuffering_seconds=1&event=video_engagement&rendition_mime_type=audio%2Fmp4&rendition_height=-1&forward_buffer_seconds=54&device_cpu=arm64-v8a&device_os=android&rebuffering_count=2&media_bytes_transferred=15594348&rendition_url=https%3A%2F%2Fbcboltuktv-a.akamaihd.net%2Fmedia%2Fv1%2Fdash%2Flive%2Fclear%2F1242911124001%2F1b84fd29-aeaf-492c-96ef-f8a144b5d1e8%2F4ac6d6cc-1366-4abf-8e40-3ca53d9c6224%2Finit.m4f%3Fakamai_token%3Dexp%3D1577393381%7Eacl%3D%2Fmedia%2Fv1%2Fdash%2Flive%2Fclear%2F1242911124001%2F1b84fd29-aeaf-492c-96ef-f8a144b5d1e8%2F*%7Ehmac%3D62abd411b13893f61161c99887d0a890eaca629b5f501baaf24c21a30e0129f6&domain=videocloud&device_os_version=9&time=1574972262208&device=a40&user=53dbe1995dee4e7e&account=1242911124001&player_width=1024, headers: {}
2019-11-28 20:17:42.255 1574-1614/com.brightcove.player.samples.exoplayer.basic I/System.out: (HTTPLog)-Static: isSBSettingEnabled false
2019-11-28 20:17:42.256 1574-1614/com.brightcove.player.samples.exoplayer.basic I/System.out: (HTTPLog)-Static: isSBSettingEnabled false
2019-11-28 20:17:42.281 1574-1614/com.brightcove.player.samples.exoplayer.basic D/HttpService: response: GIF89a,D;
2019-11-28 20:17:42.281 1574-1614/com.brightcove.player.samples.exoplayer.basic D/HttpService: code: 200
2019-11-28 20:17:42.281 1574-1614/com.brightcove.player.samples.exoplayer.basic D/HttpService: message: OK
2019-11-28 20:17:42.304 4295-1663/? D/WifiPermissionsUtil: canAccessScanResults: pkgName = android, uid = 1000
2019-11-28 20:17:42.306 4295-1663/? D/WifiConnectivityMonitor.DnsPingerHandler: #1 GW MAC address found in ARP table.1 msec.
2019-11-28 20:17:42.307 4295-1663/? D/NetworkManagementSocketTagger: tagSocket(432) with statsTag=0xffffff42, statsUid=-1
2019-11-28 20:17:42.407 4295-4468/? D/WifiTrafficPoller: TrafficStats TxPkts=76131 RxPkts=191974 TxBytes=5705685 RxBytes=266421704 , Foreground uid=10201 pkgName=com.brightcove.player.samples.exoplayer.basic TxPackets=56344 RxPackets=119044 TxBytes=3400469 RxBytes=177367867
2019-11-28 20:17:42.409 4604-4604/? D/SecStatusBarWifiView: updateState: WifiIconState(resId=2131232619, visible=true, activityId=2131232625)
2019-11-28 20:17:42.515 4295-1663/? D/WifiConnectivityMonitor.DnsThread:  [|207]
2019-11-28 20:17:42.516 4295-4529/? D/WifiConnectivityMonitor: DNS resultType : 0, responseTime : 207
2019-11-28 20:17:42.758 15000-15084/? I/cr_BindingManager: Release moderate connections: 1
2019-11-28 20:17:43.415 4604-4604/? D/SecStatusBarWifiView: updateState: WifiIconState(resId=2131232619, visible=true, activityId=2131232624)
2019-11-28 20:17:43.452 4295-4469/? D/WifiStateMachine: enter getWifiLinkLayerStats
2019-11-28 20:17:43.453 4295-4469/? I/WifiVendorHal: getWifiLinkLayerStats(l.2973) before calling iface.getLinkLayerStats
2019-11-28 20:17:43.454 3847-3847/? I/android.hardware.wifi@1.0-service: enter getLinkLayerStats
2019-11-28 20:17:43.454 3847-3847/? I/android.hardware.wifi@1.0-service: enter getLinkLayerStatsInternal
2019-11-28 20:17:43.464 3847-3847/? I/android.hardware.wifi@1.0-service: Successfully getLinkLayerStats.
2019-11-28 20:17:43.465 4295-4469/? I/WifiVendorHal: getWifiLinkLayerStats(l.2973) after calling iface.getLinkLayerStats
2019-11-28 20:17:43.479 4295-4469/? I/WifiStateMachine: checkScoreBasedQuality -  mPreviousScore[0]:68 mPreviousScore[1]:70 mPreviousScore[2]:71 s2Score:71mPrevoiusScoreAverage:69
2019-11-28 20:17:44.417 4604-4604/? D/SecStatusBarWifiView: updateState: WifiIconState(resId=2131232619, visible=true, activityId=2131232644)
2019-11-28 20:17:44.762 4295-4326/? D/PowerManagerService: UserActivityState : 2 -> 4
2019-11-28 20:17:44.762 4295-4326/? I/PowerManagerService: [PWL] On : 12332836 (64924 ms ago)
2019-11-28 20:17:44.762 4295-4326/? I/PowerManagerService: [PWL]  mStayOn: false  mWakeLockSummary & WAKE_LOCK_STAY_AWAKE: 20  mUserActivitySummary: 0x4
2019-11-28 20:17:44.762 4295-4326/? I/PowerManagerService: [PWL]  SCREEN_BRIGHT_WAKE_LOCK        'WindowManager' ON_AFTER_RELEASE ACQ=-10s815ms (uid=1000 pid=4295 ws=WorkSource{10201})
2019-11-28 20:17:44.989 5613-5973/? D/SDHMS:s: SIOP:: AP:164(251,70) BAT:238(238,0) CHG:266(266,0) USB:0(0,0) PA:-86(-200,50) ATC:0(0,-999) 
2019-11-28 20:17:45.035 3866-3866/? I/SurfaceFlinger: SFWD update time=12398033445131
2019-11-28 20:17:45.633 3843-4398/? I/Sensors: [AMS] lux : 7, cam_lux : -1, result_lux : 7, brightness: 20, cam_on: 0
2019-11-28 20:17:46.423 5379-5379/? D/io_stats: !@ 179,0 r 105032 6348914 w 72889 1043476 d 6058 295312 f 22516 38269 iot 112632 94662 th 51200 0 0 pt 0 inp 0 0 12399.419
2019-11-28 20:17:46.481 4295-4469/? D/WifiStateMachine: enter getWifiLinkLayerStats
2019-11-28 20:17:46.481 4295-4469/? I/WifiVendorHal: getWifiLinkLayerStats(l.2973) before calling iface.getLinkLayerStats
2019-11-28 20:17:46.482 3847-3847/? I/android.hardware.wifi@1.0-service: enter getLinkLayerStats
2019-11-28 20:17:46.482 3847-3847/? I/android.hardware.wifi@1.0-service: enter getLinkLayerStatsInternal
2019-11-28 20:17:46.488 3847-3847/? I/android.hardware.wifi@1.0-service: Successfully getLinkLayerStats.
2019-11-28 20:17:46.489 4295-4469/? I/WifiVendorHal: getWifiLinkLayerStats(l.2973) after calling iface.getLinkLayerStats
2019-11-28 20:17:46.503 4295-4469/? I/WifiStateMachine: checkScoreBasedQuality -  mPreviousScore[0]:70 mPreviousScore[1]:71 mPreviousScore[2]:71 s2Score:71mPrevoiusScoreAverage:70
2019-11-28 20:17:48.449 4604-4795/? D/NetworkController.MobileSignalController(0/-2): onSignalStrengthsChanged signalStrength=SignalStrength: 12 99 -120 -200 -120 -200 -1 0 2147483647 2147483647 2147483647 2147483647 0 2147483647 12 32 -88 0x3 P gsm|lte use_rsrp_and_rssnr_for_lte_level  [-128, -118, -108, -98] [-115, -105, -95, -85] level=3
2019-11-28 20:17:48.450 4604-4795/? D/NetworkController.MobileSignalController(0/-2): getMobileIconGroup(): 0
2019-11-28 20:17:48.456 4604-4604/? D/SecStatusBarMobileView: updateState: MobileIconState(subId=-2, strengthId=2131232487, roaming=false, typeId=0, roamingId=0, activityId=0, visible=true, imsIconVisible=false, imsIconDescription=)
2019-11-28 20:17:49.503 4295-4469/? D/WifiStateMachine: enter getWifiLinkLayerStats
2019-11-28 20:17:49.504 4295-4469/? I/WifiVendorHal: getWifiLinkLayerStats(l.2973) before calling iface.getLinkLayerStats
2019-11-28 20:17:49.505 3847-3847/? I/android.hardware.wifi@1.0-service: enter getLinkLayerStats
2019-11-28 20:17:49.505 3847-3847/? I/android.hardware.wifi@1.0-service: enter getLinkLayerStatsInternal
2019-11-28 20:17:49.516 3847-3847/? I/android.hardware.wifi@1.0-service: Successfully getLinkLayerStats.
2019-11-28 20:17:49.517 4295-4469/? I/WifiVendorHal: getWifiLinkLayerStats(l.2973) after calling iface.getLinkLayerStats
2019-11-28 20:17:49.526 4295-4469/? I/WifiStateMachine: checkScoreBasedQuality -  mPreviousScore[0]:71 mPreviousScore[1]:71 mPreviousScore[2]:71 s2Score:71mPrevoiusScoreAverage:71
2019-11-28 20:17:50.284 3843-3843/? I/Sensors: [AMS] lux : 8, cam_lux : -1, result_lux : 8, brightness: 20, cam_on: 0
2019-11-28 20:17:50.830 4295-4401/? D/SensorService: [SO] 0.049 0.274 9.805
2019-11-28 20:17:51.239 4295-4878/? D/WifiPermissionsUtil: canAccessScanResults: pkgName = com.sec.android.sdhms, uid = 1000
2019-11-28 20:17:51.428 5379-5379/? D/io_stats: !@ 179,0 r 105032 6348914 w 72893 1043556 d 6060 295340 f 22516 38273 iot 112636 94671 th 51200 0 0 pt 0 inp 0 0 12404.425
2019-11-28 20:17:51.959 3862-4055/? V/APM_AudioPolicyManager: getAudioPolicyConfig: audioParam;outDevice
2019-11-28 20:17:51.960 3862-4055/? V/APM_AudioPolicyManager: getNewOutputDevice() selected device 2
2019-11-28 20:17:51.960 3862-4055/? V/APM_AudioPolicyManager: ### curdevice : 2
2019-11-28 20:17:52.228 4295-4878/? D/ConnectivityService: filterNetworkStateForUid() uid: 10201, pid: 1574
2019-11-28 20:17:52.228 4295-4878/? D/ConnectivityService: filterNetworkStateForUid() uid: 10201, pid: 1574, networkInfo: [type: WIFI[], state: CONNECTED/CONNECTED, reason: (unspecified), extra: (none), failover: false, available: true, roaming: false]
2019-11-28 20:17:52.253 1574-1615/com.brightcove.player.samples.exoplayer.basic D/HttpService: issuing GET request: https://metrics.brightcove.com/v2/tracker?video_name=Non-DRM+Test+Asset+05+%28Taskmaster+S1E1%29&video_duration=2688&device_product=a40eea&device_model=SM-A405FN&session=4f92aca6-ad71-4e26-a93e-cf864ed8a94d&destination=bcsdk%3A%2F%2FExoPlayer+Sample+App%2Fcom.brightcove.player.samples.exoplayer.basic&range=9..18&measured_bps=16583992&device_type=mobile&video=5988320994001&rendition_width=-1&device_hardware=exynos7885&device_manufacturer=samsung&platform=android-native-sdk&rendition_indicated_bps=127000&player_height=576&platform_version=6.9.0&rebuffering_seconds=0&event=video_engagement&rendition_mime_type=audio%2Fmp4&rendition_height=-1&forward_buffer_seconds=54&device_cpu=arm64-v8a&device_os=android&rebuffering_count=0&media_bytes_transferred=15594348&rendition_url=https%3A%2F%2Fbcboltuktv-a.akamaihd.net%2Fmedia%2Fv1%2Fdash%2Flive%2Fclear%2F1242911124001%2F1b84fd29-aeaf-492c-96ef-f8a144b5d1e8%2F4ac6d6cc-1366-4abf-8e40-3ca53d9c6224%2Finit.m4f%3Fakamai_token%3Dexp%3D1577393381%7Eacl%3D%2Fmedia%2Fv1%2Fdash%2Flive%2Fclear%2F1242911124001%2F1b84fd29-aeaf-492c-96ef-f8a144b5d1e8%2F*%7Ehmac%3D62abd411b13893f61161c99887d0a890eaca629b5f501baaf24c21a30e0129f6&domain=videocloud&device_os_version=9&time=1574972272222&device=a40&user=53dbe1995dee4e7e&account=1242911124001&player_width=1024, headers: {}
2019-11-28 20:17:52.262 1574-1615/com.brightcove.player.samples.exoplayer.basic I/System.out: (HTTPLog)-Static: isSBSettingEnabled false
2019-11-28 20:17:52.262 1574-1615/com.brightcove.player.samples.exoplayer.basic I/System.out: (HTTPLog)-Static: isSBSettingEnabled false
2019-11-28 20:17:52.296 1574-1615/com.brightcove.player.samples.exoplayer.basic D/HttpService: response: GIF89a,D;
2019-11-28 20:17:52.297 1574-1615/com.brightcove.player.samples.exoplayer.basic D/HttpService: code: 200
2019-11-28 20:17:52.297 1574-1615/com.brightcove.player.samples.exoplayer.basic D/HttpService: message: OK
2019-11-28 20:17:52.472 4295-4468/? D/WifiTrafficPoller: TrafficStats TxPkts=76133 RxPkts=191977 TxBytes=5707261 RxBytes=266422187 , Foreground uid=10201 pkgName=com.brightcove.player.samples.exoplayer.basic TxPackets=56346 RxPackets=119046 TxBytes=3402045 RxBytes=177368278
2019-11-28 20:17:52.474 4604-4604/? D/SecStatusBarWifiView: updateState: WifiIconState(resId=2131232619, visible=true, activityId=2131232625)
2019-11-28 20:17:52.527 4295-4469/? D/WifiStateMachine: enter getWifiLinkLayerStats
2019-11-28 20:17:52.527 4295-4469/? I/WifiVendorHal: getWifiLinkLayerStats(l.2973) before calling iface.getLinkLayerStats
2019-11-28 20:17:52.528 3847-3847/? I/android.hardware.wifi@1.0-service: enter getLinkLayerStats
2019-11-28 20:17:52.528 3847-3847/? I/android.hardware.wifi@1.0-service: enter getLinkLayerStatsInternal
2019-11-28 20:17:52.530 3847-3847/? I/android.hardware.wifi@1.0-service: Successfully getLinkLayerStats.
2019-11-28 20:17:52.531 4295-4469/? I/WifiVendorHal: getWifiLinkLayerStats(l.2973) after calling iface.getLinkLayerStats
2019-11-28 20:17:52.537 4295-4469/? I/WifiStateMachine: checkScoreBasedQuality -  mPreviousScore[0]:71 mPreviousScore[1]:71 mPreviousScore[2]:71 s2Score:71mPrevoiusScoreAverage:71
2019-11-28 20:17:53.479 4604-4604/? D/SecStatusBarWifiView: updateState: WifiIconState(resId=2131232619, visible=true, activityId=2131232624)
2019-11-28 20:17:54.763 4295-4326/? I/PowerManagerService: [PWL] On : 12332836 (74925 ms ago)
2019-11-28 20:17:54.763 4295-4326/? I/PowerManagerService: [PWL]  mStayOn: false  mWakeLockSummary & WAKE_LOCK_STAY_AWAKE: 20  mUserActivitySummary: 0x4
2019-11-28 20:17:54.763 4295-4326/? I/PowerManagerService: [PWL]  SCREEN_BRIGHT_WAKE_LOCK        'WindowManager' ON_AFTER_RELEASE ACQ=-20s815ms (uid=1000 pid=4295 ws=WorkSource{10201})
2019-11-28 20:17:54.949 3843-3843/? I/Sensors: [AMS] lux : 8, cam_lux : -1, result_lux : 8, brightness: 20, cam_on: 0
2019-11-28 20:17:55.061 5613-5973/? D/SDHMS:s: SIOP:: AP:165(248,70) BAT:238(238,0) CHG:267(267,0) USB:0(0,0) PA:-84(246,50) ATC:0(0,-999) 
2019-11-28 20:17:55.485 4604-4604/? D/SecStatusBarWifiView: updateState: WifiIconState(resId=2131232619, visible=true, activityId=2131232644)
2019-11-28 20:17:55.538 4295-4469/? D/WifiStateMachine: enter getWifiLinkLayerStats
2019-11-28 20:17:55.538 4295-4469/? I/WifiVendorHal: getWifiLinkLayerStats(l.2973) before calling iface.getLinkLayerStats
2019-11-28 20:17:55.539 3847-3847/? I/android.hardware.wifi@1.0-service: enter getLinkLayerStats
2019-11-28 20:17:55.539 3847-3847/? I/android.hardware.wifi@1.0-service: enter getLinkLayerStatsInternal
2019-11-28 20:17:55.549 3847-3847/? I/android.hardware.wifi@1.0-service: Successfully getLinkLayerStats.
2019-11-28 20:17:55.550 4295-4469/? I/WifiVendorHal: getWifiLinkLayerStats(l.2973) after calling iface.getLinkLayerStats
2019-11-28 20:17:55.560 4295-4469/? I/WifiStateMachine: checkScoreBasedQuality -  mPreviousScore[0]:71 mPreviousScore[1]:71 mPreviousScore[2]:71 s2Score:71mPrevoiusScoreAverage:71
2019-11-28 20:17:56.435 5379-5379/? D/io_stats: !@ 179,0 r 105032 6348914 w 72908 1043620 d 6060 295340 f 22517 38274 iot 112636 94672 th 51200 0 0 pt 0 inp 0 0 12409.431
2019-11-28 20:17:57.213 4295-4440/? D/InputReader: Input event(8): value=1 when=12410.211012
2019-11-28 20:17:57.213 4295-4440/? I/InputReader: Touch event's action is 0x0 (deviceType=0) [pCnt=1, s=0.237 ] when=12410.211012
2019-11-28 20:17:57.214 4295-4439/? I/InputDispatcher: Delivering touch to (4604): action: 0x4, displayId: 0, 'c80c8cb', toolType: 1
2019-11-28 20:17:57.214 4295-4439/? I/InputDispatcher: Delivering touch to (4604): action: 0x4, displayId: 0, 'bcc09c7', toolType: 1
2019-11-28 20:17:57.214 4295-4439/? I/clp-JNI: Add pinfo end.  0
2019-11-28 20:17:57.214 4295-4439/? I/InputDispatcher: Delivering touch to (1574): action: 0x0, displayId: 0, '58def65', toolType: 1
2019-11-28 20:17:57.219 1574-1574/com.brightcove.player.samples.exoplayer.basic D/ViewRootImpl@bcb0c61[MainActivity]: ViewPostIme pointer 0
2019-11-28 20:17:57.220 4295-4439/? D/PowerManagerService: UserActivityState : 4 -> 1
2019-11-28 20:17:57.222 1574-1574/com.brightcove.player.samples.exoplayer.basic D/BrightcoveMediaController: Processing onTouch for view: com.brightcove.player.view.BrightcoveExoPlayerVideoView{46d7dfc VFE...C.. ........ 0,0-1080,840 #7f06000e app:id/brightcove_video_view}, with event: MotionEvent { action=ACTION_DOWN, actionButton=0, id[0]=0, x[0]=770.0, y[0]=397.0, toolType[0]=TOOL_TYPE_FINGER, buttonState=0, metaState=0, flags=0x0, edgeFlags=0x0, pointerCount=1, historySize=0, eventTime=12410211, downTime=12410211, deviceId=8, source=0x1002 }.
2019-11-28 20:17:57.222 1574-1574/com.brightcove.player.samples.exoplayer.basic D/BrightcoveMediaController: The control bar is hidden, show the media controls...
2019-11-28 20:17:57.222 1574-1574/com.brightcove.player.samples.exoplayer.basic I/BaseVideoView: onTouchEvent
2019-11-28 20:17:57.223 1574-1574/com.brightcove.player.samples.exoplayer.basic D/BrightcoveMediaController: Setting the visibility on the player controls...
2019-11-28 20:17:57.226 1574-1574/com.brightcove.player.samples.exoplayer.basic D/BrightcoveMediaController: The video is not live.
2019-11-28 20:17:57.226 1574-1574/com.brightcove.player.samples.exoplayer.basic D/BrightcoveMediaController: The video does not have DVR support.
2019-11-28 20:17:57.227 1574-1574/com.brightcove.player.samples.exoplayer.basic W/BrightcoveMediaController: View ProgressTime has not been handled.  It will be visible.
2019-11-28 20:17:57.228 1574-1574/com.brightcove.player.samples.exoplayer.basic V/LiveButtonController: getVisibilityState: isLive = false
2019-11-28 20:17:57.229 1574-1574/com.brightcove.player.samples.exoplayer.basic D/BrightcoveShowHideController: Showing the media controls.  They will be hidden in 3000 milliseconds using animation style: FADE.
2019-11-28 20:17:57.234 1574-1574/com.brightcove.player.samples.exoplayer.basic D/MainActivity: showMediaControls { }
2019-11-28 20:17:57.235 1574-1574/com.brightcove.player.samples.exoplayer.basic D/BrightcoveShowHideController: Showing the media controls.  They will be hidden in 3000 milliseconds using animation style: FADE.
2019-11-28 20:17:57.252 1574-1574/com.brightcove.player.samples.exoplayer.basic D/MainActivity: didShowMediaControls { controlsHeight: 336 }
2019-11-28 20:17:57.253 1574-1574/com.brightcove.player.samples.exoplayer.basic D/MainActivity: didShowMediaControls { controlsHeight: 336 }
2019-11-28 20:17:57.297 4295-4440/? D/InputReader: Input event(8): value=0 when=12410.295965
2019-11-28 20:17:57.298 4295-4440/? I/InputReader: Touch event's action is 0x1 (deviceType=0) [pCnt=1, s=] when=12410.295965
2019-11-28 20:17:57.298 4295-4439/? I/clp-JNI: Add pinfo.  (channel) 58def65 com.brightcove.player.samples.exoplayer.basic/com.brightcove.player.samples.exoplayer.basic.MainActivity (server) (pkg) AppWindowToken{4d87382 token=Token{cd78ecd ActivityRecord{5be2c64 u0 com.brightcove.player.samples.exoplayer.basic/.MainActivity t301}}} 1574 10201 (action) 1
2019-11-28 20:17:57.298 4295-4439/? I/clp-JNI: Add pinfo end.  1
2019-11-28 20:17:57.298 4295-4439/? I/InputDispatcher: Delivering touch to (1574): action: 0x1, displayId: 0, '58def65', toolType: 1
2019-11-28 20:17:57.298 1574-1574/com.brightcove.player.samples.exoplayer.basic D/ViewRootImpl@bcb0c61[MainActivity]: ViewPostIme pointer 1
2019-11-28 20:17:57.447 4604-4795/? D/NetworkController.MobileSignalController(0/-2): onSignalStrengthsChanged signalStrength=SignalStrength: 11 99 -120 -200 -120 -200 -1 99 2147483647 2147483647 2147483647 2147483647 0 2147483647 11 30 -90 0x3 P gsm|lte use_rsrp_and_rssnr_for_lte_level  [-128, -118, -108, -98] [-115, -105, -95, -85] level=3
2019-11-28 20:17:57.448 4604-4795/? D/NetworkController.MobileSignalController(0/-2): getMobileIconGroup(): 0
2019-11-28 20:17:57.520 6403-6524/? D/ContactsProvider_EventLog: contents_sample_state: [CONTACT contacts(0) data(0) accounts({}) accounts deleted({}) calls([]) countryIso(GB) userId(0)  ]
    contents_sample_state: [ agr({})  ]
    contents_sample_state: [ actCnt({android.process.acore(6403)=1})  ]
    contents_sample_state: [PROFILE contacts(0) data(0) accounts({})  ] [SAPROFILE contacts(0) data(0) accounts({})  ]
    contents_sample_state: [STORAGE Contacts(CE) Profile(CE) SAProfile(CE) CallLog(CE)  ]
2019-11-28 20:17:58.370 3826-3879/? D/Netd: notify() code: 614, msg: Address updated fdaa:bbcc:ddee:0:7d28:3b58:337b:2322/64 wlan0 0 0
2019-11-28 20:17:58.370 3826-3879/? D/Netd: notify() code: 614, msg: Address updated fdaa:bbcc:ddee:0:fd0f:8b5e:8c29:e462/64 wlan0 1 0
2019-11-28 20:17:58.518 4295-4468/? D/WifiTrafficPoller: TrafficStats TxPkts=76133 RxPkts=191984 TxBytes=5707261 RxBytes=266424314 , Foreground uid=10201 pkgName=com.brightcove.player.samples.exoplayer.basic TxPackets=56346 RxPackets=119046 TxBytes=3402045 RxBytes=177368278
2019-11-28 20:17:58.519 4604-4604/? D/SecStatusBarWifiView: updateState: WifiIconState(resId=2131232619, visible=true, activityId=2131232624)
2019-11-28 20:17:58.560 4295-4469/? D/WifiStateMachine: enter getWifiLinkLayerStats
2019-11-28 20:17:58.561 4295-4469/? I/WifiVendorHal: getWifiLinkLayerStats(l.2973) before calling iface.getLinkLayerStats
2019-11-28 20:17:58.561 3847-3847/? I/android.hardware.wifi@1.0-service: enter getLinkLayerStats
2019-11-28 20:17:58.561 3847-3847/? I/android.hardware.wifi@1.0-service: enter getLinkLayerStatsInternal
2019-11-28 20:17:58.563 3847-3847/? I/android.hardware.wifi@1.0-service: Successfully getLinkLayerStats.
2019-11-28 20:17:58.563 4295-4469/? I/WifiVendorHal: getWifiLinkLayerStats(l.2973) after calling iface.getLinkLayerStats
2019-11-28 20:17:58.574 4295-4469/? I/WifiStateMachine: checkScoreBasedQuality -  mPreviousScore[0]:71 mPreviousScore[1]:71 mPreviousScore[2]:71 s2Score:71mPrevoiusScoreAverage:71
2019-11-28 20:17:59.474 3843-4398/? I/Sensors: [AMS] lux : 8, cam_lux : -1, result_lux : 8, brightness: 20, cam_on: 0
2019-11-28 20:17:59.525 4604-4604/? D/SecStatusBarWifiView: updateState: WifiIconState(resId=2131232619, visible=true, activityId=2131232644)
2019-11-28 20:17:59.830 4295-4401/? D/SensorService: [SO] 0.038 0.271 9.834
2019-11-28 20:18:00.000 4295-4427/? D/SamsungAlarmManager: Expired : 8
2019-11-28 20:18:00.001 4295-4427/? V/SamsungAlarmManager: Sending to uid : 1000 action=android.intent.action.TIME_TICK alarm=Alarm{99af1b7 type 3 when 25178183 android}
2019-11-28 20:18:00.003 4295-4427/? V/SamsungAlarmManager: Sending to uid : 10094 action=com.samsung.action.EVERY_MINUTE_CLOCK_UPDATE alarm=Alarm{d9f508d type 1 when 1574972280000 com.sec.android.app.launcher}
2019-11-28 20:18:00.004 4295-4427/? I/SamsungAlarmManager: setLocked to kernel - T:2 / 20191128T202023, SetElapsed=25321806, nowELAPSED=25178187
2019-11-28 20:18:00.005 4295-4427/? I/SamsungAlarmManager: setLocked to kernel - T:3 / 20191128T201828, SetElapsed=25206638, nowELAPSED=25178188
2019-11-28 20:18:00.008 5722-5722/? I/LiveIconManager: onReceive: com.samsung.action.EVERY_MINUTE_CLOCK_UPDATE
2019-11-28 20:18:00.008 4295-4295/? D/SamsungAlarmManager: setExact Intent (T:3/F:1/AC:false) 20191128T201900 - CU:1000/CP:4295
2019-11-28 20:18:00.009 4295-4295/? I/SamsungAlarmManager: setLocked to kernel - T:2 / 20191128T202023, SetElapsed=25321806, nowELAPSED=25178192
2019-11-28 20:18:00.010 4295-4295/? I/SamsungAlarmManager: setLocked to kernel - T:3 / 20191128T201828, SetElapsed=25206638, nowELAPSED=25178193
2019-11-28 20:18:00.011 4295-4295/? V/AlarmManager: com.android.server.AlarmManagerServiceExt@6edb033
2019-11-28 20:18:00.012 4295-4295/? V/AlarmManagerEXT: <AppSync3 Whitelist>
2019-11-28 20:18:00.014 4295-4295/? V/AlarmManagerEXT: (AppSync) com.google.android.gms : 10800(10800)
2019-11-28 20:18:00.014 4295-4295/? V/AlarmManagerEXT: (AppSync) ### 1 added ###
2019-11-28 20:18:00.021 4295-4878/? D/SamsungAlarmManager: setInexact Intent (T:1/F:0/AC:false) 20191128T201900 - CU:10094/CP:5722
2019-11-28 20:18:00.022 4295-4878/? I/SamsungAlarmManager: setLocked to kernel - T:2 / 20191128T202023, SetElapsed=25321806, nowELAPSED=25178205
2019-11-28 20:18:00.022 4295-4878/? I/SamsungAlarmManager: setLocked to kernel - T:3 / 20191128T201828, SetElapsed=25206638, nowELAPSED=25178205
2019-11-28 20:18:00.023 4604-4604/? D/KeyguardUpdateMonitor: handleTimeUpdate
2019-11-28 20:18:00.030 4604-4604/? D/QSClockBellTower: He is ready to ring the bell. (((timeText:20:18, skipUpdateForDemo:false, dateText:Thu 28 November)))
2019-11-28 20:18:00.031 4604-4604/? D/QSClock: status_bar_clock notifyTimeChanged(currentTime:20:18) mClockVisibleByPolicy:true, mClockVisibleByUser:true, visible?true, parent:android.widget.LinearLayout{29b7134 V.E...... ......ID 0,0-123,86 #7f0a02e5 app:id/left_clock_container}
2019-11-28 20:18:00.031 4604-4604/? D/QSClockBellTower: Everyone heard the bell. run(currentTime:1574972280030,   getTime():Thu Nov 28 20:18:00 GMT 2019,   getTimeZone():libcore.util.ZoneInfo[id="Europe/London",mRawOffset=0,mEarliestRawOffset=0,mUseDst=true,mDstSavings=3600000,transitions=242])
2019-11-28 20:18:00.049 4604-4604/? D/PhoneStatusBarView: isCenterDisplayCutOut: true
2019-11-28 20:18:00.051 4604-4604/? D/PhoneStatusBarView: isCenterDisplayCutOut: true
2019-11-28 20:18:00.057 4295-4837/? D/WifiPermissionsUtil: canAccessScanResults: pkgName = com.google.android.gms, uid = 10037
2019-11-28 20:18:00.059 4604-4604/? I/StackScroller: ADJUST STACK.TRANSLATION
2019-11-28 20:18:00.059 4604-4604/? D/KeyguardCutout: getSidePadding 0
2019-11-28 20:18:00.060 4604-4604/? I/StackScroller: ADJUST STACK.TRANSLATION
2019-11-28 20:18:00.061 4604-4604/? I/chatty: uid=10017(com.sec.android.easyonehand) com.android.systemui identical 1 line
2019-11-28 20:18:00.082 4604-4604/? I/StackScroller: ADJUST STACK.TRANSLATION
2019-11-28 20:18:00.082 4604-4604/? D/KeyguardCutout: getSidePadding 0
2019-11-28 20:18:00.085 4604-4604/? I/StackScroller: ADJUST STACK.TRANSLATION
2019-11-28 20:18:00.085 4604-4604/? I/StackScroller: ADJUST STACK.TRANSLATION
2019-11-28 20:18:00.237 1574-1574/com.brightcove.player.samples.exoplayer.basic D/MainActivity: didHideMediaControls { }
2019-11-28 20:18:01.033 4604-4604/? D/PhoneStatusBarView: LayoutBugDetector.isOverlappedNotiIconBrothers() 1:nowNotiIconStatusBarIconView(slot=com.google.android.googlequicksearchbox/0x91a4b514 icon=StatusBarIcon(icon=Icon(typ=RESOURCE pkg=com.google.android.googlequicksearchbox id=0x7f0804fd) visible user=0 ) notification=StatusBarNotification(pkg=com.google.android.googlequicksearchbox user=UserHandle{0} id=-1851476716 tag=n key=0|com.google.android.googlequicksearchbox|-1851476716|n|10097: Notification(channel=30 pri=0 contentView=null vibrate=null sound=null tick defaults=0x0 flags=0x118 color=0xff4285f4 vis=PRIVATE semFlags=0x0 semPriority=0 semMissedCount=0)))
2019-11-28 20:18:01.034 4604-4604/? D/PhoneStatusBarView: LayoutBugDetector tries to fix this jungle-like situation...clockEllipsisBug:false, notiInvadeBug:true, notiIconsOverlap:true, statIconHole:false, notiIconHole:false, batteryIconHole:true
2019-11-28 20:18:01.036 4604-4604/? D/SecStatusBarIconBugDetector_null:     # recursiveIsLayoutRequested(), isLayoutRequested:false, StatusBarIconView(slot=com.sec.android.daemonapp/0x132a icon=StatusBarIcon(icon=Icon(typ=RESOURCE pkg=com.sec.android.daemonapp id=0x7f0801c5) visible user=0 ) notification=StatusBarNotification(pkg=com.sec.android.daemonapp user=UserHandle{0} id=4906 tag=null key=0|com.sec.android.daemonapp|4906|null|10161: Notification(channel=weather.notification.normal pri=0 contentView=null vibrate=null sound=null tick defaults=0x0 flags=0x10 color=0xff4297ff vis=PRIVATE semFlags=0x0 semPriority=0 semMissedCount=0)))
2019-11-28 20:18:01.036 4604-4604/? D/SecStatusBarIconBugDetector_null:     # recursiveIsLayoutRequested(), isLayoutRequested:false, com.android.systemui.statusbar.phone.NotificationIconContainer{b5d5e1b V.E...... ........ 0,0-307,86 #7f0a0394 app:id/notificationIcons}
2019-11-28 20:18:01.037 4604-4604/? D/SecStatusBarIconBugDetector_null:     # recursiveIsLayoutRequested(), isLayoutRequested:false, com.android.keyguard.AlphaOptimizedLinearLayout{d4f7bb8 V.E...... ........ 0,0-307,86 #7f0a03a3 app:id/notification_icon_area_inner}
2019-11-28 20:18:01.037 4604-4604/? D/SecStatusBarIconBugDetector_null:     # recursiveIsLayoutRequested(), isLayoutRequested:false, com.android.systemui.statusbar.AlphaOptimizedFrameLayout{933902a V.E...... ........ 123,0-450,86 #7f0a03a2 app:id/notification_icon_area}
2019-11-28 20:18:01.037 4604-4604/? D/SecStatusBarIconBugDetector_null:     # recursiveIsLayoutRequested(), isLayoutRequested:false, android.widget.LinearLayout{87fe846 V.E...... ........ 0,0-450,86 #7f0a0593 app:id/status_bar_left_side}
2019-11-28 20:18:01.037 4604-4604/? D/SecStatusBarIconBugDetector_null:     # recursiveIsLayoutRequested(), isLayoutRequested:false, android.widget.FrameLayout{ad9ed91 V.E...... ........ 66,1-516,87}
2019-11-28 20:18:01.037 4604-4604/? D/SecStatusBarIconBugDetector_null:     # recursiveIsLayoutRequested(), isLayoutRequested:false, android.widget.LinearLayout{45284f6 V.E...... ........ 0,0-1080,86 #7f0a0590 app:id/status_bar_contents}
2019-11-28 20:18:01.037 4604-4604/? D/SecStatusBarIconBugDetector_null:     # recursiveIsLayoutRequested(), isLayoutRequested:false, android.widget.FrameLayout{7e9c0f7 V.E...... ........ 0,0-1080,86 #7f0a058e app:id/status_bar_area}
2019-11-28 20:18:01.038 4604-4604/? D/SecStatusBarIconBugDetector_null:     # recursiveIsLayoutRequested(), isLayoutRequested:true, com.android.systemui.statusbar.phone.PhoneStatusBarView{d5c9b64 V.E...... ......I. 0,0-1080,86 #7f0a058d app:id/status_bar}
2019-11-28 20:18:01.038 4604-4604/? D/SecStatusBarIconBugDetector_null:     # recursiveIsLayoutRequested(), isLayoutRequested:true, android.widget.FrameLayout{b1ed1cd V.E...... ......I. 0,0-1080,86 #7f0a058f app:id/status_bar_container}
2019-11-28 20:18:01.038 4604-4604/? D/SecStatusBarIconBugDetector_null:     # recursiveIsLayoutRequested(), isLayoutRequested:true, com.android.systemui.statusbar.phone.StatusBarWindowView{36f25a8 V.ED..... ......I. 0,0-1080,86}
2019-11-28 20:18:01.038 4604-4604/? D/SecStatusBarIconBugDetector_null:     # recursiveIsLayoutRequested( END ) << parent is ViewRootImpl
2019-11-28 20:18:01.040 4604-4604/? D/SecStatusBarIconBugDetector_null:     # recursiveIsLayoutRequested(), isLayoutRequested:false, StatusBarIconView(slot=com.google.android.googlequicksearchbox/0x91a4b514 icon=StatusBarIcon(icon=Icon(typ=RESOURCE pkg=com.google.android.googlequicksearchbox id=0x7f0804fd) visible user=0 ) notification=StatusBarNotification(pkg=com.google.android.googlequicksearchbox user=UserHandle{0} id=-1851476716 tag=n key=0|com.google.android.googlequicksearchbox|-1851476716|n|10097: Notification(channel=30 pri=0 contentView=null vibrate=null sound=null tick defaults=0x0 flags=0x118 color=0xff4285f4 vis=PRIVATE semFlags=0x0 semPriority=0 semMissedCount=0)))
2019-11-28 20:18:01.040 4604-4604/? D/SecStatusBarIconBugDetector_null:     # recursiveIsLayoutRequested(), isLayoutRequested:true, com.android.systemui.statusbar.phone.NotificationIconContainer{b5d5e1b V.E...... ......I. 0,0-307,86 #7f0a0394 app:id/notificationIcons}
2019-11-28 20:18:01.041 4604-4604/? D/SecStatusBarIconBugDetector_null:     # recursiveIsLayoutRequested(), isLayoutRequested:true, com.android.keyguard.AlphaOptimizedLinearLayout{d4f7bb8 V.E...... ......I. 0,0-307,86 #7f0a03a3 app:id/notification_icon_area_inner}
2019-11-28 20:18:01.041 4604-4604/? D/SecStatusBarIconBugDetector_null:     # recursiveIsLayoutRequested(), isLayoutRequested:true, com.android.systemui.statusbar.AlphaOptimizedFrameLayout{933902a V.E...... ......I. 123,0-450,86 #7f0a03a2 app:id/notification_icon_area}
2019-11-28 20:18:01.041 4604-4604/? D/SecStatusBarIconBugDetector_null:     # recursiveIsLayoutRequested(), isLayoutRequested:true, android.widget.LinearLayout{87fe846 V.E...... ......I. 0,0-450,86 #7f0a0593 app:id/status_bar_left_side}
2019-11-28 20:18:01.046 4604-4604/? D/SecStatusBarIconBugDetector_null:     # recursiveIsLayoutRequested(), isLayoutRequested:true, android.widget.FrameLayout{ad9ed91 V.E...... ......I. 66,1-516,87}
2019-11-28 20:18:01.046 4604-4604/? D/SecStatusBarIconBugDetector_null:     # recursiveIsLayoutRequested(), isLayoutRequested:true, android.widget.LinearLayout{45284f6 V.E...... ......I. 0,0-1080,86 #7f0a0590 app:id/status_bar_contents}
2019-11-28 20:18:01.046 4604-4604/? D/SecStatusBarIconBugDetector_null:     # recursiveIsLayoutRequested(), isLayoutRequested:true, android.widget.FrameLayout{7e9c0f7 V.E...... ......I. 0,0-1080,86 #7f0a058e app:id/status_bar_area}
2019-11-28 20:18:01.046 4604-4604/? D/SecStatusBarIconBugDetector_null:     # recursiveIsLayoutRequested(), isLayoutRequested:true, com.android.systemui.statusbar.phone.PhoneStatusBarView{d5c9b64 V.E...... ......I. 0,0-1080,86 #7f0a058d app:id/status_bar}
2019-11-28 20:18:01.047 4604-4604/? D/SecStatusBarIconBugDetector_null:     # recursiveIsLayoutRequested(), isLayoutRequested:true, android.widget.FrameLayout{b1ed1cd V.E...... ......I. 0,0-1080,86 #7f0a058f app:id/status_bar_container}
2019-11-28 20:18:01.047 4604-4604/? D/SecStatusBarIconBugDetector_null:     # recursiveIsLayoutRequested(), isLayoutRequested:true, com.android.systemui.statusbar.phone.StatusBarWindowView{36f25a8 V.ED..... ......I. 0,0-1080,86}
2019-11-28 20:18:01.047 4604-4604/? D/SecStatusBarIconBugDetector_null:     # recursiveIsLayoutRequested( END ) << parent is ViewRootImpl
2019-11-28 20:18:01.049 4604-4604/? D/SecStatusBarIconBugDetector_null:     # recursiveIsLayoutRequested(), isLayoutRequested:true, StatusBarIconView(slot=com.sec.android.daemonapp/0x132a icon=StatusBarIcon(icon=Icon(typ=RESOURCE pkg=com.sec.android.daemonapp id=0x7f0801c5) visible user=0 ) notification=StatusBarNotification(pkg=com.sec.android.daemonapp user=UserHandle{0} id=4906 tag=null key=0|com.sec.android.daemonapp|4906|null|10161: Notification(channel=weather.notification.normal pri=0 contentView=null vibrate=null sound=null tick defaults=0x0 flags=0x10 color=0xff4297ff vis=PRIVATE semFlags=0x0 semPriority=0 semMissedCount=0)))
2019-11-28 20:18:01.050 4604-4604/? D/SecStatusBarIconBugDetector_null:     # recursiveIsLayoutRequested(), isLayoutRequested:true, com.android.systemui.statusbar.phone.NotificationIconContainer{b5d5e1b V.E...... ......I. 0,0-307,86 #7f0a0394 app:id/notificationIcons}
2019-11-28 20:18:01.050 4604-4604/? D/SecStatusBarIconBugDetector_null:     # recursiveIsLayoutRequested(), isLayoutRequested:true, com.android.keyguard.AlphaOptimizedLinearLayout{d4f7bb8 V.E...... ......I. 0,0-307,86 #7f0a03a3 app:id/notification_icon_area_inner}
2019-11-28 20:18:01.050 4604-4604/? D/SecStatusBarIconBugDetector_null:     # recursiveIsLayoutRequested(), isLayoutRequested:true, com.android.systemui.statusbar.AlphaOptimizedFrameLayout{933902a V.E...... ......I. 123,0-450,86 #7f0a03a2 app:id/notification_icon_area}
2019-11-28 20:18:01.050 4604-4604/? D/SecStatusBarIconBugDetector_null:     # recursiveIsLayoutRequested(), isLayoutRequested:true, android.widget.LinearLayout{87fe846 V.E...... ......I. 0,0-450,86 #7f0a0593 app:id/status_bar_left_side}
2019-11-28 20:18:01.050 4604-4604/? D/SecStatusBarIconBugDetector_null:     # recursiveIsLayoutRequested(), isLayoutRequested:true, android.widget.FrameLayout{ad9ed91 V.E...... ......I. 66,1-516,87}
2019-11-28 20:18:01.050 4604-4604/? D/SecStatusBarIconBugDetector_null:     # recursiveIsLayoutRequested(), isLayoutRequested:true, android.widget.LinearLayout{45284f6 V.E...... ......I. 0,0-1080,86 #7f0a0590 app:id/status_bar_contents}
2019-11-28 20:18:01.050 4604-4604/? D/SecStatusBarIconBugDetector_null:     # recursiveIsLayoutRequested(), isLayoutRequested:true, android.widget.FrameLayout{7e9c0f7 V.E...... ......I. 0,0-1080,86 #7f0a058e app:id/status_bar_area}
2019-11-28 20:18:01.050 4604-4604/? D/SecStatusBarIconBugDetector_null:     # recursiveIsLayoutRequested(), isLayoutRequested:true, com.android.systemui.statusbar.phone.PhoneStatusBarView{d5c9b64 V.E...... ......I. 0,0-1080,86 #7f0a058d app:id/status_bar}
2019-11-28 20:18:01.051 4604-4604/? D/SecStatusBarIconBugDetector_null:     # recursiveIsLayoutRequested(), isLayoutRequested:true, android.widget.FrameLayout{b1ed1cd V.E...... ......I. 0,0-1080,86 #7f0a058f app:id/status_bar_container}
2019-11-28 20:18:01.051 4604-4604/? D/SecStatusBarIconBugDetector_null:     # recursiveIsLayoutRequested(), isLayoutRequested:true, com.android.systemui.statusbar.phone.StatusBarWindowView{36f25a8 V.ED..... ......I. 0,0-1080,86}
2019-11-28 20:18:01.051 4604-4604/? D/SecStatusBarIconBugDetector_null:     # recursiveIsLayoutRequested( END ) << parent is ViewRootImpl
2019-11-28 20:18:01.052 4604-4604/? D/SecStatusBarIconBugDetector_null:     # recursiveIsLayoutRequested(), isLayoutRequested:true, StatusBarIconView(slot=com.google.android.googlequicksearchbox/0x91a4b514 icon=StatusBarIcon(icon=Icon(typ=RESOURCE pkg=com.google.android.googlequicksearchbox id=0x7f0804fd) visible user=0 ) notification=StatusBarNotification(pkg=com.google.android.googlequicksearchbox user=UserHandle{0} id=-1851476716 tag=n key=0|com.google.android.googlequicksearchbox|-1851476716|n|10097: Notification(channel=30 pri=0 contentView=null vibrate=null sound=null tick defaults=0x0 flags=0x118 color=0xff4285f4 vis=PRIVATE semFlags=0x0 semPriority=0 semMissedCount=0)))
2019-11-28 20:18:01.052 4604-4604/? D/SecStatusBarIconBugDetector_null:     # recursiveIsLayoutRequested(), isLayoutRequested:true, com.android.systemui.statusbar.phone.NotificationIconContainer{b5d5e1b V.E...... ......I. 0,0-307,86 #7f0a0394 app:id/notificationIcons}
2019-11-28 20:18:01.053 4604-4604/? D/SecStatusBarIconBugDetector_null:     # recursiveIsLayoutRequested(), isLayoutRequested:true, com.android.keyguard.AlphaOptimizedLinearLayout{d4f7bb8 V.E...... ......I. 0,0-307,86 #7f0a03a3 app:id/notification_icon_area_inner}
2019-11-28 20:18:01.053 4604-4604/? D/SecStatusBarIconBugDetector_null:     # recursiveIsLayoutRequested(), isLayoutRequested:true, com.android.systemui.statusbar.AlphaOptimizedFrameLayout{933902a V.E...... ......I. 123,0-450,86 #7f0a03a2 app:id/notification_icon_area}
2019-11-28 20:18:01.053 4604-4604/? D/SecStatusBarIconBugDetector_null:     # recursiveIsLayoutRequested(), isLayoutRequested:true, android.widget.LinearLayout{87fe846 V.E...... ......I. 0,0-450,86 #7f0a0593 app:id/status_bar_left_side}
2019-11-28 20:18:01.053 4604-4604/? D/SecStatusBarIconBugDetector_null:     # recursiveIsLayoutRequested(), isLayoutRequested:true, android.widget.FrameLayout{ad9ed91 V.E...... ......I. 66,1-516,87}
2019-11-28 20:18:01.053 4604-4604/? D/SecStatusBarIconBugDetector_null:     # recursiveIsLayoutRequested(), isLayoutRequested:true, android.widget.LinearLayout{45284f6 V.E...... ......I. 0,0-1080,86 #7f0a0590 app:id/status_bar_contents}
2019-11-28 20:18:01.053 4604-4604/? D/SecStatusBarIconBugDetector_null:     # recursiveIsLayoutRequested(), isLayoutRequested:true, android.widget.FrameLayout{7e9c0f7 V.E...... ......I. 0,0-1080,86 #7f0a058e app:id/status_bar_area}
2019-11-28 20:18:01.053 4604-4604/? D/SecStatusBarIconBugDetector_null:     # recursiveIsLayoutRequested(), isLayoutRequested:true, com.android.systemui.statusbar.phone.PhoneStatusBarView{d5c9b64 V.E...... ......I. 0,0-1080,86 #7f0a058d app:id/status_bar}
2019-11-28 20:18:01.053 4604-4604/? D/SecStatusBarIconBugDetector_null:     # recursiveIsLayoutRequested(), isLayoutRequested:true, android.widget.FrameLayout{b1ed1cd V.E...... ......I. 0,0-1080,86 #7f0a058f app:id/status_bar_container}
2019-11-28 20:18:01.053 4604-4604/? D/SecStatusBarIconBugDetector_null:     # recursiveIsLayoutRequested(), isLayoutRequested:true, com.android.systemui.statusbar.phone.StatusBarWindowView{36f25a8 V.ED..... ......I. 0,0-1080,86}
2019-11-28 20:18:01.055 4604-4604/? D/SecStatusBarIconBugDetector_null:     # recursiveIsLayoutRequested( END ) << parent is ViewRootImpl
2019-11-28 20:18:01.055 4604-4604/? D/SecStatusBarIconBugDetector_null:     # recursiveIsLayoutRequested(), isLayoutRequested:false, com.android.systemui.BatteryMeterView{377a87a V.E...... ........ 159,0-183,86 #7f0a009e app:id/battery}
2019-11-28 20:18:01.055 4604-4604/? D/SecStatusBarIconBugDetector_null:     # recursiveIsLayoutRequested(), isLayoutRequested:false, android.widget.LinearLayout{199fa82 V.E...... ........ 267,0-450,86 #7f0a05b0 app:id/system_icons}
2019-11-28 20:18:01.056 4604-4604/? D/SecStatusBarIconBugDetector_null:     # recursiveIsLayoutRequested(), isLayoutRequested:false, com.android.keyguard.AlphaOptimizedLinearLayout{fbc8c21 V.E...... ........ 564,1-1014,87 #7f0a05af app:id/system_icon_area}
2019-11-28 20:18:01.056 4604-4604/? D/SecStatusBarIconBugDetector_null:     # recursiveIsLayoutRequested(), isLayoutRequested:true, android.widget.LinearLayout{45284f6 V.E...... ......I. 0,0-1080,86 #7f0a0590 app:id/status_bar_contents}
2019-11-28 20:18:01.056 4604-4604/? D/SecStatusBarIconBugDetector_null:     # recursiveIsLayoutRequested(), isLayoutRequested:true, android.widget.FrameLayout{7e9c0f7 V.E...... ......I. 0,0-1080,86 #7f0a058e app:id/status_bar_area}
2019-11-28 20:18:01.056 4604-4604/? D/SecStatusBarIconBugDetector_null:     # recursiveIsLayoutRequested(), isLayoutRequested:true, com.android.systemui.statusbar.phone.PhoneStatusBarView{d5c9b64 V.E...... ......I. 0,0-1080,86 #7f0a058d app:id/status_bar}
2019-11-28 20:18:01.056 4604-4604/? D/SecStatusBarIconBugDetector_null:     # recursiveIsLayoutRequested(), isLayoutRequested:true, android.widget.FrameLayout{b1ed1cd V.E...... ......I. 0,0-1080,86 #7f0a058f app:id/status_bar_container}
2019-11-28 20:18:01.056 4604-4604/? D/SecStatusBarIconBugDetector_null:     # recursiveIsLayoutRequested(), isLayoutRequested:true, com.android.systemui.statusbar.phone.StatusBarWindowView{36f25a8 V.ED..... ......I. 0,0-1080,86}
2019-11-28 20:18:01.056 4604-4604/? D/SecStatusBarIconBugDetector_null:     # recursiveIsLayoutRequested( END ) << parent is ViewRootImpl
2019-11-28 20:18:01.061 4604-4604/? D/PhoneStatusBarView: isCenterDisplayCutOut: true
2019-11-28 20:18:01.062 4604-4604/? D/PhoneStatusBarView: isCenterDisplayCutOut: true
2019-11-28 20:18:01.269 4295-4837/? D/WifiPermissionsUtil: canAccessScanResults: pkgName = com.sec.android.sdhms, uid = 1000
2019-11-28 20:18:01.442 5379-5379/? D/io_stats: !@ 179,0 r 105032 6348914 w 72915 1043700 d 6060 295340 f 22517 38276 iot 112640 94677 th 51200 0 0 pt 0 inp 0 0 12414.438
2019-11-28 20:18:01.575 4295-4469/? D/WifiStateMachine: enter getWifiLinkLayerStats
2019-11-28 20:18:01.576 4295-4469/? I/WifiVendorHal: getWifiLinkLayerStats(l.2973) before calling iface.getLinkLayerStats
2019-11-28 20:18:01.576 3847-3847/? I/android.hardware.wifi@1.0-service: enter getLinkLayerStats
