2019-11-28 20:21:11.859 4295-4878/? I/SamsungAlarmManager: setLocked to kernel - T:2 / 20191128T202137, SetElapsed=25395712, nowELAPSED=25370042
2019-11-28 20:21:11.859 4295-4878/? D/SamsungAlarmManager: setInexact Listener (T:2/F:0/AC:false) 20191128T202845 - CU:1000/CP:4295
2019-11-28 20:21:11.860 4295-4878/? I/SamsungAlarmManager: setLocked to kernel - T:2 / 20191128T202137, SetElapsed=25395712, nowELAPSED=25370042
2019-11-28 20:21:11.860 3866-3866/? I/SurfaceFlinger: Display 0 HWC layers:
        type    |    handle    | flag |  format   |   source crop (l,t,r,b)    |         frame       | name 
    ------------+--------------+------+-----------+----------------------------+---------------------+------
         Device | 0x7364e54580 | 0002 | RGBA_8888 |   0.0    0.0 1080.0 2295.0 |    0    0 1080 2295 | Splash Screen com.brightcove.player.samples.exoplayer.basic#0
         Device | 0x7364e53a20 | 0000 | RGBA_8888 |   0.0    0.0 1080.0   86.0 |    0    0 1080   86 | StatusBar[4604]#0
         Device | 0x7364e521a0 | 0000 | RGBA_8888 |   0.0    0.0 1080.0   45.0 |    0 2295 1080 2340 | NavigationBar[4604]#0
         Device | 0x7348a451c0 | 0000 | RGBA_8888 |   0.0    0.0 1080.0  340.0 |    0 2000 1080 2340 | NavbarGestureHandler[4604]#0
         Device | 0x7364e542e0 | 0000 | RGBA_8888 |   0.0    0.0 1080.0  164.0 |    0    0 1080  164 | ScreenDecorOverlay[4604]#0
         Device | 0x7364e52d00 | 0000 | RGBA_8888 |   0.0    0.0 1080.0  164.0 |    0 2176 1080 2340 | ScreenDecorOverlayBottom[4604]#0
2019-11-28 20:21:11.860 4295-5726/? D/SecContentProvider2: isCopyContactToSimAllowed = true
2019-11-28 20:21:11.860 3866-3866/? I/Layer: id=683 onRemoved Surface(name=AppWindowToken{97caba8 token=Token{8a297cb ActivityRecord{e016b45 u0 com.brightcove.player.samples.exoplayer.basic/.MainActivity t302}}})/@0xfa9054f - animation-leash#0 
2019-11-28 20:21:11.862 1816-1816/? I/Finsky: [2] tkh.a(37): Cancelling existing jobscheduler jobs: 9005 9000 9006 9004 
2019-11-28 20:21:11.864 1816-1816/? I/Finsky: [2] tkh.a(30): Scheduling job Id: 9001, L: 14080, D: 72486496, C: false, I: false, N: 1
2019-11-28 20:21:11.867 4295-4878/? D/ConnectivityService: filterNetworkStateForUid() uid: 10059, pid: 4295
2019-11-28 20:21:11.867 4295-4878/? D/ConnectivityService: filterNetworkStateForUid() uid: 10059, pid: 4295, networkInfo: [type: WIFI[], state: CONNECTED/CONNECTED, reason: (unspecified), extra: (none), failover: false, available: true, roaming: false]
2019-11-28 20:21:11.868 4295-4878/? I/SamsungAlarmManager: setLocked to kernel - T:2 / 20191128T203223, SetElapsed=26041894, nowELAPSED=25370051
2019-11-28 20:21:11.869 4295-4878/? I/SamsungAlarmManager: setLocked to kernel - T:3 / 20191128T202159, SetElapsed=25418182, nowELAPSED=25370052
2019-11-28 20:21:11.869 4295-4878/? D/SamsungAlarmManager: setInexact Listener (T:2/F:0/AC:false) 20191128T202125 - CU:1000/CP:4295
2019-11-28 20:21:11.870 4295-4878/? I/SamsungAlarmManager: setLocked to kernel - T:2 / 20191128T202125, SetElapsed=25384129, nowELAPSED=25370053
2019-11-28 20:21:11.871 4295-9517/? D/SecContentProvider2: query(), uri = 18 selection = isCopyContactToSimAllowed
2019-11-28 20:21:11.872 1816-1816/? I/Finsky: [2] tkh.a(30): Scheduling job Id: 9002, L: 2326609, D: 1298326609, C: false, I: true, N: 2
2019-11-28 20:21:11.872 4295-9517/? D/SecContentProvider2: isCopyContactToSimAllowed = true
2019-11-28 20:21:11.873 4295-8104/? D/ConnectivityService: filterNetworkStateForUid() uid: 10059, pid: 4295
2019-11-28 20:21:11.873 4295-8104/? D/ConnectivityService: filterNetworkStateForUid() uid: 10059, pid: 4295, networkInfo: [type: WIFI[], state: CONNECTED/CONNECTED, reason: (unspecified), extra: (none), failover: false, available: true, roaming: false]
2019-11-28 20:21:11.874 4295-8104/? D/SecContentProvider2: query(), uri = 18 selection = isCopyContactToSimAllowed
2019-11-28 20:21:11.875 4295-8104/? D/SecContentProvider2: isCopyContactToSimAllowed = true
2019-11-28 20:21:11.875 1816-1816/? I/Finsky: [2] tkh.a(30): Scheduling job Id: 9003, L: 0, D: 86396864, C: true, I: true, N: 2
2019-11-28 20:21:11.879 4295-5840/? D/ConnectivityService: filterNetworkStateForUid() uid: 10059, pid: 4295
2019-11-28 20:21:11.879 4295-5840/? D/ConnectivityService: filterNetworkStateForUid() uid: 10059, pid: 4295, networkInfo: [type: WIFI[], state: CONNECTED/CONNECTED, reason: (unspecified), extra: (none), failover: false, available: true, roaming: false]
2019-11-28 20:21:11.880 1816-1816/? I/Finsky: [2] tkh.a(30): Scheduling job Id: 9007, L: 25912, D: 55912, C: false, I: false, N: 0
2019-11-28 20:21:11.882 4295-5726/? I/SamsungAlarmManager: setLocked to kernel - T:2 / 20191128T202125, SetElapsed=25384129, nowELAPSED=25370065
2019-11-28 20:21:11.883 4295-5726/? D/SamsungAlarmManager: setInexact Listener (T:2/F:0/AC:false) 20191128T202207 - CU:1000/CP:4295
2019-11-28 20:21:11.883 4295-5726/? I/SamsungAlarmManager: setLocked to kernel - T:2 / 20191128T202125, SetElapsed=25384129, nowELAPSED=25370066
2019-11-28 20:21:11.883 4295-5840/? D/SecContentProvider2: query(), uri = 18 selection = isCopyContactToSimAllowed
2019-11-28 20:21:11.884 4295-5840/? D/SecContentProvider2: isCopyContactToSimAllowed = true
2019-11-28 20:21:11.884 4295-5726/? D/SecContentProvider: query(), uri = 17 selection = isSettingsChangesAllowed
2019-11-28 20:21:11.884 4295-5726/? D/SecContentProvider: called from com.samsung.android.uid.dialer:10066
2019-11-28 20:21:11.884 4295-5726/? D/RestrictionPolicy: isSettingsChangesAllowedAsUser, userId 0 : true
2019-11-28 20:21:11.887 4295-4878/? D/SecContentProvider2: query(), uri = 18 selection = isCopyContactToSimAllowed
2019-11-28 20:21:11.887 4295-5726/? D/SecContentProvider2: query(), uri = 18 selection = isCopyContactToSimAllowed
2019-11-28 20:21:11.888 4295-4878/? D/SecContentProvider2: isCopyContactToSimAllowed = true
2019-11-28 20:21:11.889 4295-5726/? D/SecContentProvider2: isCopyContactToSimAllowed = true
2019-11-28 20:21:11.891 4295-5726/? W/BroadcastQueue: Background execution not allowed: receiving Intent { act=android.intent.action.PACKAGE_REMOVED dat=package:com.brightcove.player.samples.exoplayer.basic flg=0x4000010 (has extras) } to com.samsung.android.game.gamehome/.receiver.PackageChangedReceiver
2019-11-28 20:21:11.893 4295-4803/? I/SemMdnieManagerService: setContentMode : 0
2019-11-28 20:21:11.893 4295-4803/? V/MdnieScenarioControlService: Calling MdnieManager API(setContentMode(0))
2019-11-28 20:21:11.894 4295-4803/? D/SemDisplaySolutionManagerService: uid : 1000 , pid : 4295 , name : hdr_effect_off
2019-11-28 20:21:11.894 4295-4803/? D/SemDisplaySolutionManagerService: where : application what : DEFAULT setScreenBrightnessScaleFactor(-1.0)
2019-11-28 20:21:11.894 4295-4803/? D/PowerManagerService: [api] setScreenBrightnessScaleFactor: scaleFactor: -1.0 (uid: 1000 pid: 4295)
2019-11-28 20:21:11.894 4295-4803/? D/SemDisplaySolutionManagerService: Normal Mode setMultipleScreenBrightness , application, DEFAULT, -1.0
2019-11-28 20:21:11.894 4295-4803/? V/MdnieScenarioControlService: Calling SemDisplaySolutionManager API(setMultipleScreenBrightness(0)
2019-11-28 20:21:11.894 4295-4803/? V/MdnieScenarioControlService: setUIMode from UI function
2019-11-28 20:21:11.902 4295-8104/? D/SecContentProvider2: query(), uri = 18 selection = isCopyContactToSimAllowed
2019-11-28 20:21:11.922 4295-4313/? W/BroadcastQueue: Background execution not allowed: receiving Intent { act=android.intent.action.PACKAGE_REMOVED dat=package:com.brightcove.player.samples.exoplayer.basic flg=0x4000010 (has extras) } to android/com.kddi.android.CpaNotiReceiver
2019-11-28 20:21:11.923 4295-4878/? D/SecContentProvider: query(), uri = 17 selection = isSettingsChangesAllowed
2019-11-28 20:21:11.923 4295-4878/? D/SecContentProvider: called from com.samsung.android.messaging
2019-11-28 20:21:11.923 4295-8104/? D/SecContentProvider2: isCopyContactToSimAllowed = true
2019-11-28 20:21:11.923 4295-4878/? D/RestrictionPolicy: isSettingsChangesAllowedAsUser, userId 0 : true
2019-11-28 20:21:11.925 4295-4313/? W/BroadcastQueue: Background execution not allowed: receiving Intent { act=android.intent.action.PACKAGE_REMOVED dat=package:com.brightcove.player.samples.exoplayer.basic flg=0x4000010 (has extras) } to com.android.vending/com.google.android.finsky.packagemanager.impl.PackageMonitorReceiverImpl$RegisteredReceiver
2019-11-28 20:21:11.927 4295-4313/? W/BroadcastQueue: Background execution not allowed: receiving Intent { act=android.intent.action.PACKAGE_REMOVED dat=package:com.brightcove.player.samples.exoplayer.basic flg=0x4000010 (has extras) } to com.android.vending/com.google.android.finsky.instantapps.appmanagement.InstantAppRemoveMonitor
2019-11-28 20:21:11.928 4295-4313/? W/BroadcastQueue: Background execution not allowed: receiving Intent { act=android.intent.action.PACKAGE_REMOVED dat=package:com.brightcove.player.samples.exoplayer.basic flg=0x4000010 (has extras) } to com.dti.samsung/com.LogiaGroup.LogiaDeck.Receivers.UninstallBroadCastReceiver
2019-11-28 20:21:11.929 4295-4313/? W/BroadcastQueue: Background execution not allowed: receiving Intent { act=android.intent.action.PACKAGE_REMOVED dat=package:com.brightcove.player.samples.exoplayer.basic flg=0x4000010 (has extras) } to com.google.android.gms/.games.chimera.GamesSystemBroadcastReceiverProxy
2019-11-28 20:21:11.930 4295-4313/? W/BroadcastQueue: Background execution not allowed: receiving Intent { act=android.intent.action.PACKAGE_REMOVED dat=package:com.brightcove.player.samples.exoplayer.basic flg=0x4000010 (has extras) } to com.google.android.gms/.chimera.GmsIntentOperationService$PersistentTrustedReceiver
2019-11-28 20:21:11.930 4295-4313/? W/BroadcastQueue: Background execution not allowed: receiving Intent { act=android.intent.action.PACKAGE_REMOVED dat=package:com.brightcove.player.samples.exoplayer.basic flg=0x4000010 (has extras) } to com.google.android.googlequicksearchbox/com.google.android.apps.gsa.googlequicksearchbox.GelStubAppWatcher
2019-11-28 20:21:11.931 4295-4313/? W/BroadcastQueue: Background execution not allowed: receiving Intent { act=android.intent.action.PACKAGE_REMOVED dat=package:com.brightcove.player.samples.exoplayer.basic flg=0x4000010 (has extras) } to com.samsung.accessibility/.assistantmenu.AssistantMenuReceiver
2019-11-28 20:21:11.931 4295-4313/? W/BroadcastQueue: Background execution not allowed: receiving Intent { act=android.intent.action.PACKAGE_REMOVED dat=package:com.brightcove.player.samples.exoplayer.basic flg=0x4000010 (has extras) } to com.samsung.android.app.soundpicker/.HunReceiver
2019-11-28 20:21:11.932 4295-4992/? D/SecContentProvider2: query(), uri = 18 selection = isCopyContactToSimAllowed
2019-11-28 20:21:11.933 4295-4992/? D/SecContentProvider2: isCopyContactToSimAllowed = true
2019-11-28 20:21:11.934 4295-4313/? D/StorageManagerService: getExternalStorageMountMode : 1
2019-11-28 20:21:11.934 4295-4313/? D/StorageManagerService: getExternalStorageMountMode : 3
2019-11-28 20:21:11.934 4295-4313/? D/StorageManagerService: getExternalStorageMountMode : final mountMode=1, uid : 10149, packageName : com.samsung.android.app.watchmanagerstub
2019-11-28 20:21:11.934 4295-4313/? I/ApplicationPolicy: isApplicationExternalStorageWhitelisted:com.samsung.android.app.watchmanagerstub user:0
2019-11-28 20:21:11.934 4295-4313/? D/ApplicationPolicy: isApplicationExternalStorageWhitelisted: DO is not enabled on user 0. Allowed.
2019-11-28 20:21:11.935 4295-4313/? D/ActivityManager: package  com.samsung.android.app.watchmanagerstub, user - 0 is SDcard whitelisted
2019-11-28 20:21:11.935 4295-4313/? I/ApplicationPolicy: isApplicationExternalStorageBlacklisted:com.samsung.android.app.watchmanagerstub user:0
2019-11-28 20:21:11.935 4295-4313/? D/ApplicationPolicy: isApplicationExternalStorageBlacklisted: DO is not enabled on user 0. Allowed.
2019-11-28 20:21:11.935 4295-4313/? I/ApplicationPolicy: isApplicationExternalStorageBlacklisted:com.samsung.android.app.watchmanagerstub user:0
2019-11-28 20:21:11.935 4295-4313/? D/ApplicationPolicy: isApplicationExternalStorageBlacklisted: DO is not enabled on user 0. Allowed.
2019-11-28 20:21:11.940 4295-8104/? D/SecContentProvider2: query(), uri = 18 selection = isCopyContactToSimAllowed
2019-11-28 20:21:11.941 4295-8104/? D/SecContentProvider2: isCopyContactToSimAllowed = true
2019-11-28 20:21:11.955 2083-2083/? E/Zygote: isWhitelistProcess - Process is Whitelisted
2019-11-28 20:21:11.956 4295-4315/? I/ActivityManager: Start proc 2083:com.samsung.android.app.watchmanagerstub/u0a149 for broadcast com.samsung.android.app.watchmanagerstub/com.sec.android.applicationmgr.WMStubBroadCastReceiver
2019-11-28 20:21:11.957 2083-2083/? E/Zygote: accessInfo : 1
2019-11-28 20:21:11.964 1816-1841/? I/android.vendin: Waiting for a blocking GC ProfileSaver
2019-11-28 20:21:11.967 2083-2083/? E/atchmanagerstu: Not starting debugger since process cannot load the jdwp agent.
2019-11-28 20:21:11.975 5467-26226/? I/Icing: Usage reports ok 7, Failed Usage reports 0, indexed 0, rejected 0
2019-11-28 20:21:11.983 4295-9517/? I/ActivityManager: DSS on for com.samsung.android.app.watchmanagerstub and scale is 1.0
2019-11-28 20:21:11.987 4295-5740/? D/ConnectivityService: filterNetworkStateForUid() uid: 10037, pid: 5082
2019-11-28 20:21:11.987 4295-5740/? D/ConnectivityService: filterNetworkStateForUid() uid: 10037, pid: 5082, networkInfo: [type: WIFI[], state: CONNECTED/CONNECTED, reason: (unspecified), extra: (none), failover: false, available: true, roaming: false]
2019-11-28 20:21:11.992 1816-1841/? I/android.vendin: WaitForGcToComplete blocked ProfileSaver on ClassLinker for 27.524ms
2019-11-28 20:21:12.010 1816-1837/? I/android.vendin: ThreadFlipBegin blocked for 5.463ms
2019-11-28 20:21:12.018 4295-5740/? D/[a11y]: getUserAccounts0
2019-11-28 20:21:12.025 4295-5740/? D/ConnectivityService: filterNetworkStateForUid() uid: 10201, pid: 2016
2019-11-28 20:21:12.025 4295-5740/? D/ConnectivityService: filterNetworkStateForUid() uid: 10201, pid: 2016, networkInfo: [type: WIFI[], state: CONNECTED/CONNECTED, reason: (unspecified), extra: (none), failover: false, available: true, roaming: false]
2019-11-28 20:21:12.044 2016-2016/com.brightcove.player.samples.exoplayer.basic V/BaseVideoView: setLayoutParams: android.widget.FrameLayout$LayoutParams@4099a4f
2019-11-28 20:21:12.045 2083-2083/? I/atchmanagerstu: The ClassLoaderContext is a special shared library.
2019-11-28 20:21:12.051 2016-2016/com.brightcove.player.samples.exoplayer.basic W/BrightcovePlayer: This activity was not set to use Picture-in-Picture.
2019-11-28 20:21:12.057 5467-26226/? I/Icing: Usage reports ok 0, Failed Usage reports 0, indexed 0, rejected 0
2019-11-28 20:21:12.061 5467-26226/? I/Icing: Indexing com.google.android.gms-internal.3p:MobileApplication from com.google.android.gms using seqno 670
2019-11-28 20:21:12.064 5467-26226/? I/Icing: Indexing com.google.android.gms-internal.3p:MobileApplication from com.google.android.gms using seqno 670
2019-11-28 20:21:12.075 2083-2083/? D/WMStubBroadCastReceiver: onReceive::android.intent.action.PACKAGE_REMOVED
2019-11-28 20:21:12.075 2083-2083/? D/WMStubBroadCastReceiver: ACTION_PACKAGE_REMOVED : com.brightcove.player.samples.exoplayer.basic, upgrade : true
2019-11-28 20:21:12.077 2016-2016/com.brightcove.player.samples.exoplayer.basic V/BrightcovePlayer: onStart
2019-11-28 20:21:12.078 30984-30984/? I/securewifi: Receiver: onReceive - android.intent.action.PACKAGE_REMOVED
2019-11-28 20:21:12.080 2016-2016/com.brightcove.player.samples.exoplayer.basic V/BrightcovePlayer: onResume
2019-11-28 20:21:12.083 4295-5740/? W/BroadcastQueue: Background execution not allowed: receiving Intent { act=android.intent.action.PACKAGE_REMOVED dat=package:com.brightcove.player.samples.exoplayer.basic flg=0x4000010 (has extras) } to com.samsung.android.knox.containeragent/.KnoxPackageStateReceiver
2019-11-28 20:21:12.085 4295-4313/? W/BroadcastQueue: Background execution not allowed: receiving Intent { act=android.intent.action.PACKAGE_REMOVED dat=package:com.brightcove.player.samples.exoplayer.basic flg=0x4000010 (has extras) } to com.samsung.android.knox.containeragent/.settings.update.AppUpdateReceiver
2019-11-28 20:21:12.085 4295-4313/? W/BroadcastQueue: Background execution not allowed: receiving Intent { act=android.intent.action.PACKAGE_REMOVED dat=package:com.brightcove.player.samples.exoplayer.basic flg=0x4000010 (has extras) } to com.samsung.android.mateagent/.push.spp.SppDataClearReceiver
2019-11-28 20:21:12.086 2016-2016/com.brightcove.player.samples.exoplayer.basic D/EmergencyMode: [EmergencyManager] android createPackageContext successful
2019-11-28 20:21:12.087 4295-4313/? D/StorageManagerService: getExternalStorageMountMode : 3
2019-11-28 20:21:12.087 4295-4313/? D/StorageManagerService: getExternalStorageMountMode : 3
2019-11-28 20:21:12.088 4295-4313/? D/StorageManagerService: getExternalStorageMountMode : final mountMode=3, uid : 5009, packageName : com.samsung.android.scloud
2019-11-28 20:21:12.088 4295-4313/? I/ApplicationPolicy: isApplicationExternalStorageWhitelisted:com.samsung.android.scloud user:0
2019-11-28 20:21:12.088 4295-4313/? D/ApplicationPolicy: isApplicationExternalStorageWhitelisted: DO is not enabled on user 0. Allowed.
2019-11-28 20:21:12.088 4295-4313/? D/ActivityManager: package  com.samsung.android.scloud, user - 0 is SDcard whitelisted
2019-11-28 20:21:12.088 4295-4313/? I/ApplicationPolicy: isApplicationExternalStorageBlacklisted:com.samsung.android.scloud user:0
2019-11-28 20:21:12.088 4295-4313/? D/ApplicationPolicy: isApplicationExternalStorageBlacklisted: DO is not enabled on user 0. Allowed.
2019-11-28 20:21:12.088 4295-4313/? I/ApplicationPolicy: isApplicationExternalStorageBlacklisted:com.samsung.android.scloud user:0
2019-11-28 20:21:12.088 4295-4313/? D/ApplicationPolicy: isApplicationExternalStorageBlacklisted: DO is not enabled on user 0. Allowed.
2019-11-28 20:21:12.103 2016-2099/com.brightcove.player.samples.exoplayer.basic D/HttpService: issuing GET request: https://edge.api.brightcove.com/playback/v1/accounts/1242911124001/videos/6075307114001, headers: {BCOV-POLICY=BCpkADawqM0MGLiJr-pn3BrZwbW51j04jh4LUH12yk1h2gewA9na1xuYKawW0deuPXEb6dq0zxyScNrKJBxgTTZzrTHO8TDoJ1XKdpBWLQ395IFl4SJKZQeJ-x-c00K6Sb0GD3lwBlyjb-At}
2019-11-28 20:21:12.104 4295-4315/? I/ActivityManager: Start proc 2103:com.samsung.android.scloud/5009 for broadcast com.samsung.android.scloud/.common.SCloudSystemIntentReceiver
2019-11-28 20:21:12.106 2103-2103/? E/Zygote: isWhitelistProcess - Process is Whitelisted
2019-11-28 20:21:12.107 2103-2103/? E/Zygote: accessInfo : 1
2019-11-28 20:21:12.107 2016-2099/com.brightcove.player.samples.exoplayer.basic D/NetworkSecurityConfig: Using Network Security Config from resource network_security_config debugBuild: true
2019-11-28 20:21:12.112 4295-9517/? D/InputTransport: Input channel constructed: fd=551
2019-11-28 20:21:12.112 4295-9517/? D/InputTransport: Input channel constructed: fd=553
2019-11-28 20:21:12.114 2016-2099/com.brightcove.player.samples.exoplayer.basic I/System.out: (HTTPLog)-Static: isSBSettingEnabled false
2019-11-28 20:21:12.114 2016-2099/com.brightcove.player.samples.exoplayer.basic I/System.out: (HTTPLog)-Static: isSBSettingEnabled false
2019-11-28 20:21:12.114 3866-3866/? I/SurfaceFlinger: id=685 createSurf (4680x4680),2 flag=4, 3dde9fc com.brightcove.player.samples.exoplayer.basic/com.brightcove.player.samples.exoplayer.basic.MainActivity#0
2019-11-28 20:21:12.117 4295-9517/? D/InputTransport: Input channel destroyed: fd=553
2019-11-28 20:21:12.117 2016-2016/com.brightcove.player.samples.exoplayer.basic D/InputTransport: Input channel constructed: fd=64
2019-11-28 20:21:12.119 2016-2016/com.brightcove.player.samples.exoplayer.basic D/ViewRootImpl@bcb0c61[MainActivity]: setView = DecorView@b017675[MainActivity] TM=true MM=false
2019-11-28 20:21:12.119 3826-3884/? D/DnsProxyListener: DNSDBG::dns addrinfo af 0
2019-11-28 20:21:12.120 4295-4469/? D/WifiStateMachine: enter getWifiLinkLayerStats
2019-11-28 20:21:12.120 4295-4469/? I/WifiVendorHal: getWifiLinkLayerStats(l.2973) before calling iface.getLinkLayerStats
2019-11-28 20:21:12.120 3847-3847/? I/android.hardware.wifi@1.0-service: enter getLinkLayerStats
2019-11-28 20:21:12.120 3847-3847/? I/android.hardware.wifi@1.0-service: enter getLinkLayerStatsInternal
2019-11-28 20:21:12.122 3847-3847/? I/android.hardware.wifi@1.0-service: Successfully getLinkLayerStats.
2019-11-28 20:21:12.122 4295-4469/? I/WifiVendorHal: getWifiLinkLayerStats(l.2973) after calling iface.getLinkLayerStats
2019-11-28 20:21:12.123 2016-2016/com.brightcove.player.samples.exoplayer.basic D/MainActivity: version { buildVersion: 6.9.0 }
2019-11-28 20:21:12.123 2016-2016/com.brightcove.player.samples.exoplayer.basic D/MainActivity: toggleClosedCaptions { boolean: false }
2019-11-28 20:21:12.124 2016-2016/com.brightcove.player.samples.exoplayer.basic D/MainActivity: activityCreated { activity: com.brightcove.player.samples.exoplayer.basic.MainActivity@24b0d9d }
2019-11-28 20:21:12.124 2016-2016/com.brightcove.player.samples.exoplayer.basic V/MediaControlsVisibilityManager: Handling an ACTIVITY_CREATED event to (possibly) restore the media controls visibility state...
2019-11-28 20:21:12.124 2016-2016/com.brightcove.player.samples.exoplayer.basic V/MediaControlsVisibilityManager: No saved visibility state bundle found.  Restoration aborted.
2019-11-28 20:21:12.124 2016-2016/com.brightcove.player.samples.exoplayer.basic D/MainActivity: account { value: 1242911124001 }
2019-11-28 20:21:12.124 2016-2016/com.brightcove.player.samples.exoplayer.basic D/MainActivity: analyticsCatalogRequest { catalogUrl: https://edge.api.brightcove.com/playback/v1/accounts/1242911124001/videos/6075307114001 }
2019-11-28 20:21:12.125 4295-4469/? I/WifiStateMachine: checkScoreBasedQuality -  mPreviousScore[0]:74 mPreviousScore[1]:74 mPreviousScore[2]:74 s2Score:74mPrevoiusScoreAverage:74
2019-11-28 20:21:12.127 2103-2103/? E/.android.sclou: Not starting debugger since process cannot load the jdwp agent.
2019-11-28 20:21:12.136 2016-2099/com.brightcove.player.samples.exoplayer.basic D/NetworkManagementSocketTagger: tagSocket(62) with statsTag=0xffffffff, statsUid=-1
2019-11-28 20:21:12.145 4295-9517/? I/ActivityManager: DSS on for com.samsung.android.scloud and scale is 1.0
2019-11-28 20:21:12.149 4295-5740/? D/WifiPermissionsUtil: canAccessScanResults: pkgName = com.sec.android.sdhms, uid = 1000
2019-11-28 20:21:12.175 2103-2103/? I/.android.sclou: The ClassLoaderContext is a special shared library.
2019-11-28 20:21:12.178 2016-2016/com.brightcove.player.samples.exoplayer.basic I/exoplayer.basi: Rejecting re-init on previously-failed class java.lang.Class<io.requery.sql.ManagedTransaction>: java.lang.NoClassDefFoundError: Failed resolution of: Ljavax/transaction/Synchronization;
2019-11-28 20:21:12.178 2016-2016/com.brightcove.player.samples.exoplayer.basic I/exoplayer.basi:     at void io.requery.sql.TransactionProvider.<init>(io.requery.sql.RuntimeConfiguration) (TransactionProvider.java:26)
2019-11-28 20:21:12.178 2016-2016/com.brightcove.player.samples.exoplayer.basic I/exoplayer.basi:     at void io.requery.sql.EntityDataStore.<init>(io.requery.sql.Configuration) (EntityDataStore.java:159)
2019-11-28 20:21:12.178 2016-2016/com.brightcove.player.samples.exoplayer.basic I/exoplayer.basi:     at void com.brightcove.player.store.BaseStore.<init>(android.content.Context, io.requery.meta.EntityModel, java.lang.String, int) (BaseStore.java:117)
2019-11-28 20:21:12.178 2016-2016/com.brightcove.player.samples.exoplayer.basic I/exoplayer.basi:     at void com.brightcove.player.analytics.AnalyticsStore.<init>(android.content.Context) (AnalyticsStore.java:59)
2019-11-28 20:21:12.178 2016-2016/com.brightcove.player.samples.exoplayer.basic I/exoplayer.basi:     at com.brightcove.player.analytics.AnalyticsStore com.brightcove.player.analytics.AnalyticsStore.getInstance(android.content.Context) (AnalyticsStore.java:45)
2019-11-28 20:21:12.178 2016-2016/com.brightcove.player.samples.exoplayer.basic I/exoplayer.basi:     at void com.brightcove.player.analytics.DefaultAnalyticsHandler.<init>(android.content.Context) (DefaultAnalyticsHandler.java:123)
2019-11-28 20:21:12.178 2016-2016/com.brightcove.player.samples.exoplayer.basic I/exoplayer.basi:     at com.brightcove.player.analytics.DefaultAnalyticsHandler com.brightcove.player.analytics.DefaultAnalyticsHandler.getInstance(android.content.Context) (DefaultAnalyticsHandler.java:140)
2019-11-28 20:21:12.178 2016-2016/com.brightcove.player.samples.exoplayer.basic I/exoplayer.basi:     at void com.brightcove.player.analytics.AnalyticsClient.<init>(android.content.Context) (AnalyticsClient.java:277)
2019-11-28 20:21:12.178 2016-2016/com.brightcove.player.samples.exoplayer.basic I/exoplayer.basi:     at com.brightcove.player.analytics.AnalyticsClient com.brightcove.player.analytics.AnalyticsClient.getInstance(android.content.Context) (AnalyticsClient.java:48)
2019-11-28 20:21:12.178 2016-2016/com.brightcove.player.samples.exoplayer.basic I/exoplayer.basi:     at java.util.Map com.brightcove.player.analytics.Analytics.sendAnalyticsRequest(com.brightcove.player.event.Event, java.lang.String, java.util.Map) (Analytics.java:972)
2019-11-28 20:21:12.178 2016-2016/com.brightcove.player.samples.exoplayer.basic I/exoplayer.basi:     at void com.brightcove.player.analytics.Analytics.sendVideoAnalyticsRequest(com.brightcove.player.event.Event, java.lang.String, java.util.Map) (Analytics.java:878)
2019-11-28 20:21:12.178 2016-2016/com.brightcove.player.samples.exoplayer.basic I/exoplayer.basi:     at void com.brightcove.player.analytics.Analytics.access$400(com.brightcove.player.analytics.Analytics, com.brightcove.player.event.Event, java.lang.String, java.util.Map) (Analytics.java:114)
2019-11-28 20:21:12.178 2016-2016/com.brightcove.player.samples.exoplayer.basic I/exoplayer.basi:     at void com.brightcove.player.analytics.Analytics$7.processEvent(com.brightcove.player.event.Event) (Analytics.java:378)
2019-11-28 20:21:12.179 2016-2016/com.brightcove.player.samples.exoplayer.basic I/exoplayer.basi:     at void com.brightcove.player.event.EventEmitterImpl.invokeListenersForEventType(com.brightcove.player.event.Event, java.lang.String) (EventEmitterImpl.java:457)
2019-11-28 20:21:12.179 2016-2016/com.brightcove.player.samples.exoplayer.basic I/exoplayer.basi:     at void com.brightcove.player.event.EventEmitterImpl.invokeListenersForEvent(com.brightcove.player.event.Event) (EventEmitterImpl.java:428)
2019-11-28 20:21:12.179 2016-2016/com.brightcove.player.samples.exoplayer.basic I/exoplayer.basi:     at void com.brightcove.player.event.EventEmitterImpl.access$300(com.brightcove.player.event.EventEmitterImpl, com.brightcove.player.event.Event) (EventEmitterImpl.java:41)
2019-11-28 20:21:12.179 2016-2016/com.brightcove.player.samples.exoplayer.basic I/exoplayer.basi:     at void com.brightcove.player.event.EventEmitterImpl$1.handleMessage(android.os.Message) (EventEmitterImpl.java:73)
2019-11-28 20:21:12.179 2016-2016/com.brightcove.player.samples.exoplayer.basic I/exoplayer.basi:     at void android.os.Handler.dispatchMessage(android.os.Message) (Handler.java:106)
2019-11-28 20:21:12.179 2016-2016/com.brightcove.player.samples.exoplayer.basic I/exoplayer.basi:     at void android.os.Looper.loop() (Looper.java:214)
2019-11-28 20:21:12.179 2016-2016/com.brightcove.player.samples.exoplayer.basic I/exoplayer.basi:     at void android.app.ActivityThread.main(java.lang.String[]) (ActivityThread.java:7063)
2019-11-28 20:21:12.179 2016-2016/com.brightcove.player.samples.exoplayer.basic I/exoplayer.basi:     at java.lang.Object java.lang.reflect.Method.invoke(java.lang.Object, java.lang.Object[]) (Method.java:-2)
2019-11-28 20:21:12.179 2016-2016/com.brightcove.player.samples.exoplayer.basic I/exoplayer.basi:     at void com.android.internal.os.RuntimeInit$MethodAndArgsCaller.run() (RuntimeInit.java:493)
2019-11-28 20:21:12.179 2016-2016/com.brightcove.player.samples.exoplayer.basic I/exoplayer.basi:     at void com.android.internal.os.ZygoteInit.main(java.lang.String[]) (ZygoteInit.java:965)
2019-11-28 20:21:12.179 2016-2016/com.brightcove.player.samples.exoplayer.basic I/exoplayer.basi: Caused by: java.lang.ClassNotFoundException: Didn't find class "javax.transaction.Synchronization" on path: DexPathList[[zip file "/data/app/com.brightcove.player.samples.exoplayer.basic-D1dvGOVEku7FtBubi19SUQ==/base.apk"],nativeLibraryDirectories=[/data/app/com.brightcove.player.samples.exoplayer.basic-D1dvGOVEku7FtBubi19SUQ==/lib/arm64, /system/lib64]]
2019-11-28 20:21:12.179 2016-2016/com.brightcove.player.samples.exoplayer.basic I/exoplayer.basi:     at java.lang.Class dalvik.system.BaseDexClassLoader.findClass(java.lang.String) (BaseDexClassLoader.java:134)
2019-11-28 20:21:12.179 2016-2016/com.brightcove.player.samples.exoplayer.basic I/exoplayer.basi:     at java.lang.Class java.lang.ClassLoader.loadClass(java.lang.String, boolean) (ClassLoader.java:379)
2019-11-28 20:21:12.179 2016-2016/com.brightcove.player.samples.exoplayer.basic I/exoplayer.basi:     at java.lang.Class java.lang.ClassLoader.loadClass(java.lang.String) (ClassLoader.java:312)
2019-11-28 20:21:12.179 2016-2016/com.brightcove.player.samples.exoplayer.basic I/exoplayer.basi:     at void io.requery.sql.TransactionProvider.<init>(io.requery.sql.RuntimeConfiguration) (TransactionProvider.java:26)
2019-11-28 20:21:12.179 2016-2016/com.brightcove.player.samples.exoplayer.basic I/exoplayer.basi:     at void io.requery.sql.EntityDataStore.<init>(io.requery.sql.Configuration) (EntityDataStore.java:159)
2019-11-28 20:21:12.179 2016-2016/com.brightcove.player.samples.exoplayer.basic I/exoplayer.basi:     at void com.brightcove.player.store.BaseStore.<init>(android.content.Context, io.requery.meta.EntityModel, java.lang.String, int) (BaseStore.java:117)
2019-11-28 20:21:12.179 2016-2016/com.brightcove.player.samples.exoplayer.basic I/exoplayer.basi:     at void com.brightcove.player.analytics.AnalyticsStore.<init>(android.content.Context) (AnalyticsStore.java:59)
2019-11-28 20:21:12.179 2016-2016/com.brightcove.player.samples.exoplayer.basic I/exoplayer.basi:     at com.brightcove.player.analytics.AnalyticsStore com.brightcove.player.analytics.AnalyticsStore.getInstance(android.content.Context) (AnalyticsStore.java:45)
2019-11-28 20:21:12.179 2016-2016/com.brightcove.player.samples.exoplayer.basic I/exoplayer.basi:     at void com.brightcove.player.analytics.DefaultAnalyticsHandler.<init>(android.content.Context) (DefaultAnalyticsHandler.java:123)
2019-11-28 20:21:12.179 2016-2016/com.brightcove.player.samples.exoplayer.basic I/exoplayer.basi:     at com.brightcove.player.analytics.DefaultAnalyticsHandler com.brightcove.player.analytics.DefaultAnalyticsHandler.getInstance(android.content.Context) (DefaultAnalyticsHandler.java:140)
2019-11-28 20:21:12.179 2016-2016/com.brightcove.player.samples.exoplayer.basic I/exoplayer.basi:     at void com.brightcove.player.analytics.AnalyticsClient.<init>(android.content.Context) (AnalyticsClient.java:277)
2019-11-28 20:21:12.179 2016-2016/com.brightcove.player.samples.exoplayer.basic I/exoplayer.basi:     at com.brightcove.player.analytics.AnalyticsClient com.brightcove.player.analytics.AnalyticsClient.getInstance(android.content.Context) (AnalyticsClient.java:48)
2019-11-28 20:21:12.179 2016-2016/com.brightcove.player.samples.exoplayer.basic I/exoplayer.basi:     at java.util.Map com.brightcove.player.analytics.Analytics.sendAnalyticsRequest(com.brightcove.player.event.Event, java.lang.String, java.util.Map) (Analytics.java:972)
2019-11-28 20:21:12.179 2016-2016/com.brightcove.player.samples.exoplayer.basic I/exoplayer.basi:     at void com.brightcove.player.analytics.Analytics.sendVideoAnalyticsRequest(com.brightcove.player.event.Event, java.lang.String, java.util.Map) (Analytics.java:878)
2019-11-28 20:21:12.179 2016-2016/com.brightcove.player.samples.exoplayer.basic I/exoplayer.basi:     at void com.brightcove.player.analytics.Analytics.access$400(com.brightcove.player.analytics.Analytics, com.brightcove.player.event.Event, java.lang.String, java.util.Map) (Analytics.java:114)
2019-11-28 20:21:12.179 2016-2016/com.brightcove.player.samples.exoplayer.basic I/exoplayer.basi:     at void com.brightcove.player.analytics.Analytics$7.processEvent(com.brightcove.player.event.Event) (Analytics.java:378)
2019-11-28 20:21:12.179 2016-2016/com.brightcove.player.samples.exoplayer.basic I/exoplayer.basi:     at void com.brightcove.player.event.EventEmitterImpl.invokeListenersForEventType(com.brightcove.player.event.Event, java.lang.String) (EventEmitterImpl.java:457)
2019-11-28 20:21:12.179 2016-2016/com.brightcove.player.samples.exoplayer.basic I/exoplayer.basi:     at void com.brightcove.player.event.EventEmitterImpl.invokeListenersForEvent(com.brightcove.player.event.Event) (EventEmitterImpl.java:428)
2019-11-28 20:21:12.179 2016-2016/com.brightcove.player.samples.exoplayer.basic I/exoplayer.basi:     at void com.brightcove.player.event.EventEmitterImpl.access$300(com.brightcove.player.event.EventEmitterImpl, com.brightcove.player.event.Event) (EventEmitterImpl.java:41)
2019-11-28 20:21:12.179 2016-2016/com.brightcove.player.samples.exoplayer.basic I/exoplayer.basi:     at void com.brightcove.player.event.EventEmitterImpl$1.handleMessage(android.os.Message) (EventEmitterImpl.java:73)
2019-11-28 20:21:12.179 2016-2016/com.brightcove.player.samples.exoplayer.basic I/exoplayer.basi:     at void android.os.Handler.dispatchMessage(android.os.Message) (Handler.java:106)
2019-11-28 20:21:12.179 2016-2016/com.brightcove.player.samples.exoplayer.basic I/exoplayer.basi:     at void android.os.Looper.loop() (Looper.java:214)
2019-11-28 20:21:12.179 2016-2016/com.brightcove.player.samples.exoplayer.basic I/exoplayer.basi:     at void android.app.ActivityThread.main(java.lang.String[]) (ActivityThread.java:7063)
2019-11-28 20:21:12.179 2016-2016/com.brightcove.player.samples.exoplayer.basic I/exoplayer.basi:     at java.lang.Object java.lang.reflect.Method.invoke(java.lang.Object, java.lang.Object[]) (Method.java:-2)
2019-11-28 20:21:12.179 2016-2016/com.brightcove.player.samples.exoplayer.basic I/exoplayer.basi:     at void com.android.internal.os.RuntimeInit$MethodAndArgsCaller.run() (RuntimeInit.java:493)
2019-11-28 20:21:12.179 2016-2016/com.brightcove.player.samples.exoplayer.basic I/exoplayer.basi:     at void com.android.internal.os.ZygoteInit.main(java.lang.String[]) (ZygoteInit.java:965)
2019-11-28 20:21:12.179 2016-2016/com.brightcove.player.samples.exoplayer.basic I/exoplayer.basi: Rejecting re-init on previously-failed class java.lang.Class<io.requery.sql.ManagedTransaction>: java.lang.NoClassDefFoundError: Failed resolution of: Ljavax/transaction/Synchronization;
2019-11-28 20:21:12.179 2016-2016/com.brightcove.player.samples.exoplayer.basic I/exoplayer.basi:     at void io.requery.sql.TransactionProvider.<init>(io.requery.sql.RuntimeConfiguration) (TransactionProvider.java:26)
2019-11-28 20:21:12.179 2016-2016/com.brightcove.player.samples.exoplayer.basic I/exoplayer.basi:     at void io.requery.sql.EntityDataStore.<init>(io.requery.sql.Configuration) (EntityDataStore.java:159)
2019-11-28 20:21:12.179 2016-2016/com.brightcove.player.samples.exoplayer.basic I/exoplayer.basi:     at void com.brightcove.player.store.BaseStore.<init>(android.content.Context, io.requery.meta.EntityModel, java.lang.String, int) (BaseStore.java:117)
2019-11-28 20:21:12.179 2016-2016/com.brightcove.player.samples.exoplayer.basic I/exoplayer.basi:     at void com.brightcove.player.analytics.AnalyticsStore.<init>(android.content.Context) (AnalyticsStore.java:59)
2019-11-28 20:21:12.179 2016-2016/com.brightcove.player.samples.exoplayer.basic I/exoplayer.basi:     at com.brightcove.player.analytics.AnalyticsStore com.brightcove.player.analytics.AnalyticsStore.getInstance(android.content.Context) (AnalyticsStore.java:45)
2019-11-28 20:21:12.179 2016-2016/com.brightcove.player.samples.exoplayer.basic I/exoplayer.basi:     at void com.brightcove.player.analytics.DefaultAnalyticsHandler.<init>(android.content.Context) (DefaultAnalyticsHandler.java:123)
2019-11-28 20:21:12.179 2016-2016/com.brightcove.player.samples.exoplayer.basic I/exoplayer.basi:     at com.brightcove.player.analytics.DefaultAnalyticsHandler com.brightcove.player.analytics.DefaultAnalyticsHandler.getInstance(android.content.Context) (DefaultAnalyticsHandler.java:140)
2019-11-28 20:21:12.179 2016-2016/com.brightcove.player.samples.exoplayer.basic I/exoplayer.basi:     at void com.brightcove.player.analytics.AnalyticsClient.<init>(android.content.Context) (AnalyticsClient.java:277)
2019-11-28 20:21:12.179 2016-2016/com.brightcove.player.samples.exoplayer.basic I/exoplayer.basi:     at com.brightcove.player.analytics.AnalyticsClient com.brightcove.player.analytics.AnalyticsClient.getInstance(android.content.Context) (AnalyticsClient.java:48)
2019-11-28 20:21:12.179 2016-2016/com.brightcove.player.samples.exoplayer.basic I/exoplayer.basi:     at java.util.Map com.brightcove.player.analytics.Analytics.sendAnalyticsRequest(com.brightcove.player.event.Event, java.lang.String, java.util.Map) (Analytics.java:972)
2019-11-28 20:21:12.179 2016-2016/com.brightcove.player.samples.exoplayer.basic I/exoplayer.basi:     at void com.brightcove.player.analytics.Analytics.sendVideoAnalyticsRequest(com.brightcove.player.event.Event, java.lang.String, java.util.Map) (Analytics.java:878)
2019-11-28 20:21:12.179 2016-2016/com.brightcove.player.samples.exoplayer.basic I/exoplayer.basi:     at void com.brightcove.player.analytics.Analytics.access$400(com.brightcove.player.analytics.Analytics, com.brightcove.player.event.Event, java.lang.String, java.util.Map) (Analytics.java:114)
2019-11-28 20:21:12.179 2016-2016/com.brightcove.player.samples.exoplayer.basic I/exoplayer.basi:     at void com.brightcove.player.analytics.Analytics$7.processEvent(com.brightcove.player.event.Event) (Analytics.java:378)
2019-11-28 20:21:12.179 2016-2016/com.brightcove.player.samples.exoplayer.basic I/exoplayer.basi:     at void com.brightcove.player.event.EventEmitterImpl.invokeListenersForEventType(com.brightcove.player.event.Event, java.lang.String) (EventEmitterImpl.java:457)
2019-11-28 20:21:12.179 2016-2016/com.brightcove.player.samples.exoplayer.basic I/exoplayer.basi:     at void com.brightcove.player.event.EventEmitterImpl.invokeListenersForEvent(com.brightcove.player.event.Event) (EventEmitterImpl.java:428)
2019-11-28 20:21:12.179 2016-2016/com.brightcove.player.samples.exoplayer.basic I/exoplayer.basi:     at void com.brightcove.player.event.EventEmitterImpl.access$300(com.brightcove.player.event.EventEmitterImpl, com.brightcove.player.event.Event) (EventEmitterImpl.java:41)
2019-11-28 20:21:12.179 2016-2016/com.brightcove.player.samples.exoplayer.basic I/exoplayer.basi:     at void com.brightcove.player.event.EventEmitterImpl$1.handleMessage(android.os.Message) (EventEmitterImpl.java:73)
2019-11-28 20:21:12.179 2016-2016/com.brightcove.player.samples.exoplayer.basic I/exoplayer.basi:     at void android.os.Handler.dispatchMessage(android.os.Message) (Handler.java:106)
2019-11-28 20:21:12.179 2016-2016/com.brightcove.player.samples.exoplayer.basic I/exoplayer.basi:     at void android.os.Looper.loop() (Looper.java:214)
2019-11-28 20:21:12.179 2016-2016/com.brightcove.player.samples.exoplayer.basic I/exoplayer.basi:     at void android.app.ActivityThread.main(java.lang.String[]) (ActivityThread.java:7063)
2019-11-28 20:21:12.179 2016-2016/com.brightcove.player.samples.exoplayer.basic I/exoplayer.basi:     at java.lang.Object java.lang.reflect.Method.invoke(java.lang.Object, java.lang.Object[]) (Method.java:-2)
2019-11-28 20:21:12.179 2016-2016/com.brightcove.player.samples.exoplayer.basic I/exoplayer.basi:     at void com.android.internal.os.RuntimeInit$MethodAndArgsCaller.run() (RuntimeInit.java:493)
2019-11-28 20:21:12.179 2016-2016/com.brightcove.player.samples.exoplayer.basic I/exoplayer.basi:     at void com.android.internal.os.ZygoteInit.main(java.lang.String[]) (ZygoteInit.java:965)
2019-11-28 20:21:12.179 2016-2016/com.brightcove.player.samples.exoplayer.basic I/exoplayer.basi: Caused by: java.lang.ClassNotFoundException: Didn't find class "javax.transaction.Synchronization" on path: DexPathList[[zip file "/data/app/com.brightcove.player.samples.exoplayer.basic-D1dvGOVEku7FtBubi19SUQ==/base.apk"],nativeLibraryDirectories=[/data/app/com.brightcove.player.samples.exoplayer.basic-D1dvGOVEku7FtBubi19SUQ==/lib/arm64, /system/lib64]]
2019-11-28 20:21:12.179 2016-2016/com.brightcove.player.samples.exoplayer.basic I/exoplayer.basi:     at java.lang.Class dalvik.system.BaseDexClassLoader.findClass(java.lang.String) (BaseDexClassLoader.java:134)
2019-11-28 20:21:12.179 2016-2016/com.brightcove.player.samples.exoplayer.basic I/exoplayer.basi:     at java.lang.Class java.lang.ClassLoader.loadClass(java.lang.String, boolean) (ClassLoader.java:379)
2019-11-28 20:21:12.179 2016-2016/com.brightcove.player.samples.exoplayer.basic I/exoplayer.basi:     at java.lang.Class java.lang.ClassLoader.loadClass(java.lang.String) (ClassLoader.java:312)
2019-11-28 20:21:12.179 2016-2016/com.brightcove.player.samples.exoplayer.basic I/exoplayer.basi:     at void io.requery.sql.TransactionProvider.<init>(io.requery.sql.RuntimeConfiguration) (TransactionProvider.java:26)
2019-11-28 20:21:12.179 2016-2016/com.brightcove.player.samples.exoplayer.basic I/exoplayer.basi:     at void io.requery.sql.EntityDataStore.<init>(io.requery.sql.Configuration) (EntityDataStore.java:159)
2019-11-28 20:21:12.179 2016-2016/com.brightcove.player.samples.exoplayer.basic I/exoplayer.basi:     at void com.brightcove.player.store.BaseStore.<init>(android.content.Context, io.requery.meta.EntityModel, java.lang.String, int) (BaseStore.java:117)
2019-11-28 20:21:12.179 2016-2016/com.brightcove.player.samples.exoplayer.basic I/exoplayer.basi:     at void com.brightcove.player.analytics.AnalyticsStore.<init>(android.content.Context) (AnalyticsStore.java:59)
2019-11-28 20:21:12.179 2016-2016/com.brightcove.player.samples.exoplayer.basic I/exoplayer.basi:     at com.brightcove.player.analytics.AnalyticsStore com.brightcove.player.analytics.AnalyticsStore.getInstance(android.content.Context) (AnalyticsStore.java:45)
2019-11-28 20:21:12.179 2016-2016/com.brightcove.player.samples.exoplayer.basic I/exoplayer.basi:     at void com.brightcove.player.analytics.DefaultAnalyticsHandler.<init>(android.content.Context) (DefaultAnalyticsHandler.java:123)
2019-11-28 20:21:12.179 2016-2016/com.brightcove.player.samples.exoplayer.basic I/exoplayer.basi:     at com.brightcove.player.analytics.DefaultAnalyticsHandler com.brightcove.player.analytics.DefaultAnalyticsHandler.getInstance(android.content.Context) (DefaultAnalyticsHandler.java:140)
2019-11-28 20:21:12.179 2016-2016/com.brightcove.player.samples.exoplayer.basic I/exoplayer.basi:     at void com.brightcove.player.analytics.AnalyticsClient.<init>(android.content.Context) (AnalyticsClient.java:277)
2019-11-28 20:21:12.179 2016-2016/com.brightcove.player.samples.exoplayer.basic I/exoplayer.basi:     at com.brightcove.player.analytics.AnalyticsClient com.brightcove.player.analytics.AnalyticsClient.getInstance(android.content.Context) (AnalyticsClient.java:48)
2019-11-28 20:21:12.179 2016-2016/com.brightcove.player.samples.exoplayer.basic I/exoplayer.basi:     at java.util.Map com.brightcove.player.analytics.Analytics.sendAnalyticsRequest(com.brightcove.player.event.Event, java.lang.String, java.util.Map) (Analytics.java:972)
2019-11-28 20:21:12.179 2016-2016/com.brightcove.player.samples.exoplayer.basic I/exoplayer.basi:     at void com.brightcove.player.analytics.Analytics.sendVideoAnalyticsRequest(com.brightcove.player.event.Event, java.lang.String, java.util.Map) (Analytics.java:878)
2019-11-28 20:21:12.179 2016-2016/com.brightcove.player.samples.exoplayer.basic I/exoplayer.basi:     at void com.brightcove.player.analytics.Analytics.access$400(com.brightcove.player.analytics.Analytics, com.brightcove.player.event.Event, java.lang.String, java.util.Map) (Analytics.java:114)
2019-11-28 20:21:12.179 2016-2016/com.brightcove.player.samples.exoplayer.basic I/exoplayer.basi:     at void com.brightcove.player.analytics.Analytics$7.processEvent(com.brightcove.player.event.Event) (Analytics.java:378)
2019-11-28 20:21:12.179 2016-2016/com.brightcove.player.samples.exoplayer.basic I/exoplayer.basi:     at void com.brightcove.player.event.EventEmitterImpl.invokeListenersForEventType(com.brightcove.player.event.Event, java.lang.String) (EventEmitterImpl.java:457)
2019-11-28 20:21:12.179 2016-2016/com.brightcove.player.samples.exoplayer.basic I/exoplayer.basi:     at void com.brightcove.player.event.EventEmitterImpl.invokeListenersForEvent(com.brightcove.player.event.Event) (EventEmitterImpl.java:428)
2019-11-28 20:21:12.179 2016-2016/com.brightcove.player.samples.exoplayer.basic I/exoplayer.basi:     at void com.brightcove.player.event.EventEmitterImpl.access$300(com.brightcove.player.event.EventEmitterImpl, com.brightcove.player.event.Event) (EventEmitterImpl.java:41)
2019-11-28 20:21:12.179 2016-2016/com.brightcove.player.samples.exoplayer.basic I/exoplayer.basi:     at void com.brightcove.player.event.EventEmitterImpl$1.handleMessage(android.os.Message) (EventEmitterImpl.java:73)
2019-11-28 20:21:12.180 2016-2016/com.brightcove.player.samples.exoplayer.basic I/exoplayer.basi:     at void android.os.Handler.dispatchMessage(android.os.Message) (Handler.java:106)
2019-11-28 20:21:12.180 2016-2016/com.brightcove.player.samples.exoplayer.basic I/exoplayer.basi:     at void android.os.Looper.loop() (Looper.java:214)
2019-11-28 20:21:12.180 2016-2016/com.brightcove.player.samples.exoplayer.basic I/exoplayer.basi:     at void android.app.ActivityThread.main(java.lang.String[]) (ActivityThread.java:7063)
2019-11-28 20:21:12.180 2016-2016/com.brightcove.player.samples.exoplayer.basic I/exoplayer.basi:     at java.lang.Object java.lang.reflect.Method.invoke(java.lang.Object, java.lang.Object[]) (Method.java:-2)
2019-11-28 20:21:12.180 2016-2016/com.brightcove.player.samples.exoplayer.basic I/exoplayer.basi:     at void com.android.internal.os.RuntimeInit$MethodAndArgsCaller.run() (RuntimeInit.java:493)
2019-11-28 20:21:12.180 2016-2016/com.brightcove.player.samples.exoplayer.basic I/exoplayer.basi:     at void com.android.internal.os.ZygoteInit.main(java.lang.String[]) (ZygoteInit.java:965)
2019-11-28 20:21:12.246 4295-4992/? D/ConnectivityService: filterNetworkStateForUid() uid: 10201, pid: 2016
2019-11-28 20:21:12.246 4295-4992/? D/ConnectivityService: filterNetworkStateForUid() uid: 10201, pid: 2016, networkInfo: [type: WIFI[], state: CONNECTED/CONNECTED, reason: (unspecified), extra: (none), failover: false, available: true, roaming: false]
2019-11-28 20:21:12.254 2016-2016/com.brightcove.player.samples.exoplayer.basic D/MainActivity: activityStarted { }
2019-11-28 20:21:12.254 2016-2016/com.brightcove.player.samples.exoplayer.basic D/MainActivity: activityResumed { }
2019-11-28 20:21:12.255 4295-5740/? D/ConnectivityService: filterNetworkStateForUid() uid: 10201, pid: 2016
2019-11-28 20:21:12.256 4295-5740/? D/ConnectivityService: filterNetworkStateForUid() uid: 10201, pid: 2016, networkInfo: [type: WIFI[], state: CONNECTED/CONNECTED, reason: (unspecified), extra: (none), failover: false, available: true, roaming: false]
2019-11-28 20:21:12.264 2016-2016/com.brightcove.player.samples.exoplayer.basic D/SurfaceView: onWindowVisibilityChanged(0) true com.brightcove.player.view.BrightcoveSurfaceView{cc5875c V.E...... ......I. 0,0-0,0} of ViewRootImpl@bcb0c61[MainActivity]
2019-11-28 20:21:12.269 2016-2122/com.brightcove.player.samples.exoplayer.basic D/HttpService: issuing GET request: https://metrics.brightcove.com/v2/tracker?device_product=a40eea&device_model=SM-A405FN&session=d83e8843-6607-44a7-8479-f47ad34e64d3&destination=bcsdk%3A%2F%2FExoPlayer+Sample+App%2Fcom.brightcove.player.samples.exoplayer.basic&device_type=mobile&device_cpu=arm64-v8a&device_os=android&device_hardware=exynos7885&device_manufacturer=samsung&platform=android-native-sdk&platform_version=6.9.0&catalog_url=https%3A%2F%2Fedge.api.brightcove.com%2Fplayback%2Fv1%2Faccounts%2F1242911124001%2Fvideos%2F6075307114001&domain=videocloud&device_os_version=9&time=1574972472125&event=catalog_request&device=a40&user=53dbe1995dee4e7e&account=1242911124001, headers: {}
2019-11-28 20:21:12.271 4295-4312/? W/SearchableInfo: Invalid searchable metadata for com.samsung.android.messaging/.ui.view.recipientspicker.PickerActivity: Search label must be a resource reference.
2019-11-28 20:21:12.278 4295-5740/? V/WindowManager: Relayout Window{3dde9fc u0 com.brightcove.player.samples.exoplayer.basic/com.brightcove.player.samples.exoplayer.basic.MainActivity}: viewVisibility=0 req=1080x2295 {(0,0)(fillxfill) sim={adjust=pan forwardNavigation} ty=BASE_APPLICATION fmt=TRANSLUCENT wanim=0x1030001
      fl=1810100
      pfl=1020000
      vsysui=10 naviIconColor=0}
2019-11-28 20:21:12.284 2016-2122/com.brightcove.player.samples.exoplayer.basic I/System.out: (HTTPLog)-Static: isSBSettingEnabled false
2019-11-28 20:21:12.285 2016-2122/com.brightcove.player.samples.exoplayer.basic I/System.out: (HTTPLog)-Static: isSBSettingEnabled false
2019-11-28 20:21:12.285 2103-2103/? I/[SC]DataStoreProvider: onCreate() is called
2019-11-28 20:21:12.285 4295-5740/? D/WindowManager: preserveSurfaceLocked: Not has surfaceWindowStateAnimator{66d533d com.brightcove.player.samples.exoplayer.basic/com.brightcove.player.samples.exoplayer.basic.MainActivity}
2019-11-28 20:21:12.286 3866-3866/? I/SurfaceFlinger: id=686 createSurf (1080x2295),1 flag=4, com.brightcove.player.samples.exoplayer.basic/com.brightcove.player.samples.exoplayer.basic.MainActivity[2016]#0
