2019-11-28 20:21:11.410 4295-4295/? V/BackupManagerConstants: getFullBackupIntervalMilliseconds(...) returns 86400000
2019-11-28 20:21:11.411 5613-5642/? E/SDHMS:SDHMS_UTIL_IO: e = /sys/class/input_booster/touchkey/time (Permission denied)
2019-11-28 20:21:11.411 5613-5642/? E/SDHMS:SDHMS_UTIL_IO: e = /sys/class/input_booster/touchkey/time (Permission denied)
2019-11-28 20:21:11.413 4295-4306/? D/GameManagerService: identifyGamePackage. com.brightcove.player.samples.exoplayer.basic
2019-11-28 20:21:11.413 4295-4306/? D/GamePkgDataHelper: getGamePkgData(). com.brightcove.player.samples.exoplayer.basic
2019-11-28 20:21:11.413 5613-5642/? E/SDHMS:SDHMS_UTIL_IO: e = /sys/class/input_booster/touchkey/time (Permission denied)
2019-11-28 20:21:11.414 4295-5742/? D/SecContentProvider: called from com.samsung.android.uid.dialer:10066
2019-11-28 20:21:11.414 4295-5742/? D/RestrictionPolicy: isLocalContactStorageAllowed
2019-11-28 20:21:11.414 4295-5742/? D/RestrictionPolicy: isLocalContactStorageAllowed(0) : true
2019-11-28 20:21:11.417 4295-4306/? D/[a11y]: getUserAccounts0
2019-11-28 20:21:11.418 4295-13722/? D/SecContentProvider2: query(), uri = 18 selection = isCopyContactToSimAllowed
2019-11-28 20:21:11.421 3866-3866/? I/SurfaceFlinger: Display 0 HWC layers:
        type    |    handle    | flag |  format   |   source crop (l,t,r,b)    |         frame       | name 
    ------------+--------------+------+-----------+----------------------------+---------------------+------
     SolidColor |              | 0000 |  Unknown  |   0.0    0.0   -0.2   -0.5 |    0    0 1080 2340 | animation background stackId=23#0
         Device | 0x7364e50ca0 | 0000 | RGBA_8888 | 205.0    0.0 1080.0 2340.0 |    0    0  875 2340 | com.android.chrome/com.google.android.apps.chrome.Main[15000]#0
         Device | 0x7364e54580 | 0002 | RGBA_8888 |   0.0    0.0   53.0 2295.0 | 1027    0 1080 2295 | Splash Screen com.brightcove.player.samples.exoplayer.basic#0
         Device | 0x7364a2cc40 | 0000 | RGBA_8888 |   0.0    0.0 1080.0   86.0 |    0    0 1080   86 | StatusBar[4604]#0
         Device | 0x7364e521a0 | 0000 | RGBA_8888 |   0.0    0.0 1080.0   45.0 |    0 2295 1080 2340 | NavigationBar[4604]#0
         Device | 0x7348a451c0 | 0000 | RGBA_8888 |   0.0    0.0 1080.0  340.0 |    0 2000 1080 2340
2019-11-28 20:21:11.421 3866-3866/? I/SurfaceFlinger:  | NavbarGestureHandler[4604]#0
         Device | 0x7364a2ca80 | 0000 | RGBA_8888 |   0.0    0.0 1080.0  164.0 |    0    0 1080  164 | ScreenDecorOverlay[4604]#0
         Device | 0x7364e52d00 | 0000 | RGBA_8888 |   0.0    0.0 1080.0  164.0 |    0 2176 1080 2340 | ScreenDecorOverlayBottom[4604]#0
2019-11-28 20:21:11.421 4295-13722/? D/SecContentProvider2: isCopyContactToSimAllowed = true
2019-11-28 20:21:11.425 4295-5739/? I/SamsungAlarmManager: setLocked to kernel - T:2 / 20191128T202207, SetElapsed=25425850, nowELAPSED=25369608
2019-11-28 20:21:11.426 4295-5739/? I/SamsungAlarmManager: setLocked to kernel - T:3 / 20191128T202200, SetElapsed=25418183, nowELAPSED=25369609
2019-11-28 20:21:11.426 4295-5739/? D/SamsungAlarmManager: setInexact Listener (T:2/F:0/AC:false) 20191128T202137 - CU:1000/CP:4295
2019-11-28 20:21:11.426 4295-5739/? I/SamsungAlarmManager: setLocked to kernel - T:2 / 20191128T202137, SetElapsed=25395712, nowELAPSED=25369609
2019-11-28 20:21:11.436 4604-4604/? D/DisplayLifecycle: updateDisplay id = 0
2019-11-28 20:21:11.439 2034-2034/? I/roid.da.daagen: The ClassLoaderContext is a special shared library.
2019-11-28 20:21:11.441 5722-5737/? D/RecentsTaskLoadPlan: lastReportedWindowingMode is not exist.
2019-11-28 20:21:11.444 4295-5739/? I/SamsungAlarmManager: setLocked to kernel - T:2 / 20191128T202137, SetElapsed=25395712, nowELAPSED=25369627
2019-11-28 20:21:11.444 4295-5739/? D/SamsungAlarmManager: setInexact Listener (T:2/F:0/AC:false) 20191128T202207 - CU:1000/CP:4295
2019-11-28 20:21:11.445 4295-5739/? I/SamsungAlarmManager: setLocked to kernel - T:2 / 20191128T202137, SetElapsed=25395712, nowELAPSED=25369627
2019-11-28 20:21:11.446 4295-4295/? W/LoadedApk: Slow system_server main thread handled for android.intent.action.PACKAGE_ADDED took 109 ms, Receiver = com.android.server.backup.BackupManagerService$2@c877710
2019-11-28 20:21:11.446 4295-4295/? W/Looper: Slow dispatch took 108ms main h=android.app.ActivityThread$H c=android.app.-$$Lambda$LoadedApk$ReceiverDispatcher$Args$_BumDX2UKsnxLVrE6UJsJZkotuA@db1ec5 m=0
2019-11-28 20:21:11.453 4295-4295/? W/Looper: Slow system_server main looper dispatch took 108ms  h=android.app.ActivityThread$H c=android.app.-$$Lambda$LoadedApk$ReceiverDispatcher$Args$_BumDX2UKsnxLVrE6UJsJZkotuA@db1ec5 m=0
2019-11-28 20:21:11.454 4295-4314/? D/CodecSolution: isMaxAspectPackageEx: com.brightcove.player.samples.exoplayer.basic : false(0)
2019-11-28 20:21:11.455 4295-5840/? D/GameManagerService: identifyGamePackage. com.brightcove.player.samples.exoplayer.basic
2019-11-28 20:21:11.455 4295-5840/? D/GamePkgDataHelper: getGamePkgData(). com.brightcove.player.samples.exoplayer.basic
2019-11-28 20:21:11.455 4295-9517/? D/WallpaperManagerService: getLidState: mInputManagerService == null
2019-11-28 20:21:11.455 4904-4916/? D/ForegroundUtils: could not check pending caller
2019-11-28 20:21:11.453 4295-4319/? V/MARsPolicyManager: onPackageStatusChange packageName = com.brightcove.player.samples.exoplayer.basic, uid = 10201
2019-11-28 20:21:11.456 5525-5525/? I/KeyguardWallpaperUpdatorUtils: getLidState: lidState = -1
2019-11-28 20:21:11.456 5722-5737/? D/RecentsTaskLoadPlan: lastReportedWindowingMode is not exist.
2019-11-28 20:21:11.457 5722-5737/? D/RecentsTaskLoadPlan: lastReportedWindowingMode is not exist.
2019-11-28 20:21:11.458 4295-4467/? D/NetSpeedMonitor: bg switch to fg, app uid = 10201 package name = com.brightcove.player.samples.exoplayer.basic
2019-11-28 20:21:11.458 4295-4467/? I/NetSpeedMonitor: bg app uid = 10200 packagename com.brightcove.player.samples.exoplayer.basic
2019-11-28 20:21:11.458 4295-4467/? I/NetSpeedMonitor: bg app uid = 10161 packagename com.sec.android.daemonapp:com.samsung.android.weather
2019-11-28 20:21:11.458 4295-4467/? I/NetSpeedMonitor: bg app uid = 10071 packagename com.samsung.android.messaging
2019-11-28 20:21:11.458 4295-5726/? D/SecContentProvider: query(), uri = 30 selection = isLocalContactStorageAllowed
2019-11-28 20:21:11.459 4295-5726/? D/SecContentProvider: called from com.samsung.android.messaging
2019-11-28 20:21:11.459 4295-5726/? D/RestrictionPolicy: isLocalContactStorageAllowed
2019-11-28 20:21:11.459 4295-5726/? D/RestrictionPolicy: isLocalContactStorageAllowed(0) : true
2019-11-28 20:21:11.464 4604-4604/? D/DisplayLifecycle: updateCacheVariables id = 0, display = Display id 0: DisplayInfo{"Built-in Screen", uniqueId "local:0", app 1080 x 2209, real 1080 x 2340, largest app 2209 x 2209, smallest app 1080 x 1008, mode 1, defaultMode 1, modes [{id=1, width=1080, height=2340, fps=60.000004}], colorMode 0, supportedColorModes [0], hdrCapabilities android.view.Display$HdrCapabilities@40f16308, rotation 0, density 480 (435.428 x 440.266) dpi, layerStack 0, appVsyncOff 1000000, presDeadline 17666666, type BUILT_IN, state ON, FLAG_SECURE, FLAG_SUPPORTS_PROTECTED_BUFFERS, removeMode 0}, DisplayMetrics{density=3.0, width=1080, height=2209, scaledDensity=3.0, xdpi=435.428, ydpi=440.266}, isValid=true, size = Point(1080, 2209), realSize = Point(1080, 2340)
2019-11-28 20:21:11.468 2034-2034/? I/roid.da.daagen: The ClassLoaderContext is a special shared library.
2019-11-28 20:21:11.476 4295-4314/? W/Looper: Slow dispatch took 242ms android.ui h=com.android.server.am.ActivityManagerService$UiHandler c=null m=31
2019-11-28 20:21:11.477 4295-8104/? I/SamsungAlarmManager: setLocked to kernel - T:2 / 20191128T202207, SetElapsed=25425850, nowELAPSED=25369660
2019-11-28 20:21:11.477 4295-8104/? I/SamsungAlarmManager: setLocked to kernel - T:3 / 20191128T202200, SetElapsed=25418183, nowELAPSED=25369660
2019-11-28 20:21:11.478 4295-8104/? D/SamsungAlarmManager: setInexact Listener (T:2/F:0/AC:false) 20191128T202137 - CU:1000/CP:4295
2019-11-28 20:21:11.478 4295-8104/? I/SamsungAlarmManager: setLocked to kernel - T:2 / 20191128T202137, SetElapsed=25395712, nowELAPSED=25369661
2019-11-28 20:21:11.478 4295-6776/? D/SecContentProvider: query(), uri = 30 selection = isLocalContactStorageAllowed
2019-11-28 20:21:11.478 4295-6776/? D/SecContentProvider: called from android.uid.shared:10012
2019-11-28 20:21:11.479 4295-6776/? D/RestrictionPolicy: isLocalContactStorageAllowed
2019-11-28 20:21:11.479 4295-6776/? D/RestrictionPolicy: isLocalContactStorageAllowed(0) : true
2019-11-28 20:21:11.481 4295-4295/? D/UpdateReceiver: Handler : 0
2019-11-28 20:21:11.481 4295-4295/? D/UpdateReceiver: action : android.intent.action.PACKAGE_ADDED, package:com.brightcove.player.samples.exoplayer.basic
2019-11-28 20:21:11.481 4295-4295/? D/KnoxMUMContainerPolicy: packageInstalledForSBAExternalStorage com.brightcove.player.samples.exoplayer.basic
2019-11-28 20:21:11.482 4295-6776/? V/WindowManager: Relayout Window{155a34b u0 com.samsung.android.app.spage}: viewVisibility=8 req=0x2340 {(0,0)(0xfill) sim={adjust=pan} layoutInDisplayCutoutMode=always ty=APPLICATION_PANEL fmt=RGBA_8888
      fl=1000018
      pfl=40 naviIconColor=0}
2019-11-28 20:21:11.484 4295-4295/? D/MdnieScenarioControlService: MultiWindowState : false
2019-11-28 20:21:11.484 4295-4295/? D/CS_HdrController: updateMultiWindowState : 0
2019-11-28 20:21:11.488 3862-4055/? V/APM_AudioPolicyManager: AudioPolicyManager:setRecordSilenced(uid:10201, silenced:0)
2019-11-28 20:21:11.489 4295-4314/? W/Looper: Slow delivery took 249ms android.ui h=com.android.server.am.ActivityManagerService$UiHandler c=null m=53
2019-11-28 20:21:11.489 4295-4314/? D/WindowManager: setSystemUiVisibility: vis= 0x18, fullscreenVis= 0x0, dockedVis= 0x0, win=Window{b905d16 u0 Splash Screen com.brightcove.player.samples.exoplayer.basic}
2019-11-28 20:21:11.493 4295-4324/? D/InputManager-JNI: setVirtualDisplayViewports: return because there is no change
2019-11-28 20:21:11.504 4295-8104/? I/SamsungAlarmManager: setLocked to kernel - T:2 / 20191128T202137, SetElapsed=25395712, nowELAPSED=25369687
2019-11-28 20:21:11.504 4295-8104/? D/SamsungAlarmManager: setInexact Listener (T:2/F:0/AC:false) 20191128T202207 - CU:1000/CP:4295
2019-11-28 20:21:11.505 4295-8104/? I/SamsungAlarmManager: setLocked to kernel - T:2 / 20191128T202137, SetElapsed=25395712, nowELAPSED=25369687
2019-11-28 20:21:11.505 6236-6236/? D/ViewRootImpl@741de9c[]: Relayout returned: old=[0,0][1080,2340] new=[0,0][1080,2340] result=0x1 surface={false 0} changed=false
2019-11-28 20:21:11.514 4295-9517/? D/SecContentProvider: query(), uri = 30 selection = isLocalContactStorageAllowed
2019-11-28 20:21:11.514 4295-9517/? D/SecContentProvider: called from com.samsung.android.uid.dialer:10066
2019-11-28 20:21:11.514 4295-9517/? D/RestrictionPolicy: isLocalContactStorageAllowed
2019-11-28 20:21:11.515 4295-9517/? D/RestrictionPolicy: isLocalContactStorageAllowed(0) : true
2019-11-28 20:21:11.515 5722-5737/? D/RecentsTaskLoadPlan: lastReportedWindowingMode is not exist.
2019-11-28 20:21:11.519 4295-4306/? I/SamsungAlarmManager: setLocked to kernel - T:2 / 20191128T202207, SetElapsed=25425850, nowELAPSED=25369701
2019-11-28 20:21:11.524 4295-4306/? I/SamsungAlarmManager: setLocked to kernel - T:3 / 20191128T202200, SetElapsed=25418183, nowELAPSED=25369702
2019-11-28 20:21:11.525 4295-4306/? D/SamsungAlarmManager: setInexact Listener (T:2/F:0/AC:false) 20191128T202137 - CU:1000/CP:4295
2019-11-28 20:21:11.525 4295-4306/? I/SamsungAlarmManager: setLocked to kernel - T:2 / 20191128T202137, SetElapsed=25395712, nowELAPSED=25369708
2019-11-28 20:21:11.521 5722-5737/? D/RecentsTaskLoadPlan: lastReportedWindowingMode is not exist.
2019-11-28 20:21:11.525 4295-8104/? D/SecContentProvider2: query(), uri = 18 selection = isCopyContactToSimAllowed
2019-11-28 20:21:11.527 5722-5737/? D/RecentsTaskLoadPlan: lastReportedWindowingMode is not exist.
2019-11-28 20:21:11.527 4295-8104/? D/SecContentProvider2: isCopyContactToSimAllowed = true
2019-11-28 20:21:11.527 5082-5082/? W/ChimeraUtils: Non Chimera context
2019-11-28 20:21:11.530 4295-4306/? I/SamsungAlarmManager: setLocked to kernel - T:2 / 20191128T202137, SetElapsed=25395712, nowELAPSED=25369713
2019-11-28 20:21:11.530 4295-4306/? D/SamsungAlarmManager: setInexact Listener (T:2/F:0/AC:false) 20191128T202845 - CU:1000/CP:4295
2019-11-28 20:21:11.531 4295-4306/? I/SamsungAlarmManager: setLocked to kernel - T:2 / 20191128T202137, SetElapsed=25395712, nowELAPSED=25369714
2019-11-28 20:21:11.528 5082-5082/? W/ChimeraUtils: Non Chimera context
2019-11-28 20:21:11.543 5722-5737/? D/RecentsTaskLoadPlan: lastReportedWindowingMode is not exist.
2019-11-28 20:21:11.546 4295-5740/? D/[a11y]: getUserAccounts0
2019-11-28 20:21:11.547 4295-4306/? I/SamsungAlarmManager: setLocked to kernel - T:2 / 20191128T203223, SetElapsed=26041894, nowELAPSED=25369730
2019-11-28 20:21:11.547 4295-4306/? I/SamsungAlarmManager: setLocked to kernel - T:3 / 20191128T202200, SetElapsed=25418183, nowELAPSED=25369730
2019-11-28 20:21:11.548 4295-4306/? D/SamsungAlarmManager: setInexact Listener (T:2/F:0/AC:false) 20191128T202137 - CU:1000/CP:4295
2019-11-28 20:21:11.548 4295-4306/? I/SamsungAlarmManager: setLocked to kernel - T:2 / 20191128T202137, SetElapsed=25395712, nowELAPSED=25369731
2019-11-28 20:21:11.553 4295-4549/? D/SecContentProvider: query(), uri = 30 selection = isLocalContactStorageAllowed
2019-11-28 20:21:11.554 4295-4549/? D/SecContentProvider: called from com.samsung.android.messaging
2019-11-28 20:21:11.554 4295-4549/? D/RestrictionPolicy: isLocalContactStorageAllowed
2019-11-28 20:21:11.554 4295-4549/? D/RestrictionPolicy: isLocalContactStorageAllowed(0) : true
2019-11-28 20:21:11.556 4295-4306/? I/SamsungAlarmManager: setLocked to kernel - T:2 / 20191128T202137, SetElapsed=25395712, nowELAPSED=25369739
2019-11-28 20:21:11.556 4295-4998/? D/ConnectivityService: filterNetworkStateForUid() uid: 10037, pid: 5082
2019-11-28 20:21:11.556 4295-4306/? D/SamsungAlarmManager: setInexact Listener (T:2/F:0/AC:false) 20191128T202845 - CU:1000/CP:4295
2019-11-28 20:21:11.556 4295-4998/? D/ConnectivityService: filterNetworkStateForUid() uid: 10037, pid: 5082, networkInfo: [type: WIFI[], state: CONNECTED/CONNECTED, reason: (unspecified), extra: (none), failover: false, available: true, roaming: false]
2019-11-28 20:21:11.556 4295-4306/? I/SamsungAlarmManager: setLocked to kernel - T:2 / 20191128T202137, SetElapsed=25395712, nowELAPSED=25369739
2019-11-28 20:21:11.557 1816-1816/? I/Finsky: [2] tkh.a(37): Cancelling existing jobscheduler jobs: 9003 9001 9007 9002 
2019-11-28 20:21:11.559 1816-1816/? I/Finsky: [2] tkh.a(30): Scheduling job Id: 9000, L: 14655, D: 72487075, C: false, I: false, N: 1
2019-11-28 20:21:11.563 4295-4306/? D/ConnectivityService: filterNetworkStateForUid() uid: 10059, pid: 4295
2019-11-28 20:21:11.563 4295-4306/? D/ConnectivityService: filterNetworkStateForUid() uid: 10059, pid: 4295, networkInfo: [type: WIFI[], state: CONNECTED/CONNECTED, reason: (unspecified), extra: (none), failover: false, available: true, roaming: false]
2019-11-28 20:21:11.564 5722-5737/? D/RecentsTaskLoadPlan: lastReportedWindowingMode is not exist.
2019-11-28 20:21:11.567 4295-4306/? I/SamsungAlarmManager: setLocked to kernel - T:2 / 20191128T203223, SetElapsed=26041894, nowELAPSED=25369750
2019-11-28 20:21:11.567 4295-4306/? I/SamsungAlarmManager: setLocked to kernel - T:3 / 20191128T202200, SetElapsed=25418183, nowELAPSED=25369750
2019-11-28 20:21:11.568 4295-4306/? D/SamsungAlarmManager: setInexact Listener (T:2/F:0/AC:false) 20191128T202126 - CU:1000/CP:4295
2019-11-28 20:21:11.568 4295-4306/? I/SamsungAlarmManager: setLocked to kernel - T:2 / 20191128T202126, SetElapsed=25384400, nowELAPSED=25369751
2019-11-28 20:21:11.570 1816-1816/? I/Finsky: [2] tkh.a(30): Scheduling job Id: 9004, L: 2327231, D: 1298327231, C: false, I: true, N: 2
2019-11-28 20:21:11.574 4295-4835/? D/SecContentProvider: query(), uri = 30 selection = isLocalContactStorageAllowed
2019-11-28 20:21:11.574 4295-4835/? D/SecContentProvider: called from android.uid.shared:10012
2019-11-28 20:21:11.574 4295-4835/? D/RestrictionPolicy: isLocalContactStorageAllowed
2019-11-28 20:21:11.574 4295-4835/? D/RestrictionPolicy: isLocalContactStorageAllowed(0) : true
2019-11-28 20:21:11.575 5467-2004/? I/FontsPackageChangeOp: Package com.brightcove.player.samples.exoplayer.basic has no metadata
2019-11-28 20:21:11.575 4295-9517/? D/ConnectivityService: filterNetworkStateForUid() uid: 10059, pid: 4295
2019-11-28 20:21:11.576 4295-9517/? D/ConnectivityService: filterNetworkStateForUid() uid: 10059, pid: 4295, networkInfo: [type: WIFI[], state: CONNECTED/CONNECTED, reason: (unspecified), extra: (none), failover: false, available: true, roaming: false]
2019-11-28 20:21:11.577 1816-1816/? I/Finsky: [2] tkh.a(30): Scheduling job Id: 9005, L: 0, D: 86397449, C: true, I: true, N: 2
2019-11-28 20:21:11.579 5722-5737/? D/RecentsTaskLoadPlan: lastReportedWindowingMode is not exist.
2019-11-28 20:21:11.579 4295-4998/? D/SecContentProvider2: query(), uri = 18 selection = isCopyContactToSimAllowed
2019-11-28 20:21:11.581 4295-4998/? D/SecContentProvider2: isCopyContactToSimAllowed = true
2019-11-28 20:21:11.588 4295-5739/? D/SecContentProvider2: query(), uri = 18 selection = isCopyContactToSimAllowed
2019-11-28 20:21:11.588 5722-5737/? D/RecentsTaskLoadPlan: lastReportedWindowingMode is not exist.
2019-11-28 20:21:11.594 5722-5737/? I/chatty: uid=10094(com.sec.android.app.launcher) Binder:5722_2 identical 3 lines
2019-11-28 20:21:11.598 5722-5737/? D/RecentsTaskLoadPlan: lastReportedWindowingMode is not exist.
2019-11-28 20:21:11.599 4295-5742/? D/SecContentProvider: query(), uri = 30 selection = isLocalContactStorageAllowed
2019-11-28 20:21:11.600 5722-5737/? D/RecentsTaskLoadPlan: lastReportedWindowingMode is not exist.
2019-11-28 20:21:11.606 4295-4295/? E/LoadedApk: Unable to instantiate appComponentFactory
    java.lang.ClassNotFoundException: Didn't find class "android.support.v4.app.CoreComponentFactory" on path: DexPathList[[],nativeLibraryDirectories=[/data/app/com.android.chrome-kErVCUjia2YOHYF7SzlWeA==/lib/arm64, /data/app/com.android.chrome-kErVCUjia2YOHYF7SzlWeA==/base.apk!/lib/arm64-v8a, /data/app/com.android.chrome-kErVCUjia2YOHYF7SzlWeA==/split_autofill_assistant.apk!/lib/arm64-v8a, /data/app/com.android.chrome-kErVCUjia2YOHYF7SzlWeA==/split_autofill_assistant.config.en.apk!/lib/arm64-v8a, /data/app/com.android.chrome-kErVCUjia2YOHYF7SzlWeA==/split_config.en.apk!/lib/arm64-v8a, /system/lib64]]
        at dalvik.system.BaseDexClassLoader.findClass(BaseDexClassLoader.java:134)
        at java.lang.ClassLoader.loadClass(ClassLoader.java:379)
        at java.lang.ClassLoader.loadClass(ClassLoader.java:312)
        at android.app.LoadedApk.createAppFactory(LoadedApk.java:239)
        at android.app.LoadedApk.updateApplicationInfo(LoadedApk.java:375)
        at android.app.ActivityThread.handleDispatchPackageBroadcast(ActivityThread.java:5732)
        at android.app.ActivityThread$H.handleMessage(ActivityThread.java:1875)
        at android.os.Handler.dispatchMessage(Handler.java:106)
        at android.os.Looper.loop(Looper.java:214)
        at com.android.server.SystemServer.run(SystemServer.java:802)
        at com.android.server.SystemServer.main(SystemServer.java:624)
        at java.lang.reflect.Method.invoke(Native Method)
        at com.android.internal.os.RuntimeInit$MethodAndArgsCaller.run(RuntimeInit.java:493)
        at com.android.internal.os.ZygoteInit.main(ZygoteInit.java:945)
2019-11-28 20:21:11.606 4295-4295/? W/Looper: Slow dispatch took 101ms main h=android.app.ActivityThread$H c=null m=133
2019-11-28 20:21:11.607 4295-4295/? W/Looper: Slow system_server main looper dispatch took 101ms  h=android.app.ActivityThread$H c=null m=133
2019-11-28 20:21:11.603 5722-5737/? I/chatty: uid=10094(com.sec.android.app.launcher) Binder:5722_2 identical 1 line
2019-11-28 20:21:11.604 5722-5737/? D/RecentsTaskLoadPlan: lastReportedWindowingMode is not exist.
2019-11-28 20:21:11.607 4295-4295/? D/UpdateReceiver:: Action: android.intent.action.PACKAGE_REPLACED
2019-11-28 20:21:11.613 4295-5742/? D/SecContentProvider: called from android.uid.shared:10012
2019-11-28 20:21:11.613 4295-5742/? D/RestrictionPolicy: isLocalContactStorageAllowed
2019-11-28 20:21:11.613 4295-5742/? D/RestrictionPolicy: isLocalContactStorageAllowed(0) : true
2019-11-28 20:21:11.615 4295-5739/? D/SecContentProvider2: isCopyContactToSimAllowed = true
2019-11-28 20:21:11.616 5082-5082/? W/ChimeraUtils: Non Chimera context
2019-11-28 20:21:11.616 5082-5082/? W/ChimeraUtils: Non Chimera context
2019-11-28 20:21:11.619 5467-6401/? I/Icing: IndexChimeraService.getServiceInterface callingPackage=com.google.android.gms componentName=AppsCorpus serviceId=36
2019-11-28 20:21:11.620 4295-4295/? I/GameManagerService: PkgInstallationReceiver, onReceive(),  begin, action: android.intent.action.PACKAGE_REPLACED
2019-11-28 20:21:11.621 4295-4295/? D/BridgeProxy: PackageReceiver onReceive()
2019-11-28 20:21:11.622 4295-4306/? D/SecContentProvider2: query(), uri = 18 selection = isCopyContactToSimAllowed
2019-11-28 20:21:11.622 4295-4553/? D/GameManagerService:GosNotifyThread: notifyPackageChangedToGos(), before send intent to GOS. type:2, changeType: 8, packageName:com.brightcove.player.samples.exoplayer.basic
2019-11-28 20:21:11.623 5722-5737/? D/RecentsTaskLoadPlan: lastReportedWindowingMode is not exist.
2019-11-28 20:21:11.623 4295-4306/? D/SecContentProvider2: isCopyContactToSimAllowed = true
2019-11-28 20:21:11.624 4295-4979/? D/SecContentProvider: query(), uri = 30 selection = isLocalContactStorageAllowed
2019-11-28 20:21:11.624 5722-5737/? W/ziparchive: Unable to open '/data/app/com.brightcove.player.samples.exoplayer.basic-aHLFALv66uHuvoQomSuqGg==/base.apk': No such file or directory
2019-11-28 20:21:11.624 4295-4979/? D/SecContentProvider: called from com.samsung.android.messaging
2019-11-28 20:21:11.624 5722-5737/? E/id.app.launche: Failed to open APK '/data/app/com.brightcove.player.samples.exoplayer.basic-aHLFALv66uHuvoQomSuqGg==/base.apk' I/O error
2019-11-28 20:21:11.624 4295-4979/? D/RestrictionPolicy: isLocalContactStorageAllowed
2019-11-28 20:21:11.624 4295-4979/? D/RestrictionPolicy: isLocalContactStorageAllowed(0) : true
2019-11-28 20:21:11.624 5722-5737/? E/ResourcesManager: failed to add asset path /data/app/com.brightcove.player.samples.exoplayer.basic-aHLFALv66uHuvoQomSuqGg==/base.apk
2019-11-28 20:21:11.624 5722-5737/? W/PackageManager: Failure retrieving resources for com.brightcove.player.samples.exoplayer.basic
2019-11-28 20:21:11.624 5722-5737/? W/ziparchive: Unable to open '/data/app/com.brightcove.player.samples.exoplayer.basic-aHLFALv66uHuvoQomSuqGg==/base.apk': No such file or directory
2019-11-28 20:21:11.625 5722-5737/? E/id.app.launche: Failed to open APK '/data/app/com.brightcove.player.samples.exoplayer.basic-aHLFALv66uHuvoQomSuqGg==/base.apk' I/O error
2019-11-28 20:21:11.625 5722-5737/? E/ResourcesManager: failed to add asset path /data/app/com.brightcove.player.samples.exoplayer.basic-aHLFALv66uHuvoQomSuqGg==/base.apk
2019-11-28 20:21:11.625 5722-5737/? W/PackageManager: Failure retrieving resources for com.brightcove.player.samples.exoplayer.basic
2019-11-28 20:21:11.626 5722-5737/? W/ziparchive: Unable to open '/data/app/com.brightcove.player.samples.exoplayer.basic-aHLFALv66uHuvoQomSuqGg==/base.apk': No such file or directory
2019-11-28 20:21:11.626 5722-5737/? E/id.app.launche: Failed to open APK '/data/app/com.brightcove.player.samples.exoplayer.basic-aHLFALv66uHuvoQomSuqGg==/base.apk' I/O error
2019-11-28 20:21:11.626 5722-5737/? E/ResourcesManager: failed to add asset path /data/app/com.brightcove.player.samples.exoplayer.basic-aHLFALv66uHuvoQomSuqGg==/base.apk
2019-11-28 20:21:11.626 5722-5737/? W/PackageManager: Failure retrieving resources for com.brightcove.player.samples.exoplayer.basic
2019-11-28 20:21:11.626 5722-5737/? W/ziparchive: Unable to open '/data/app/com.brightcove.player.samples.exoplayer.basic-aHLFALv66uHuvoQomSuqGg==/base.apk': No such file or directory
2019-11-28 20:21:11.626 5722-5737/? E/id.app.launche: Failed to open APK '/data/app/com.brightcove.player.samples.exoplayer.basic-aHLFALv66uHuvoQomSuqGg==/base.apk' I/O error
2019-11-28 20:21:11.627 5722-5737/? E/ResourcesManager: failed to add asset path /data/app/com.brightcove.player.samples.exoplayer.basic-aHLFALv66uHuvoQomSuqGg==/base.apk
2019-11-28 20:21:11.627 5722-5737/? W/PackageManager: Failure retrieving resources for com.brightcove.player.samples.exoplayer.basic
2019-11-28 20:21:11.628 4295-8104/? D/ConnectivityService: filterNetworkStateForUid() uid: 10059, pid: 4295
2019-11-28 20:21:11.628 4295-8104/? D/ConnectivityService: filterNetworkStateForUid() uid: 10059, pid: 4295, networkInfo: [type: WIFI[], state: CONNECTED/CONNECTED, reason: (unspecified), extra: (none), failover: false, available: true, roaming: false]
2019-11-28 20:21:11.634 5722-5737/? W/ziparchive: Unable to open '/data/app/com.brightcove.player.samples.exoplayer.basic-aHLFALv66uHuvoQomSuqGg==/base.apk': No such file or directory
2019-11-28 20:21:11.634 4295-5713/? D/SecContentProvider2: query(), uri = 18 selection = isCopyContactToSimAllowed
2019-11-28 20:21:11.635 5722-5737/? E/id.app.launche: Failed to open APK '/data/app/com.brightcove.player.samples.exoplayer.basic-aHLFALv66uHuvoQomSuqGg==/base.apk' I/O error
2019-11-28 20:21:11.635 5722-5737/? E/ResourcesManager: failed to add asset path /data/app/com.brightcove.player.samples.exoplayer.basic-aHLFALv66uHuvoQomSuqGg==/base.apk
2019-11-28 20:21:11.635 5722-5737/? W/PackageManager: Failure retrieving resources for com.brightcove.player.samples.exoplayer.basic
2019-11-28 20:21:11.635 4295-5713/? D/SecContentProvider2: isCopyContactToSimAllowed = true
2019-11-28 20:21:11.642 1816-1816/? I/Finsky: [2] tkh.a(30): Scheduling job Id: 9006, L: 26491, D: 56491, C: false, I: false, N: 0
2019-11-28 20:21:11.643 5379-5379/? D/io_stats: !@ 179,0 r 105193 6353814 w 73791 1059268 d 6161 302768 f 22574 38527 iot 113468 95376 th 51200 0 0 pt 0 inp 0 0 12604.640
2019-11-28 20:21:11.647 4295-4295/? E/LoadedApk: Unable to instantiate appComponentFactory
    java.lang.ClassNotFoundException: Didn't find class "android.support.v4.app.CoreComponentFactory" on path: DexPathList[[],nativeLibraryDirectories=[/data/app/com.android.chrome-kErVCUjia2YOHYF7SzlWeA==/lib/arm64, /data/app/com.android.chrome-kErVCUjia2YOHYF7SzlWeA==/base.apk!/lib/arm64-v8a, /data/app/com.android.chrome-kErVCUjia2YOHYF7SzlWeA==/split_autofill_assistant.apk!/lib/arm64-v8a, /data/app/com.android.chrome-kErVCUjia2YOHYF7SzlWeA==/split_autofill_assistant.config.en.apk!/lib/arm64-v8a, /data/app/com.android.chrome-kErVCUjia2YOHYF7SzlWeA==/split_config.en.apk!/lib/arm64-v8a, /system/lib64]]
        at dalvik.system.BaseDexClassLoader.findClass(BaseDexClassLoader.java:134)
        at java.lang.ClassLoader.loadClass(ClassLoader.java:379)
        at java.lang.ClassLoader.loadClass(ClassLoader.java:312)
        at android.app.LoadedApk.createAppFactory(LoadedApk.java:239)
        at android.app.LoadedApk.updateApplicationInfo(LoadedApk.java:375)
        at android.app.ActivityThread.handleDispatchPackageBroadcast(ActivityThread.java:5732)
        at android.app.ActivityThread$H.handleMessage(ActivityThread.java:1875)
        at android.os.Handler.dispatchMessage(Handler.java:106)
        at android.os.Looper.loop(Looper.java:214)
        at com.android.server.SystemServer.run(SystemServer.java:802)
        at com.android.server.SystemServer.main(SystemServer.java:624)
        at java.lang.reflect.Method.invoke(Native Method)
        at com.android.internal.os.RuntimeInit$MethodAndArgsCaller.run(RuntimeInit.java:493)
        at com.android.internal.os.ZygoteInit.main(ZygoteInit.java:945)
2019-11-28 20:21:11.647 4295-4295/? D/Telecom:SamsungPrebindingServiceImpl: onTopActivityChanged : ComponentInfo{com.brightcove.player.samples.exoplayer.basic/com.brightcove.player.samples.exoplayer.basic.MainActivity}
2019-11-28 20:21:11.647 4295-4553/? D/GameManagerService:GosNotifyThread: notifyPackageChangedToGos(), after send intent to GOS. ComponentInfo{com.samsung.android.game.gos/com.samsung.android.game.gos.service.MainIntentService}
2019-11-28 20:21:11.649 4295-4295/? D/AccessibilityManagerService: checkUniversalSwitchState start:
2019-11-28 20:21:11.649 4295-4295/? I/AccessibilityManagerService: semIsAccessibilityServiceEnabled()
2019-11-28 20:21:11.649 4295-4295/? I/AccessibilityManagerService: accesibilityService is null
2019-11-28 20:21:11.649 4295-4295/? D/AccessibilityManagerService: checkUniversalSwitchState universalSwitchEnabled:false
2019-11-28 20:21:11.649 4295-4295/? D/AccessibilityManagerService: updateInputFilter universalSwitchState:false
2019-11-28 20:21:11.649 4295-4295/? D/AccessibilityManagerService: updateInputFilter userState.mIsUniversalSwitchEnabled:false
2019-11-28 20:21:11.651 4295-4878/? I/SamsungAlarmManager: setLocked to kernel - T:2 / 20191128T202126, SetElapsed=25384400, nowELAPSED=25369833
2019-11-28 20:21:11.651 4295-4878/? D/SamsungAlarmManager: setInexact Listener (T:2/F:0/AC:false) 20191128T202208 - CU:1000/CP:4295
2019-11-28 20:21:11.651 4295-4878/? I/SamsungAlarmManager: setLocked to kernel - T:2 / 20191128T202126, SetElapsed=25384400, nowELAPSED=25369834
2019-11-28 20:21:11.652 4295-4314/? W/Looper: Drained
2019-11-28 20:21:11.654 30744-30744/? D/GOS:MainIntentService: onCreate
2019-11-28 20:21:11.655 30744-2066/? D/GOS:MainIntentService: onHandleIntent. begin
2019-11-28 20:21:11.655 30744-2066/? D/GOS:MainIntentService: onHandleIntent(). type(PACKAGE_CHANGED) from 2
2019-11-28 20:21:11.655 30744-2066/? D/GOS:MainIntentService: onHandleIntent(). type(PACKAGE_CHANGED), changeType(REPLACED), packageName(com.brightcove.player.samples.exoplayer.basic)
2019-11-28 20:21:11.655 1816-1816/? I/Finsky: [2] tlz.a(7): SCH: Jobs in database: 1-1337 3-208 12-1 26-1414141414 29-29 34-61 34-62 34-63 
2019-11-28 20:21:11.658 30744-2066/? D/GOS:SystemEventReactor: onPackageUpdated(). packageName: com.brightcove.player.samples.exoplayer.basic, versionCode: 1
2019-11-28 20:21:11.658 30744-2066/? D/GOS:PackageDAO: getPkgData(), begin
2019-11-28 20:21:11.659 4295-8104/? D/SamsungAlarmManager: Cancel Alarm calling from uid:10037 pid :5082 / op:PendingIntent{ae1e4b3: PendingIntentRecord{45a9d1b com.google.android.gms broadcastIntent}}
2019-11-28 20:21:11.659 4295-8104/? I/SamsungAlarmManager: setLocked to kernel - T:2 / 20191128T202126, SetElapsed=25384400, nowELAPSED=25369842
2019-11-28 20:21:11.666 4295-13722/? D/SamsungAlarmManager: setInexact Intent (T:2/F:0/AC:false) 20191128T204541 - CU:10037/CP:5082
2019-11-28 20:21:11.666 4295-13722/? I/SamsungAlarmManager: setLocked to kernel - T:2 / 20191128T202126, SetElapsed=25384400, nowELAPSED=25369849
2019-11-28 20:21:11.673 5722-5737/? I/AppIconSolution: return adaptive icon for com.android.chrome
2019-11-28 20:21:11.678 4295-4432/? D/MotionRecognitionService: [EARHOVER_MOTION] inject screen on / off : 1
2019-11-28 20:21:11.678 4295-4432/? D/SensorService: [EARHOVER_LITE] : setMotionDataLocked
2019-11-28 20:21:11.678 4295-4432/? D/SensorService: [EARHOVER_LITE] : INJECT_SCREEN_ON
2019-11-28 20:21:11.679 4295-4295/? D/GameManagerService: onDisplayChanged. displyId: 0, state: 2
2019-11-28 20:21:11.680 4295-4295/? D/UpdateReceiver: Handler : 0
2019-11-28 20:21:11.680 4295-4295/? D/UpdateReceiver: action : android.intent.action.PACKAGE_REPLACED, package:com.brightcove.player.samples.exoplayer.basic
2019-11-28 20:21:11.681 4295-4295/? W/Looper: Drained
2019-11-28 20:21:11.682 4295-5713/? D/[a11y]: getUserAccounts0
2019-11-28 20:21:11.682 4604-4604/? D/BarTransitions.SecNavigationBarView: MODE_TRANSPARENT -> MODE_OPAQUE animate=true
2019-11-28 20:21:11.683 4604-4604/? D/Navbar.ImmersiveControllerAdapter: onSystemUiVisibilityChanged - 24,0
2019-11-28 20:21:11.683 4604-4604/? I/Navbar.ImmersiveController: handleEvent - HIDDEN, BAR_MODE_CHANGED
2019-11-28 20:21:11.683 4604-4604/? D/LightBarController: onNavigationVisibilityChanged : vis = 18, nbModeChanged = true navigationBarMode = 0
2019-11-28 20:21:11.687 4295-13722/? D/SamsungPhoneWindowManager: adjustSystemUiVisibilityLw: vis=0x18
2019-11-28 20:21:11.687 4295-13722/? D/InputManager-JNI: setSystemUiVisibility dexmode: false changed: true displayid: 0 visibility: 0x18 DD: 0x18 OD: 0x0
2019-11-28 20:21:11.698 30744-2066/? D/GOS:PkgData: PkgData(), pkgName: com.brightcove.player.samples.exoplayer.basic
2019-11-28 20:21:11.698 30744-2066/? D/GOS:PkgData: setCustomFeatureFlag, pkgName: com.brightcove.player.samples.exoplayer.basic, old featureFlag: 342277969730895875, new featureFlag: 342277969730895875
2019-11-28 20:21:11.699 30744-2066/? D/GOS:CustomConfigDAO: getCustomConfig(), begin
2019-11-28 20:21:11.715 30744-2066/? D/GOS:PackageDAO: getPkgData(), begin
2019-11-28 20:21:11.716 4295-5713/? D/[a11y]: getUserAccounts0
2019-11-28 20:21:11.723 4295-9517/? D/[a11y]: getUserAccounts0
2019-11-28 20:21:11.738 5082-5082/? W/ChimeraUtils: Non Chimera context
2019-11-28 20:21:11.738 5082-5082/? W/ChimeraUtils: Non Chimera context
2019-11-28 20:21:11.745 4295-8104/? D/[a11y]: getUserAccounts0
2019-11-28 20:21:11.750 2034-2034/? D/SamsungAnalytics200003: [Validation] dma pkg:544001000
2019-11-28 20:21:11.752 2016-2016/com.brightcove.player.samples.exoplayer.basic I/DecorView: createDecorCaptionView >> DecorView@b017675[], isFloating: false, isApplication: true, hasWindowDecorCaption: false, hasWindowControllerCallback: true
2019-11-28 20:21:11.764 2034-2034/? D/SamsungAnalytics200003: cf feature is supported
2019-11-28 20:21:11.773 30744-2066/? D/GOS:PkgData: PkgData(), pkgName: com.brightcove.player.samples.exoplayer.basic
2019-11-28 20:21:11.773 30744-2066/? D/GOS:PkgData: setCustomFeatureFlag, pkgName: com.brightcove.player.samples.exoplayer.basic, old featureFlag: 342277969730895875, new featureFlag: 342277969730895875
2019-11-28 20:21:11.775 30744-30744/? D/GOS:MainIntentService: onDestroy
2019-11-28 20:21:11.776 4295-5840/? D/[a11y]: getUserAccounts0
2019-11-28 20:21:11.786 4295-4803/? D/MdnieScenarioControlService:  packageName : com.brightcove.player.samples.exoplayer.basic    className : com.brightcove.player.samples.exoplayer.basic.MainActivity
2019-11-28 20:21:11.788 4295-4803/? V/MdnieScenarioControlService: setUIMode from UI function(3)
2019-11-28 20:21:11.790 2034-2034/? D/SamsungAnalytics200003: send setting
2019-11-28 20:21:11.792 2034-2034/? D/SamsungAnalytics200003: newThread on Executor
2019-11-28 20:21:11.801 5467-6401/? I/Icing: IndexChimeraService.getServiceInterface callingPackage=com.google.android.gms componentName=null serviceId=30
2019-11-28 20:21:11.804 1816-1816/? I/Finsky: [2] thp.a(58): SCH: ConstraintMapping: 1-1337, 12-1, 34-62,  -> L: 14080ms, D: 72486496ms, C: false, I: false, N: 1
2019-11-28 20:21:11.805 1816-1816/? I/Finsky: [2] thp.a(58): SCH: ConstraintMapping: 34-61, 34-63,  -> L: 2326609ms, D: 1298326609ms, C: false, I: true, N: 2
2019-11-28 20:21:11.811 4295-4835/? D/[a11y]: getUserAccounts0
2019-11-28 20:21:11.811 4295-4390/? I/WindowManager: reset, Reparenting to original parent, shouldDeferScheduleAnimation=false, destroyLeash=true, surface=Surface(name=AppWindowToken{b540cb8 token=Token{d45931b ActivityRecord{f77792a u0 com.android.chrome/com.google.android.apps.chrome.Main t280}}})/@0x1c95a01, parent=Surface(name=Task=280)/@0x9edd0a6, parentNativeHandle=android.os.BinderProxy@282f1e, caller=com.android.server.wm.SurfaceAnimator.lambda$getFinishedCallback$0:97 com.android.server.wm.-$$Lambda$SurfaceAnimator$SIBia0mND666K8lMCPsoid8pUTI.run:4 com.android.server.wm.SurfaceAnimator.lambda$getFinishedCallback$1:104 com.android.server.wm.-$$Lambda$SurfaceAnimator$vdRZk66hQVbQCvVXEaQCT1kVmFc.onAnimationFinished:4 com.android.server.wm.LocalAnimationAdapter.lambda$startAnimation$0:65 
2019-11-28 20:21:11.811 4295-4390/? D/SurfaceControl: reparent is called, sc=Surface(name=AppWindowToken{b540cb8 token=Token{d45931b ActivityRecord{f77792a u0 com.android.chrome/com.google.android.apps.chrome.Main t280}}})/@0x1c95a01, newParentHandle=android.os.BinderProxy@282f1e, transaction=android.view.SurfaceControl$Transaction@270953d
2019-11-28 20:21:11.812 4295-4390/? D/SurfaceControl: destroy(transaction), animation-leash is destroyed, sc=Surface(name=Surface(name=AppWindowToken{b540cb8 token=Token{d45931b ActivityRecord{f77792a u0 com.android.chrome/com.google.android.apps.chrome.Main t280}}})/@0x1c95a01 - animation-leash)/@0x8a0697b, transaction=android.view.SurfaceControl$Transaction@270953d, caller=com.android.server.wm.SurfaceAnimator.reset:338 com.android.server.wm.SurfaceAnimator.lambda$getFinishedCallback$0:97 com.android.server.wm.-$$Lambda$SurfaceAnimator$SIBia0mND666K8lMCPsoid8pUTI.run:4 com.android.server.wm.SurfaceAnimator.lambda$getFinishedCallback$1:104 com.android.server.wm.-$$Lambda$SurfaceAnimator$vdRZk66hQVbQCvVXEaQCT1kVmFc.onAnimationFinished:4 com.android.server.wm.LocalAnimationAdapter.lambda$startAnimation$0:65 com.android.server.wm.-$$Lambda$LocalAnimationAdapter$X--EomqUvw4qy89IeeTFTH7aCMo.run:4 
2019-11-28 20:21:11.813 4295-4390/? E/WindowManager: win=Window{5f80242 u0 com.android.chrome/com.google.android.apps.chrome.Main EXITING} destroySurfaces: appStopped=false win.mWindowRemovalAllowed=false win.mRemoveOnExit=false win.mViewVisibility=8 caller=com.android.server.wm.AppWindowToken.destroySurfaces:870 com.android.server.wm.AppWindowToken.destroySurfaces:851 com.android.server.wm.WindowState.onExitAnimationDone:5423 com.android.server.wm.-$$Lambda$01bPtngJg5AqEoOWfW3rWfV7MH4.accept:2 java.util.ArrayList.forEach:1262 com.android.server.wm.AppWindowToken.onAnimationFinished:2405 com.android.server.wm.-$$Lambda$yVRF8YoeNdTa8GR1wDStVsHu8xM.run:2 
2019-11-28 20:21:11.813 4295-4390/? I/WindowManager: Destroying surface Surface(name=com.android.chrome/com.google.android.apps.chrome.Main[15000])/@0x8d485f9 called by com.android.server.wm.WindowStateAnimator.destroySurface:1880 com.android.server.wm.WindowStateAnimator.destroySurfaceLocked:838 com.android.server.wm.WindowState.destroySurfaceUnchecked:3833 com.android.server.wm.WindowState.destroySurface:3814 com.android.server.wm.AppWindowToken.destroySurfaces:870 com.android.server.wm.AppWindowToken.destroySurfaces:851 com.android.server.wm.WindowState.onExitAnimationDone:5423 com.android.server.wm.-$$Lambda$01bPtngJg5AqEoOWfW3rWfV7MH4.accept:2 
2019-11-28 20:21:11.814 2034-2034/? D/SamsungAnalytics200003: [Tracker] Tracker start:2.00.003DMA
2019-11-28 20:21:11.814 4295-4878/? D/[a11y]: getUserAccounts0
2019-11-28 20:21:11.816 3866-5199/? I/SurfaceFlinger: id=666 Removed com.android.chrome/com.google.android.apps.chrome.Main[15000]#0 (0/76)
2019-11-28 20:21:11.817 4295-4295/? D/FreeformController: Fail to invalid task id :  -1
2019-11-28 20:21:11.821 3866-3866/? I/SurfaceFlinger: Display 0 HWC layers:
        type    |    handle    | flag |  format   |   source crop (l,t,r,b)    |         frame       | name 
    ------------+--------------+------+-----------+----------------------------+---------------------+------
     SolidColor |              | 0000 |  Unknown  |   0.0    0.0   -0.2   -0.5 |    0    0 1080 2340 | animation background stackId=23#0
         Device | 0x7364e54580 | 0002 | RGBA_8888 |   0.0    0.0 1077.0 2295.0 |    3    0 1080 2295 | Splash Screen com.brightcove.player.samples.exoplayer.basic#0
         Device | 0x7364a2cc40 | 0000 | RGBA_8888 |   0.0    0.0 1080.0   86.0 |    0    0 1080   86 | StatusBar[4604]#0
         Device | 0x7364e53860 | 0000 | RGBA_8888 |   0.0    0.0 1080.0   45.0 |    0 2295 1080 2340 | NavigationBar[4604]#0
         Device | 0x7348a451c0 | 0000 | RGBA_8888 |   0.0    0.0 1080.0  340.0 |    0 2000 1080 2340 | NavbarGestureHandler[4604]#0
         Device | 0x7364e542e0 | 0000 | RGBA_8888 |   0.0    0.0 1080.0  164.0 |    0    0 1080  164 | ScreenDecorOverlay[4604]#0
         
2019-11-28 20:21:11.821 3866-3866/? I/SurfaceFlinger: Device | 0x7364e52d00 | 0000 | RGBA_8888 |   0.0    0.0 1080.0  164.0 |    0 2176 1080 2340 | ScreenDecorOverlayBottom[4604]#0
2019-11-28 20:21:11.822 1816-1816/? I/Finsky: [2] thp.a(58): SCH: ConstraintMapping: 3-208, 34-61, 34-63,  -> L: 0ms, D: 86396864ms, C: true, I: true, N: 2
2019-11-28 20:21:11.824 1816-1816/? I/Finsky: [2] thp.a(58): SCH: ConstraintMapping: 26-1414141414, 29-29,  -> L: 25912ms, D: 55912ms, C: false, I: false, N: 0
2019-11-28 20:21:11.826 4295-5840/? D/SecContentProvider2: query(), uri = 18 selection = isCopyContactToSimAllowed
2019-11-28 20:21:11.827 3866-3866/? I/Layer: id=666 onRemoved com.android.chrome/com.google.android.apps.chrome.Main[15000]#0 
2019-11-28 20:21:11.828 4295-5840/? D/SecContentProvider2: isCopyContactToSimAllowed = true
2019-11-28 20:21:11.830 3866-4441/? D/Layer: [AppWindowToken{b540cb8 token=Token{d45931b ActivityRecord{f77792a u0 com.android.chrome/com.google.android.apps.chrome.Main t280}}}#0]::reparent oldParent:[Surface(name=AppWindowToken{b540cb8 token=Token{d45931b ActivityRecord{f77792a u0 com.android.chrome/com.google.android.apps.chrome.Main t280}}})/@0x1c95a01 - animation-leash#0], newParent:[Task=280#0]
2019-11-28 20:21:11.830 3866-4441/? I/SurfaceFlinger: id=682 Removed Surface(name=AppWindowToken{b540cb8 token=Token{d45931b ActivityRecord{f77792a u0 com.android.chrome/com.google.android.apps.chrome.Main t280}}})/@0x1c95a01 - animation-leash#0 (0/75)
2019-11-28 20:21:11.830 4295-5726/? I/SamsungAlarmManager: setLocked to kernel - T:2 / 20191128T202208, SetElapsed=25426316, nowELAPSED=25370013
2019-11-28 20:21:11.831 4295-5726/? I/SamsungAlarmManager: setLocked to kernel - T:3 / 20191128T202200, SetElapsed=25418183, nowELAPSED=25370013
2019-11-28 20:21:11.831 4295-5726/? D/SamsungAlarmManager: setInexact Listener (T:2/F:0/AC:false) 20191128T202126 - CU:1000/CP:4295
2019-11-28 20:21:11.831 4295-5726/? I/SamsungAlarmManager: setLocked to kernel - T:2 / 20191128T202126, SetElapsed=25384400, nowELAPSED=25370014
2019-11-28 20:21:11.833 4295-5726/? I/SamsungAlarmManager: setLocked to kernel - T:2 / 20191128T202126, SetElapsed=25384400, nowELAPSED=25370016
2019-11-28 20:21:11.834 2016-2016/com.brightcove.player.samples.exoplayer.basic D/OpenGLRenderer: Skia GL Pipeline
2019-11-28 20:21:11.836 2016-2016/com.brightcove.player.samples.exoplayer.basic I/BaseVideoView: init
2019-11-28 20:21:11.836 4295-5726/? D/SamsungAlarmManager: setInexact Listener (T:2/F:0/AC:false) 20191128T202208 - CU:1000/CP:4295
2019-11-28 20:21:11.836 4295-5726/? I/SamsungAlarmManager: setLocked to kernel - T:2 / 20191128T202126, SetElapsed=25384400, nowELAPSED=25370019
2019-11-28 20:21:11.837 4295-5726/? D/SecContentProvider2: query(), uri = 18 selection = isCopyContactToSimAllowed
2019-11-28 20:21:11.838 4295-5726/? D/SecContentProvider2: isCopyContactToSimAllowed = true
2019-11-28 20:21:11.840 4295-4878/? I/SamsungAlarmManager: setLocked to kernel - T:2 / 20191128T202208, SetElapsed=25426316, nowELAPSED=25370023
2019-11-28 20:21:11.841 4295-4878/? I/SamsungAlarmManager: setLocked to kernel - T:3 / 20191128T202200, SetElapsed=25418183, nowELAPSED=25370024
2019-11-28 20:21:11.841 4295-4878/? D/SamsungAlarmManager: setInexact Listener (T:2/F:0/AC:false) 20191128T202137 - CU:1000/CP:4295
2019-11-28 20:21:11.841 4295-4878/? I/SamsungAlarmManager: setLocked to kernel - T:2 / 20191128T202137, SetElapsed=25395712, nowELAPSED=25370024
2019-11-28 20:21:11.843 4295-4878/? I/SamsungAlarmManager: setLocked to kernel - T:2 / 20191128T202137, SetElapsed=25395712, nowELAPSED=25370026
2019-11-28 20:21:11.843 4295-4878/? D/SamsungAlarmManager: setInexact Listener (T:2/F:0/AC:false) 20191128T202208 - CU:1000/CP:4295
2019-11-28 20:21:11.843 4295-4878/? I/SamsungAlarmManager: setLocked to kernel - T:2 / 20191128T202137, SetElapsed=25395712, nowELAPSED=25370026
2019-11-28 20:21:11.845 3866-3866/? I/Layer: id=682 onRemoved Surface(name=AppWindowToken{b540cb8 token=Token{d45931b ActivityRecord{f77792a u0 com.android.chrome/com.google.android.apps.chrome.Main t280}}})/@0x1c95a01 - animation-leash#0 
2019-11-28 20:21:11.845 4295-4878/? I/SamsungAlarmManager: setLocked to kernel - T:2 / 20191128T202208, SetElapsed=25426316, nowELAPSED=25370028
2019-11-28 20:21:11.846 4295-4878/? I/SamsungAlarmManager: setLocked to kernel - T:3 / 20191128T202200, SetElapsed=25418183, nowELAPSED=25370028
2019-11-28 20:21:11.846 4295-4878/? D/SamsungAlarmManager: setInexact Listener (T:2/F:0/AC:false) 20191128T202137 - CU:1000/CP:4295
2019-11-28 20:21:11.846 4295-4390/? I/WindowManager: reset, Reparenting to original parent, shouldDeferScheduleAnimation=false, destroyLeash=true, surface=Surface(name=AppWindowToken{97caba8 token=Token{8a297cb ActivityRecord{e016b45 u0 com.brightcove.player.samples.exoplayer.basic/.MainActivity t302}}})/@0xfa9054f, parent=Surface(name=Task=302)/@0x4af84dc, parentNativeHandle=android.os.BinderProxy@dab75cc, caller=com.android.server.wm.SurfaceAnimator.lambda$getFinishedCallback$0:97 com.android.server.wm.-$$Lambda$SurfaceAnimator$SIBia0mND666K8lMCPsoid8pUTI.run:4 com.android.server.wm.SurfaceAnimator.lambda$getFinishedCallback$1:104 com.android.server.wm.-$$Lambda$SurfaceAnimator$vdRZk66hQVbQCvVXEaQCT1kVmFc.onAnimationFinished:4 com.android.server.wm.LocalAnimationAdapter.lambda$startAnimation$0:65 
2019-11-28 20:21:11.846 4295-4390/? D/SurfaceControl: reparent is called, sc=Surface(name=AppWindowToken{97caba8 token=Token{8a297cb ActivityRecord{e016b45 u0 com.brightcove.player.samples.exoplayer.basic/.MainActivity t302}}})/@0xfa9054f, newParentHandle=android.os.BinderProxy@dab75cc, transaction=android.view.SurfaceControl$Transaction@80e1a86
2019-11-28 20:21:11.846 4295-4878/? I/SamsungAlarmManager: setLocked to kernel - T:2 / 20191128T202137, SetElapsed=25395712, nowELAPSED=25370029
2019-11-28 20:21:11.847 4295-4390/? D/SurfaceControl: destroy(transaction), animation-leash is destroyed, sc=Surface(name=Surface(name=AppWindowToken{97caba8 token=Token{8a297cb ActivityRecord{e016b45 u0 com.brightcove.player.samples.exoplayer.basic/.MainActivity t302}}})/@0xfa9054f - animation-leash)/@0xe1e12c8, transaction=android.view.SurfaceControl$Transaction@80e1a86, caller=com.android.server.wm.SurfaceAnimator.reset:338 com.android.server.wm.SurfaceAnimator.lambda$getFinishedCallback$0:97 com.android.server.wm.-$$Lambda$SurfaceAnimator$SIBia0mND666K8lMCPsoid8pUTI.run:4 com.android.server.wm.SurfaceAnimator.lambda$getFinishedCallback$1:104 com.android.server.wm.-$$Lambda$SurfaceAnimator$vdRZk66hQVbQCvVXEaQCT1kVmFc.onAnimationFinished:4 com.android.server.wm.LocalAnimationAdapter.lambda$startAnimation$0:65 com.android.server.wm.-$$Lambda$LocalAnimationAdapter$X--EomqUvw4qy89IeeTFTH7aCMo.run:4 
2019-11-28 20:21:11.847 2016-2016/com.brightcove.player.samples.exoplayer.basic I/VideoPlaybackController: Initializing VideoPlaybackController
2019-11-28 20:21:11.847 4295-4295/? D/FreeformController: Fail to invalid task id :  -1
2019-11-28 20:21:11.848 4295-4878/? I/SamsungAlarmManager: setLocked to kernel - T:2 / 20191128T202137, SetElapsed=25395712, nowELAPSED=25370030
2019-11-28 20:21:11.848 4295-5840/? D/SecContentProvider: query(), uri = 17 selection = isSettingsChangesAllowed
2019-11-28 20:21:11.848 4295-5840/? D/SecContentProvider: called from android.uid.shared:10012
2019-11-28 20:21:11.848 4295-4878/? D/SamsungAlarmManager: setInexact Listener (T:2/F:0/AC:false) 20191128T202845 - CU:1000/CP:4295
2019-11-28 20:21:11.848 4295-5840/? D/RestrictionPolicy: isSettingsChangesAllowedAsUser, userId 0 : true
2019-11-28 20:21:11.848 4295-4878/? I/SamsungAlarmManager: setLocked to kernel - T:2 / 20191128T202137, SetElapsed=25395712, nowELAPSED=25370031
2019-11-28 20:21:11.850 4295-4878/? I/SamsungAlarmManager: setLocked to kernel - T:2 / 20191128T203223, SetElapsed=26041894, nowELAPSED=25370032
2019-11-28 20:21:11.850 4295-4835/? D/SecContentProvider2: query(), uri = 18 selection = isCopyContactToSimAllowed
2019-11-28 20:21:11.850 4295-4878/? I/SamsungAlarmManager: setLocked to kernel - T:3 / 20191128T202200, SetElapsed=25418183, nowELAPSED=25370033
2019-11-28 20:21:11.850 4295-4878/? D/SamsungAlarmManager: setInexact Listener (T:2/F:0/AC:false) 20191128T202137 - CU:1000/CP:4295
2019-11-28 20:21:11.850 4295-4878/? I/SamsungAlarmManager: setLocked to kernel - T:2 / 20191128T202137, SetElapsed=25395712, nowELAPSED=25370033
2019-11-28 20:21:11.851 4295-4835/? D/SecContentProvider2: isCopyContactToSimAllowed = true
2019-11-28 20:21:11.852 3866-4441/? D/Layer: [AppWindowToken{97caba8 token=Token{8a297cb ActivityRecord{e016b45 u0 com.brightcove.player.samples.exoplayer.basic/.MainActivity t302}}}#0]::reparent oldParent:[Surface(name=AppWindowToken{97caba8 token=Token{8a297cb ActivityRecord{e016b45 u0 com.brightcove.player.samples.exoplayer.basic/.MainActivity t302}}})/@0xfa9054f - animation-leash#0], newParent:[Task=302#0]
2019-11-28 20:21:11.852 3866-4441/? I/SurfaceFlinger: id=683 Removed Surface(name=AppWindowToken{97caba8 token=Token{8a297cb ActivityRecord{e016b45 u0 com.brightcove.player.samples.exoplayer.basic/.MainActivity t302}}})/@0xfa9054f - animation-leash#0 (0/74)
2019-11-28 20:21:11.859 2016-2016/com.brightcove.player.samples.exoplayer.basic I/BrightcovePluginManager: Crashlytics was not found. Logging to console only.
2019-11-28 20:21:11.859 2016-2016/com.brightcove.player.samples.exoplayer.basic D/BrightcovePluginManager: crashlyticsLog: Git Commit SHA: 7754dc9fd6227e7b290c7dec3d5461d46bcbe39c
2019-11-28 20:21:11.859 2016-2016/com.brightcove.player.samples.exoplayer.basic D/BrightcovePluginManager: crashlyticsLog: Release Number: 6.9.0
2019-11-28 20:21:11.859 4295-5726/? D/SecContentProvider2: query(), uri = 18 selection = isCopyContactToSimAllowed
