2019-11-28 20:21:08.130 4295-4401/? D/SensorService: [SO] 0.091 0.249 9.828
2019-11-28 20:21:08.138 4295-4326/? D/PowerManagerService: UserActivityState : 1 -> 2
2019-11-28 20:21:08.138 4295-4326/? D/PowerManagerService: mDisplayReady: false
2019-11-28 20:21:08.138 4295-4326/? D/DisplayPowerController: animateScreenStateChange: target=2, targetInternal=2, dualScreenPolicy=-1
2019-11-28 20:21:08.139 4295-4549/? D/[a11y]: getUserAccounts0
2019-11-28 20:21:08.139 4295-4326/? D/DisplayPowerController: getFinalBrightness : Summary is 1 -> 1
2019-11-28 20:21:08.139 4295-4326/? D/DisplayPowerController: Animating brightness: target=1, rate=2000 (PSM:, AB limit:(-1 ~ -1) MB Limit:(-1 ~ 365)
2019-11-28 20:21:08.139 4295-4326/? D/PowerManagerService: DisplayPowerCallbacks : onStateChanged()
2019-11-28 20:21:08.139 4295-4326/? D/PowerManagerService: mDisplayReady: true
2019-11-28 20:21:08.168 4295-4326/? D/DisplayPowerController: animateScreenStateChange: target=2, targetInternal=2, dualScreenPolicy=-1
2019-11-28 20:21:08.168 4295-4539/? D/BrightnessHandler: [EARSENSE_MOTION]inject brightness
2019-11-28 20:21:08.168 4295-4326/? D/DisplayPowerController: getFinalBrightness : Summary is 1 -> 1
2019-11-28 20:21:08.169 3843-4398/? I/Sensors: hal_brightness: 1
2019-11-28 20:21:08.170 4295-4539/? D/BrightnessHandler: [EARSENSE_MOTION]inject brightness
2019-11-28 20:21:08.171 3843-3843/? I/Sensors: hal_brightness: 1
2019-11-28 20:21:08.173 3855-3855/? D/SECLightsHAL: lcd : 1 +
2019-11-28 20:21:08.183 3855-3855/? D/SECLightsHAL: lcd : 1 -
2019-11-28 20:21:08.238 4295-4549/? D/ConnectivityService: filterNetworkStateForUid() uid: 10059, pid: 1816
2019-11-28 20:21:08.239 4295-4549/? D/ConnectivityService: filterNetworkStateForUid() uid: 10059, pid: 1816, networkInfo: [type: WIFI[], state: CONNECTED/CONNECTED, reason: (unspecified), extra: (none), failover: false, available: true, roaming: false]
2019-11-28 20:21:08.297 1816-1816/? I/Finsky: [2] tlz.a(7): SCH: Jobs in database: 1-1337 3-207 26-1414141414 29-29 34-61 34-62 34-63 
2019-11-28 20:21:08.360 1816-1816/? I/Finsky: [2] thp.a(58): SCH: ConstraintMapping: 1-1337, 34-62,  -> L: 29289856ms, D: 72489856ms, C: false, I: false, N: 1
2019-11-28 20:21:08.361 1816-1816/? I/Finsky: [2] thp.a(58): SCH: ConstraintMapping: 34-61, 34-63,  -> L: 2330026ms, D: 1298330026ms, C: false, I: true, N: 2
2019-11-28 20:21:08.364 1816-1816/? I/Finsky: [2] thp.a(58): SCH: ConstraintMapping: 3-207, 34-61, 34-63,  -> L: 0ms, D: 84160924ms, C: true, I: true, N: 2
2019-11-28 20:21:08.371 1816-1816/? I/Finsky: [2] thp.a(58): SCH: ConstraintMapping: 26-1414141414, 29-29,  -> L: 29291ms, D: 59291ms, C: false, I: false, N: 0
2019-11-28 20:21:08.375 4295-4549/? I/SamsungAlarmManager: setLocked to kernel - T:2 / 20191128T203223, SetElapsed=26041894, nowELAPSED=25366558
2019-11-28 20:21:08.375 4295-4549/? I/SamsungAlarmManager: setLocked to kernel - T:3 / 20191128T202200, SetElapsed=25418183, nowELAPSED=25366558
2019-11-28 20:21:08.375 4295-4549/? D/SamsungAlarmManager: setInexact Listener (T:2/F:0/AC:false) 20191128T202137 - CU:1000/CP:4295
2019-11-28 20:21:08.376 4295-4549/? I/SamsungAlarmManager: setLocked to kernel - T:2 / 20191128T202137, SetElapsed=25395712, nowELAPSED=25366559
2019-11-28 20:21:08.376 1816-1854/? W/Settings: Setting install_non_market_apps has moved from android.provider.Settings.Global to android.provider.Settings.Secure, returning read-only value.
2019-11-28 20:21:08.377 4295-4549/? I/SamsungAlarmManager: setLocked to kernel - T:2 / 20191128T202137, SetElapsed=25395712, nowELAPSED=25366560
2019-11-28 20:21:08.377 4295-4549/? D/SamsungAlarmManager: setInexact Listener (T:2/F:0/AC:false) 20191128T202845 - CU:1000/CP:4295
2019-11-28 20:21:08.378 4295-4549/? I/SamsungAlarmManager: setLocked to kernel - T:2 / 20191128T202137, SetElapsed=25395712, nowELAPSED=25366561
2019-11-28 20:21:08.380 4295-4835/? I/SamsungAlarmManager: setLocked to kernel - T:2 / 20191128T203223, SetElapsed=26041894, nowELAPSED=25366563
2019-11-28 20:21:08.381 4295-4835/? I/SamsungAlarmManager: setLocked to kernel - T:3 / 20191128T202200, SetElapsed=25418183, nowELAPSED=25366564
2019-11-28 20:21:08.381 4295-4835/? D/SamsungAlarmManager: setInexact Listener (T:2/F:0/AC:false) 20191128T202137 - CU:1000/CP:4295
2019-11-28 20:21:08.381 4295-4835/? I/SamsungAlarmManager: setLocked to kernel - T:2 / 20191128T202137, SetElapsed=25395712, nowELAPSED=25366564
2019-11-28 20:21:08.383 4295-4835/? I/SamsungAlarmManager: setLocked to kernel - T:2 / 20191128T202137, SetElapsed=25395712, nowELAPSED=25366566
2019-11-28 20:21:08.383 4295-4835/? D/SamsungAlarmManager: setInexact Listener (T:2/F:0/AC:false) 20191128T202845 - CU:1000/CP:4295
2019-11-28 20:21:08.383 4295-4835/? I/SamsungAlarmManager: setLocked to kernel - T:2 / 20191128T202137, SetElapsed=25395712, nowELAPSED=25366566
2019-11-28 20:21:08.386 4295-4835/? I/SamsungAlarmManager: setLocked to kernel - T:2 / 20191128T203223, SetElapsed=26041894, nowELAPSED=25366569
2019-11-28 20:21:08.386 4295-4835/? I/SamsungAlarmManager: setLocked to kernel - T:3 / 20191128T202200, SetElapsed=25418183, nowELAPSED=25366569
2019-11-28 20:21:08.387 4295-4835/? D/SamsungAlarmManager: setInexact Listener (T:2/F:0/AC:false) 20191128T202137 - CU:1000/CP:4295
2019-11-28 20:21:08.387 4295-4835/? I/SamsungAlarmManager: setLocked to kernel - T:2 / 20191128T202137, SetElapsed=25395712, nowELAPSED=25366570
2019-11-28 20:21:08.388 4295-4835/? I/SamsungAlarmManager: setLocked to kernel - T:2 / 20191128T202137, SetElapsed=25395712, nowELAPSED=25366571
2019-11-28 20:21:08.389 4295-4835/? D/SamsungAlarmManager: setInexact Listener (T:2/F:0/AC:false) 20191128T202845 - CU:1000/CP:4295
2019-11-28 20:21:08.389 4295-4835/? I/SamsungAlarmManager: setLocked to kernel - T:2 / 20191128T202137, SetElapsed=25395712, nowELAPSED=25366572
2019-11-28 20:21:08.391 4295-4835/? I/SamsungAlarmManager: setLocked to kernel - T:2 / 20191128T203223, SetElapsed=26041894, nowELAPSED=25366574
2019-11-28 20:21:08.392 4295-4835/? I/SamsungAlarmManager: setLocked to kernel - T:3 / 20191128T202200, SetElapsed=25418183, nowELAPSED=25366574
2019-11-28 20:21:08.392 4295-4835/? D/SamsungAlarmManager: setInexact Listener (T:2/F:0/AC:false) 20191128T202137 - CU:1000/CP:4295
2019-11-28 20:21:08.392 4295-4835/? I/SamsungAlarmManager: setLocked to kernel - T:2 / 20191128T202137, SetElapsed=25395712, nowELAPSED=25366575
2019-11-28 20:21:08.394 4295-4835/? I/SamsungAlarmManager: setLocked to kernel - T:2 / 20191128T202137, SetElapsed=25395712, nowELAPSED=25366576
2019-11-28 20:21:08.394 4295-4835/? D/SamsungAlarmManager: setInexact Listener (T:2/F:0/AC:false) 20191128T202845 - CU:1000/CP:4295
2019-11-28 20:21:08.394 4295-4835/? I/SamsungAlarmManager: setLocked to kernel - T:2 / 20191128T202137, SetElapsed=25395712, nowELAPSED=25366577
2019-11-28 20:21:08.395 1816-1816/? I/Finsky: [2] tkh.a(37): Cancelling existing jobscheduler jobs: 9004 9005 9006 9000 
2019-11-28 20:21:08.397 1816-1816/? I/Finsky: [2] tkh.a(30): Scheduling job Id: 9001, L: 29289856, D: 72489856, C: false, I: false, N: 1
2019-11-28 20:21:08.398 4295-4835/? D/ConnectivityService: filterNetworkStateForUid() uid: 10059, pid: 4295
2019-11-28 20:21:08.398 4295-4835/? D/ConnectivityService: filterNetworkStateForUid() uid: 10059, pid: 4295, networkInfo: [type: WIFI[], state: CONNECTED/CONNECTED, reason: (unspecified), extra: (none), failover: false, available: true, roaming: false]
2019-11-28 20:21:08.400 1816-1816/? I/Finsky: [2] tkh.a(30): Scheduling job Id: 9002, L: 2330026, D: 1298330026, C: false, I: true, N: 2
2019-11-28 20:21:08.401 4295-4835/? D/ConnectivityService: filterNetworkStateForUid() uid: 10059, pid: 4295
2019-11-28 20:21:08.402 4295-4835/? D/ConnectivityService: filterNetworkStateForUid() uid: 10059, pid: 4295, networkInfo: [type: WIFI[], state: CONNECTED/CONNECTED, reason: (unspecified), extra: (none), failover: false, available: true, roaming: false]
2019-11-28 20:21:08.403 1816-1816/? I/Finsky: [2] tkh.a(30): Scheduling job Id: 9003, L: 0, D: 84160924, C: true, I: true, N: 2
2019-11-28 20:21:08.406 4295-4835/? D/ConnectivityService: filterNetworkStateForUid() uid: 10059, pid: 4295
2019-11-28 20:21:08.407 4295-4835/? D/ConnectivityService: filterNetworkStateForUid() uid: 10059, pid: 4295, networkInfo: [type: WIFI[], state: CONNECTED/CONNECTED, reason: (unspecified), extra: (none), failover: false, available: true, roaming: false]
2019-11-28 20:21:08.408 1816-1816/? I/Finsky: [2] tkh.a(30): Scheduling job Id: 9007, L: 29291, D: 59291, C: false, I: false, N: 0
2019-11-28 20:21:08.411 4295-4835/? I/SamsungAlarmManager: setLocked to kernel - T:2 / 20191128T202137, SetElapsed=25395712, nowELAPSED=25366594
2019-11-28 20:21:08.411 4295-4835/? D/SamsungAlarmManager: setInexact Listener (T:2/F:0/AC:false) 20191128T202207 - CU:1000/CP:4295
2019-11-28 20:21:08.411 4295-4835/? I/SamsungAlarmManager: setLocked to kernel - T:2 / 20191128T202137, SetElapsed=25395712, nowELAPSED=25366594
2019-11-28 20:21:08.418 1816-1903/? I/Finsky: [235] mnb.run(2): Installer: Installer starting.
2019-11-28 20:21:08.419 1816-1903/? I/Finsky: [235] mnb.run(4): Installer: Installer started.
2019-11-28 20:21:08.423 1816-1816/? I/Finsky: [2] moa.a(252): Installer: found apps to install. isMultiUserMode=false, apps=[]
2019-11-28 20:21:08.423 4295-4835/? D/ConnectivityService: filterNetworkStateForUid() uid: 10059, pid: 1816
2019-11-28 20:21:08.424 4295-4835/? D/ConnectivityService: filterNetworkStateForUid() uid: 10059, pid: 1816, networkInfo: [type: WIFI[], state: CONNECTED/CONNECTED, reason: (unspecified), extra: (none), failover: false, available: true, roaming: false]
2019-11-28 20:21:08.425 4295-4835/? D/ConnectivityService: filterNetworkStateForUid() uid: 10059, pid: 1816
2019-11-28 20:21:08.425 4295-4835/? D/ConnectivityService: filterNetworkStateForUid() uid: 10059, pid: 1816, networkInfo: [type: WIFI[], state: CONNECTED/CONNECTED, reason: (unspecified), extra: (none), failover: false, available: true, roaming: false]
2019-11-28 20:21:08.460 1816-1816/? I/Finsky: [2] tli.a(3): SCH: Canceling job 3-207
2019-11-28 20:21:08.468 1816-1816/? I/Finsky: [2] tlz.a(7): SCH: Jobs in database: 1-1337 26-1414141414 29-29 34-61 34-62 34-63 
2019-11-28 20:21:08.490 1816-1816/? I/Finsky: [2] thp.a(58): SCH: ConstraintMapping: 1-1337, 34-62,  -> L: 29289695ms, D: 72489695ms, C: false, I: false, N: 1
2019-11-28 20:21:08.491 1816-1816/? I/Finsky: [2] thp.a(58): SCH: ConstraintMapping: 34-61, 34-63,  -> L: 2329889ms, D: 1298329889ms, C: false, I: true, N: 2
2019-11-28 20:21:08.492 1816-1816/? I/Finsky: [2] thp.a(58): SCH: ConstraintMapping: 34-61, 34-63,  -> L: 2329889ms, D: 1298329889ms, C: true, I: true, N: 2
2019-11-28 20:21:08.494 1816-1816/? I/Finsky: [2] thp.a(58): SCH: ConstraintMapping: 26-1414141414, 29-29,  -> L: 29138ms, D: 59138ms, C: false, I: false, N: 0
2019-11-28 20:21:08.499 4295-4835/? I/SamsungAlarmManager: setLocked to kernel - T:2 / 20191128T202207, SetElapsed=25425883, nowELAPSED=25366682
2019-11-28 20:21:08.499 4295-4835/? I/SamsungAlarmManager: setLocked to kernel - T:3 / 20191128T202200, SetElapsed=25418183, nowELAPSED=25366682
2019-11-28 20:21:08.500 4295-4835/? D/SamsungAlarmManager: setInexact Listener (T:2/F:0/AC:false) 20191128T202137 - CU:1000/CP:4295
2019-11-28 20:21:08.500 4295-4835/? I/SamsungAlarmManager: setLocked to kernel - T:2 / 20191128T202137, SetElapsed=25395712, nowELAPSED=25366683
2019-11-28 20:21:08.501 4295-4835/? I/SamsungAlarmManager: setLocked to kernel - T:2 / 20191128T202137, SetElapsed=25395712, nowELAPSED=25366684
2019-11-28 20:21:08.502 4295-4835/? D/SamsungAlarmManager: setInexact Listener (T:2/F:0/AC:false) 20191128T202207 - CU:1000/CP:4295
2019-11-28 20:21:08.502 4295-4835/? I/SamsungAlarmManager: setLocked to kernel - T:2 / 20191128T202137, SetElapsed=25395712, nowELAPSED=25366685
2019-11-28 20:21:08.504 4295-4835/? I/SamsungAlarmManager: setLocked to kernel - T:2 / 20191128T202207, SetElapsed=25425883, nowELAPSED=25366687
2019-11-28 20:21:08.505 4295-4835/? I/SamsungAlarmManager: setLocked to kernel - T:3 / 20191128T202200, SetElapsed=25418183, nowELAPSED=25366688
2019-11-28 20:21:08.505 4295-4835/? D/SamsungAlarmManager: setInexact Listener (T:2/F:0/AC:false) 20191128T202137 - CU:1000/CP:4295
2019-11-28 20:21:08.505 4295-4835/? I/SamsungAlarmManager: setLocked to kernel - T:2 / 20191128T202137, SetElapsed=25395712, nowELAPSED=25366688
2019-11-28 20:21:08.507 4295-4835/? I/SamsungAlarmManager: setLocked to kernel - T:2 / 20191128T202137, SetElapsed=25395712, nowELAPSED=25366690
2019-11-28 20:21:08.507 4295-4835/? D/SamsungAlarmManager: setInexact Listener (T:2/F:0/AC:false) 20191128T202207 - CU:1000/CP:4295
2019-11-28 20:21:08.508 4295-4835/? I/SamsungAlarmManager: setLocked to kernel - T:2 / 20191128T202137, SetElapsed=25395712, nowELAPSED=25366690
2019-11-28 20:21:08.510 4295-4835/? I/SamsungAlarmManager: setLocked to kernel - T:2 / 20191128T202207, SetElapsed=25425883, nowELAPSED=25366693
2019-11-28 20:21:08.510 4295-4835/? I/SamsungAlarmManager: setLocked to kernel - T:3 / 20191128T202200, SetElapsed=25418183, nowELAPSED=25366693
2019-11-28 20:21:08.511 4295-4835/? D/SamsungAlarmManager: setInexact Listener (T:2/F:0/AC:false) 20191128T202137 - CU:1000/CP:4295
2019-11-28 20:21:08.511 4295-4835/? I/SamsungAlarmManager: setLocked to kernel - T:2 / 20191128T202137, SetElapsed=25395712, nowELAPSED=25366694
2019-11-28 20:21:08.512 4295-4835/? I/SamsungAlarmManager: setLocked to kernel - T:2 / 20191128T202137, SetElapsed=25395712, nowELAPSED=25366695
2019-11-28 20:21:08.513 4295-4835/? D/SamsungAlarmManager: setInexact Listener (T:2/F:0/AC:false) 20191128T202845 - CU:1000/CP:4295
2019-11-28 20:21:08.513 4295-4835/? I/SamsungAlarmManager: setLocked to kernel - T:2 / 20191128T202137, SetElapsed=25395712, nowELAPSED=25366696
2019-11-28 20:21:08.515 4295-4835/? I/SamsungAlarmManager: setLocked to kernel - T:2 / 20191128T203223, SetElapsed=26041894, nowELAPSED=25366698
2019-11-28 20:21:08.515 4295-4835/? I/SamsungAlarmManager: setLocked to kernel - T:3 / 20191128T202200, SetElapsed=25418183, nowELAPSED=25366698
2019-11-28 20:21:08.516 4295-4835/? D/SamsungAlarmManager: setInexact Listener (T:2/F:0/AC:false) 20191128T202137 - CU:1000/CP:4295
2019-11-28 20:21:08.516 4295-4835/? I/SamsungAlarmManager: setLocked to kernel - T:2 / 20191128T202137, SetElapsed=25395712, nowELAPSED=25366699
2019-11-28 20:21:08.517 4295-4835/? I/SamsungAlarmManager: setLocked to kernel - T:2 / 20191128T202137, SetElapsed=25395712, nowELAPSED=25366700
2019-11-28 20:21:08.518 4295-4835/? D/SamsungAlarmManager: setInexact Listener (T:2/F:0/AC:false) 20191128T202845 - CU:1000/CP:4295
2019-11-28 20:21:08.518 4295-4835/? I/SamsungAlarmManager: setLocked to kernel - T:2 / 20191128T202137, SetElapsed=25395712, nowELAPSED=25366701
2019-11-28 20:21:08.519 1816-1816/? I/Finsky: [2] tkh.a(37): Cancelling existing jobscheduler jobs: 9002 9001 9007 9003 
2019-11-28 20:21:08.520 1816-1816/? I/Finsky: [2] tkh.a(30): Scheduling job Id: 9000, L: 29289695, D: 72489695, C: false, I: false, N: 1
2019-11-28 20:21:08.521 4295-4835/? D/ConnectivityService: filterNetworkStateForUid() uid: 10059, pid: 4295
2019-11-28 20:21:08.522 4295-4835/? D/ConnectivityService: filterNetworkStateForUid() uid: 10059, pid: 4295, networkInfo: [type: WIFI[], state: CONNECTED/CONNECTED, reason: (unspecified), extra: (none), failover: false, available: true, roaming: false]
2019-11-28 20:21:08.523 1816-1816/? I/Finsky: [2] tkh.a(30): Scheduling job Id: 9004, L: 2329889, D: 1298329889, C: false, I: true, N: 2
2019-11-28 20:21:08.525 4295-4835/? D/ConnectivityService: filterNetworkStateForUid() uid: 10059, pid: 4295
2019-11-28 20:21:08.525 4295-4835/? D/ConnectivityService: filterNetworkStateForUid() uid: 10059, pid: 4295, networkInfo: [type: WIFI[], state: CONNECTED/CONNECTED, reason: (unspecified), extra: (none), failover: false, available: true, roaming: false]
2019-11-28 20:21:08.527 1816-1816/? I/Finsky: [2] tkh.a(30): Scheduling job Id: 9005, L: 2329889, D: 1298329889, C: true, I: true, N: 2
2019-11-28 20:21:08.528 4295-4835/? D/ConnectivityService: filterNetworkStateForUid() uid: 10059, pid: 4295
2019-11-28 20:21:08.529 4295-4835/? D/ConnectivityService: filterNetworkStateForUid() uid: 10059, pid: 4295, networkInfo: [type: WIFI[], state: CONNECTED/CONNECTED, reason: (unspecified), extra: (none), failover: false, available: true, roaming: false]
2019-11-28 20:21:08.530 1816-1816/? I/Finsky: [2] tkh.a(30): Scheduling job Id: 9006, L: 29138, D: 59138, C: false, I: false, N: 0
2019-11-28 20:21:08.535 4295-4835/? I/SamsungAlarmManager: setLocked to kernel - T:2 / 20191128T202137, SetElapsed=25395712, nowELAPSED=25366718
2019-11-28 20:21:08.535 4295-4835/? D/SamsungAlarmManager: setInexact Listener (T:2/F:0/AC:false) 20191128T202207 - CU:1000/CP:4295
2019-11-28 20:21:08.536 4295-4835/? I/SamsungAlarmManager: setLocked to kernel - T:2 / 20191128T202137, SetElapsed=25395712, nowELAPSED=25366718
2019-11-28 20:21:08.545 1816-1908/? I/Finsky: [240] mzp.c(25): IQ: Creating job 208, for (REQ_CHARGING, REQ_DEVICE_IDLE, REQ_GEARHEAD_PROJECTION_OFF, NETWORK=UNMETERED, PROVISIONING_STATE=PROVISIONED)
2019-11-28 20:21:08.571 1816-1816/? I/Finsky: [2] tlz.a(7): SCH: Jobs in database: 1-1337 3-208 26-1414141414 29-29 34-61 34-62 34-63 
2019-11-28 20:21:08.596 1816-1816/? I/Finsky: [2] thp.a(58): SCH: ConstraintMapping: 1-1337, 34-62,  -> L: 29289592ms, D: 72489592ms, C: false, I: false, N: 1
2019-11-28 20:21:08.597 1816-1816/? I/Finsky: [2] thp.a(58): SCH: ConstraintMapping: 34-61, 34-63,  -> L: 2329783ms, D: 1298329783ms, C: false, I: true, N: 2
2019-11-28 20:21:08.598 1816-1816/? I/Finsky: [2] thp.a(58): SCH: ConstraintMapping: 3-208, 34-61, 34-63,  -> L: 0ms, D: 86399974ms, C: true, I: true, N: 2
2019-11-28 20:21:08.599 1816-1816/? I/Finsky: [2] thp.a(58): SCH: ConstraintMapping: 26-1414141414, 29-29,  -> L: 29032ms, D: 59032ms, C: false, I: false, N: 0
2019-11-28 20:21:08.603 4295-4835/? I/SamsungAlarmManager: setLocked to kernel - T:2 / 20191128T202207, SetElapsed=25425854, nowELAPSED=25366785
2019-11-28 20:21:08.603 4295-4835/? I/SamsungAlarmManager: setLocked to kernel - T:3 / 20191128T202200, SetElapsed=25418183, nowELAPSED=25366786
2019-11-28 20:21:08.603 4295-4835/? D/SamsungAlarmManager: setInexact Listener (T:2/F:0/AC:false) 20191128T202137 - CU:1000/CP:4295
2019-11-28 20:21:08.603 4295-4835/? I/SamsungAlarmManager: setLocked to kernel - T:2 / 20191128T202137, SetElapsed=25395712, nowELAPSED=25366786
2019-11-28 20:21:08.605 4295-4835/? I/SamsungAlarmManager: setLocked to kernel - T:2 / 20191128T202137, SetElapsed=25395712, nowELAPSED=25366788
2019-11-28 20:21:08.606 4295-4835/? D/SamsungAlarmManager: setInexact Listener (T:2/F:0/AC:false) 20191128T202207 - CU:1000/CP:4295
2019-11-28 20:21:08.606 4295-4835/? I/SamsungAlarmManager: setLocked to kernel - T:2 / 20191128T202137, SetElapsed=25395712, nowELAPSED=25366789
2019-11-28 20:21:08.608 4295-4835/? I/SamsungAlarmManager: setLocked to kernel - T:2 / 20191128T202207, SetElapsed=25425854, nowELAPSED=25366791
2019-11-28 20:21:08.608 4295-4835/? I/SamsungAlarmManager: setLocked to kernel - T:3 / 20191128T202200, SetElapsed=25418183, nowELAPSED=25366791
2019-11-28 20:21:08.609 4295-4835/? D/SamsungAlarmManager: setInexact Listener (T:2/F:0/AC:false) 20191128T202137 - CU:1000/CP:4295
2019-11-28 20:21:08.609 4295-4835/? I/SamsungAlarmManager: setLocked to kernel - T:2 / 20191128T202137, SetElapsed=25395712, nowELAPSED=25366792
2019-11-28 20:21:08.611 4295-4835/? I/SamsungAlarmManager: setLocked to kernel - T:2 / 20191128T202137, SetElapsed=25395712, nowELAPSED=25366793
2019-11-28 20:21:08.611 4295-4835/? D/SamsungAlarmManager: setInexact Listener (T:2/F:0/AC:false) 20191128T202845 - CU:1000/CP:4295
2019-11-28 20:21:08.611 4295-4835/? I/SamsungAlarmManager: setLocked to kernel - T:2 / 20191128T202137, SetElapsed=25395712, nowELAPSED=25366794
2019-11-28 20:21:08.613 4295-4835/? I/SamsungAlarmManager: setLocked to kernel - T:2 / 20191128T203223, SetElapsed=26041894, nowELAPSED=25366796
2019-11-28 20:21:08.614 4295-4835/? I/SamsungAlarmManager: setLocked to kernel - T:3 / 20191128T202159, SetElapsed=25418182, nowELAPSED=25366796
2019-11-28 20:21:08.614 4295-4835/? D/SamsungAlarmManager: setInexact Listener (T:2/F:0/AC:false) 20191128T202137 - CU:1000/CP:4295
2019-11-28 20:21:08.614 4295-4835/? I/SamsungAlarmManager: setLocked to kernel - T:2 / 20191128T202137, SetElapsed=25395712, nowELAPSED=25366797
2019-11-28 20:21:08.616 4295-4835/? I/SamsungAlarmManager: setLocked to kernel - T:2 / 20191128T202137, SetElapsed=25395712, nowELAPSED=25366799
2019-11-28 20:21:08.616 4295-4835/? D/SamsungAlarmManager: setInexact Listener (T:2/F:0/AC:false) 20191128T202845 - CU:1000/CP:4295
2019-11-28 20:21:08.616 4295-4835/? I/SamsungAlarmManager: setLocked to kernel - T:2 / 20191128T202137, SetElapsed=25395712, nowELAPSED=25366799
2019-11-28 20:21:08.619 4295-4835/? I/SamsungAlarmManager: setLocked to kernel - T:2 / 20191128T203223, SetElapsed=26041894, nowELAPSED=25366802
2019-11-28 20:21:08.619 4295-4835/? I/SamsungAlarmManager: setLocked to kernel - T:3 / 20191128T202200, SetElapsed=25418183, nowELAPSED=25366802
2019-11-28 20:21:08.619 4295-4835/? D/SamsungAlarmManager: setInexact Listener (T:2/F:0/AC:false) 20191128T202137 - CU:1000/CP:4295
2019-11-28 20:21:08.620 4295-4835/? I/SamsungAlarmManager: setLocked to kernel - T:2 / 20191128T202137, SetElapsed=25395712, nowELAPSED=25366803
2019-11-28 20:21:08.621 4295-4835/? I/SamsungAlarmManager: setLocked to kernel - T:2 / 20191128T202137, SetElapsed=25395712, nowELAPSED=25366804
2019-11-28 20:21:08.621 4295-4835/? D/SamsungAlarmManager: setInexact Listener (T:2/F:0/AC:false) 20191128T202845 - CU:1000/CP:4295
2019-11-28 20:21:08.622 4295-4835/? I/SamsungAlarmManager: setLocked to kernel - T:2 / 20191128T202137, SetElapsed=25395712, nowELAPSED=25366804
2019-11-28 20:21:08.622 1816-1816/? I/Finsky: [2] tkh.a(37): Cancelling existing jobscheduler jobs: 9004 9006 9000 9005 
2019-11-28 20:21:08.623 1816-1816/? I/Finsky: [2] tkh.a(30): Scheduling job Id: 9001, L: 29289592, D: 72489592, C: false, I: false, N: 1
2019-11-28 20:21:08.624 4295-4835/? D/ConnectivityService: filterNetworkStateForUid() uid: 10059, pid: 4295
2019-11-28 20:21:08.625 4295-4835/? D/ConnectivityService: filterNetworkStateForUid() uid: 10059, pid: 4295, networkInfo: [type: WIFI[], state: CONNECTED/CONNECTED, reason: (unspecified), extra: (none), failover: false, available: true, roaming: false]
2019-11-28 20:21:08.628 1816-1816/? I/Finsky: [2] tkh.a(30): Scheduling job Id: 9002, L: 2329783, D: 1298329783, C: false, I: true, N: 2
2019-11-28 20:21:08.629 4295-4835/? D/ConnectivityService: filterNetworkStateForUid() uid: 10059, pid: 4295
2019-11-28 20:21:08.630 4295-4835/? D/ConnectivityService: filterNetworkStateForUid() uid: 10059, pid: 4295, networkInfo: [type: WIFI[], state: CONNECTED/CONNECTED, reason: (unspecified), extra: (none), failover: false, available: true, roaming: false]
2019-11-28 20:21:08.631 1816-1816/? I/Finsky: [2] tkh.a(30): Scheduling job Id: 9003, L: 0, D: 86399974, C: true, I: true, N: 2
2019-11-28 20:21:08.633 4295-4835/? D/ConnectivityService: filterNetworkStateForUid() uid: 10059, pid: 4295
2019-11-28 20:21:08.633 4295-4835/? D/ConnectivityService: filterNetworkStateForUid() uid: 10059, pid: 4295, networkInfo: [type: WIFI[], state: CONNECTED/CONNECTED, reason: (unspecified), extra: (none), failover: false, available: true, roaming: false]
2019-11-28 20:21:08.634 1816-1816/? I/Finsky: [2] tkh.a(30): Scheduling job Id: 9007, L: 29032, D: 59032, C: false, I: false, N: 0
2019-11-28 20:21:08.636 4295-4835/? I/SamsungAlarmManager: setLocked to kernel - T:2 / 20191128T202137, SetElapsed=25395712, nowELAPSED=25366819
2019-11-28 20:21:08.637 4295-4835/? D/SamsungAlarmManager: setInexact Listener (T:2/F:0/AC:false) 20191128T202207 - CU:1000/CP:4295
2019-11-28 20:21:08.637 4295-4835/? I/SamsungAlarmManager: setLocked to kernel - T:2 / 20191128T202137, SetElapsed=25395712, nowELAPSED=25366820
2019-11-28 20:21:08.648 1816-1816/? I/Finsky: [2] uwr.a(20): Connecting InstallListener to SplitInstallService broadcaster...
2019-11-28 20:21:08.805 4295-4835/? D/ConnectivityService: filterNetworkStateForUid() uid: 10059, pid: 1816
2019-11-28 20:21:08.806 4295-4835/? D/ConnectivityService: filterNetworkStateForUid() uid: 10059, pid: 1816, networkInfo: [type: WIFI[], state: CONNECTED/CONNECTED, reason: (unspecified), extra: (none), failover: false, available: true, roaming: false]
2019-11-28 20:21:08.810 1816-1854/? I/Finsky: [199] kwv.a(8): Task 7 requested foreground
2019-11-28 20:21:08.816 1816-1854/? I/Finsky: [199] kwv.a(21): Not entering foreground
2019-11-28 20:21:08.849 3826-3884/? D/DnsProxyListener: DNSDBG::dns addrinfo af 2
2019-11-28 20:21:09.048 3843-4398/? I/Sensors: [AMS] lux : 9, cam_lux : -1, result_lux : 9, brightness: 1, cam_on: 0
2019-11-28 20:21:09.058 1816-1864/? I/Finsky: [208] zox.b(4): Verify: Verification package=com.brightcove.player.samples.exoplayer.basic, id=6 response=0
2019-11-28 20:21:09.100 1816-1854/? I/Finsky: [199] zuk.b(6): PSIC verification started with installer uid: 2000 package name: null, originating uid: -1
2019-11-28 20:21:09.107 1816-1816/? I/Finsky: [2] zqa.c(5): Verifying id=6, result=1
2019-11-28 20:21:09.107 4295-4835/? D/PackageManager: [VERIFY] verifyPendingInstall(6, ALLOW), uid=10059
2019-11-28 20:21:09.109 4295-4335/? D/PackageManager: [VERIFY] PACKAGE_VERIFIED: 
    PackageVerificationState{
        verifier packages=com.android.vending(10059),com.samsung.android.sm.devicesecurity(5012),
        intent=Intent { act=android.intent.action.PACKAGE_NEEDS_VERIFICATION dat=file:///data/app/vmdl1778939452.tmp typ=application/vnd.android.package-archive flg=0x10000001 cmp=com.android.vending/com.google.android.finsky.verifier.impl.PackageVerificationReceiver (has extras) }
        others=10059, false, false, false, false, false
    }
2019-11-28 20:21:09.110 4295-4335/? D/PackageManager: [VERIFY] setVerifierResponse {verificationID=10059, uid=10059, code=1}
2019-11-28 20:21:09.110 4295-4335/? D/PackageManager: [VERIFY] sendOrderedBroadcastToPendingVerifier:
    PackageVerificationState{
        verifier packages=com.samsung.android.sm.devicesecurity(5012),
        intent=Intent { act=android.intent.action.PACKAGE_NEEDS_VERIFICATION dat=file:///data/app/vmdl1778939452.tmp typ=application/vnd.android.package-archive flg=0x10000001 cmp=com.android.vending/com.google.android.finsky.verifier.impl.PackageVerificationReceiver (has extras) }
        others=10059, false, false, false, false, false
    }
2019-11-28 20:21:09.111 4295-4469/? D/WifiStateMachine: enter getWifiLinkLayerStats
2019-11-28 20:21:09.111 4295-4469/? I/WifiVendorHal: getWifiLinkLayerStats(l.2973) before calling iface.getLinkLayerStats
2019-11-28 20:21:09.111 3847-3847/? I/android.hardware.wifi@1.0-service: enter getLinkLayerStats
2019-11-28 20:21:09.112 3847-3847/? I/android.hardware.wifi@1.0-service: enter getLinkLayerStatsInternal
2019-11-28 20:21:09.113 3847-3847/? I/android.hardware.wifi@1.0-service: Successfully getLinkLayerStats.
2019-11-28 20:21:09.113 4295-4469/? I/WifiVendorHal: getWifiLinkLayerStats(l.2973) after calling iface.getLinkLayerStats
2019-11-28 20:21:09.116 4295-4313/? D/StorageManagerService: getExternalStorageMountMode : 3
2019-11-28 20:21:09.117 4295-4313/? D/StorageManagerService: getExternalStorageMountMode : 3
2019-11-28 20:21:09.118 4295-4313/? D/StorageManagerService: getExternalStorageMountMode : final mountMode=3, uid : 5012, packageName : com.samsung.android.sm.devicesecurity
2019-11-28 20:21:09.118 4295-4313/? I/ApplicationPolicy: isApplicationExternalStorageWhitelisted:com.samsung.android.sm.devicesecurity user:0
2019-11-28 20:21:09.118 4295-4313/? D/ApplicationPolicy: isApplicationExternalStorageWhitelisted: DO is not enabled on user 0. Allowed.
2019-11-28 20:21:09.118 4295-4313/? D/ActivityManager: package  com.samsung.android.sm.devicesecurity, user - 0 is SDcard whitelisted
2019-11-28 20:21:09.118 4295-4313/? I/ApplicationPolicy: isApplicationExternalStorageBlacklisted:com.samsung.android.sm.devicesecurity user:0
2019-11-28 20:21:09.118 4295-4313/? D/ApplicationPolicy: isApplicationExternalStorageBlacklisted: DO is not enabled on user 0. Allowed.
2019-11-28 20:21:09.118 4295-4313/? I/ApplicationPolicy: isApplicationExternalStorageBlacklisted:com.samsung.android.sm.devicesecurity user:0
2019-11-28 20:21:09.118 4295-4313/? D/ApplicationPolicy: isApplicationExternalStorageBlacklisted: DO is not enabled on user 0. Allowed.
2019-11-28 20:21:09.119 4295-4469/? I/WifiStateMachine: checkScoreBasedQuality -  mPreviousScore[0]:74 mPreviousScore[1]:74 mPreviousScore[2]:74 s2Score:74mPrevoiusScoreAverage:74
2019-11-28 20:21:09.139 4295-4315/? I/ActivityManager: Start proc 1917:com.samsung.android.sm.devicesecurity/5012 for broadcast com.samsung.android.sm.devicesecurity/.AppVerificationReceiver
2019-11-28 20:21:09.140 1917-1917/? E/Zygote: isWhitelistProcess - Process is Whitelisted
2019-11-28 20:21:09.141 1917-1917/? E/Zygote: accessInfo : 1
2019-11-28 20:21:09.159 1917-1917/? E/.devicesecurit: Not starting debugger since process cannot load the jdwp agent.
2019-11-28 20:21:09.178 4295-4835/? I/ActivityManager: DSS on for com.samsung.android.sm.devicesecurity and scale is 1.0
2019-11-28 20:21:09.209 1917-1917/? I/.devicesecurit: The ClassLoaderContext is a special shared library.
2019-11-28 20:21:09.257 4295-4549/? D/PackageManager: [VERIFY] verifyPendingInstall2(6, ALLOW), uid=5012
2019-11-28 20:21:09.258 4295-4335/? D/PackageManager: [VERIFY] PACKAGE_VERIFIED: 
    PackageVerificationState{
        verifier packages=com.samsung.android.sm.devicesecurity(5012),
        intent=Intent { act=com.samsung.android.intent.action.PACKAGE_NEEDS_VERIFICATION2 dat=file:///data/app/vmdl1778939452.tmp typ=application/vnd.android.package-archive flg=0x10000001 cmp=com.samsung.android.sm.devicesecurity/.AppVerificationReceiver (has extras) }
        others=10059, false, false, false, false, false
    }
2019-11-28 20:21:09.258 4295-4295/? D/PackageManager: [VERIFY] onReceive for RequiredVerifier id=10059
2019-11-28 20:21:09.259 4295-4295/? D/PackageManager: [VERIFY] sendMessageDelayed(CHECK_PENDING_VERIFICATION, 10059, 17000)
2019-11-28 20:21:09.259 4295-4335/? D/PackageManager: [VERIFY] setVerifierResponse {verificationID=10059, uid=5012, code=1}
2019-11-28 20:21:09.260 4295-4335/? D/PackageManager: [VERIFY] packageVerificationCompletion: completed id=6
2019-11-28 20:21:09.272 4295-4335/? W/PackageManager: verifying app can be installed or not
2019-11-28 20:21:09.272 4295-4335/? D/ApplicationPolicy: isApplicationInstallationEnabled
2019-11-28 20:21:09.272 4295-4335/? D/ApplicationPolicy: isApplicationInstallationEnabled :  Checking PKG WL - false
2019-11-28 20:21:09.272 4295-4335/? D/ApplicationPolicy: isApplicationInstallationEnabled :  Checking PKG BL - true
2019-11-28 20:21:09.272 4295-4335/? D/ApplicationPolicy: isApplicationInstallationEnabled :  Checking PERM BL - true
2019-11-28 20:21:09.272 4295-4335/? D/ApplicationPolicy: isApplicationInstallationEnabled :  Checking SIG BL - true
2019-11-28 20:21:09.272 4295-4335/? D/ApplicationPolicy: isApplicationInstallationEnabled :  Checking PKG WL - false
2019-11-28 20:21:09.272 4295-4335/? D/ApplicationPolicy: isApplicationInstallationEnabled :  Checking PKG BL - true
2019-11-28 20:21:09.272 4295-4335/? D/ApplicationPolicy: isApplicationInstallationEnabled :  Checking PERM BL - true
2019-11-28 20:21:09.272 4295-4335/? D/ApplicationPolicy: isApplicationInstallationEnabled :  Checking SIG BL - true
2019-11-28 20:21:09.272 4295-4335/? D/ApplicationPolicy: isApplicationInstallationEnabled :  enabled true
2019-11-28 20:21:09.273 4295-4335/? D/RestrictionPolicy: isNewAdminInstallationEnabledInternal : false
2019-11-28 20:21:09.273 4295-4335/? I/AASAInstall: ship device
2019-11-28 20:21:09.382 1936-1936/? I/ApkToolkit: Use APK V2 signature. APK: /data/app/vmdl1778939452.tmp/base.apk
2019-11-28 20:21:09.382 1936-1936/? I/ApkToolkit: Found the best signature algorithm ID: 0x103
2019-11-28 20:21:09.389 1936-1936/? I/ApkToolkit: FiveSignJni starts: 3.
2019-11-28 20:21:09.389 1936-1936/? I/ApkToolkit: FiveSignJni finished: 0.
2019-11-28 20:21:09.389 1936-1936/? I/ApkToolkit: FiveSign starts: zip_fd = 3, fd = 3.
2019-11-28 20:21:09.389 1936-1936/? I/ApkToolkit: FiveSignOat: Apk case.
2019-11-28 20:21:09.395 1936-1936/? I/ApkToolkit: FiveSign finished: 0.
2019-11-28 20:21:09.402 4295-4335/? W/SELinux: SELinux: set fc_digest(/data/app/com.brightcove.player.samples.exoplayer.basic-D1dvGOVEku7FtBubi19SUQ==)
2019-11-28 20:21:09.403 4295-4313/? I/ActivityManager: Force stopping com.brightcove.player.samples.exoplayer.basic appid=10201 user=-1: installPackageLI
2019-11-28 20:21:09.403 4295-4335/? D/PackageManager.SDP: Skip removing package directory
2019-11-28 20:21:09.567 4295-4335/? I/PackageManager: Update package com.brightcove.player.samples.exoplayer.basic code path from /data/app/com.brightcove.player.samples.exoplayer.basic-aHLFALv66uHuvoQomSuqGg== to /data/app/com.brightcove.player.samples.exoplayer.basic-D1dvGOVEku7FtBubi19SUQ==; Retain data and using new
2019-11-28 20:21:09.567 4295-4335/? I/PackageManager: Update package com.brightcove.player.samples.exoplayer.basic resource path from /data/app/com.brightcove.player.samples.exoplayer.basic-aHLFALv66uHuvoQomSuqGg== to /data/app/com.brightcove.player.samples.exoplayer.basic-D1dvGOVEku7FtBubi19SUQ==; Retain data and using new
2019-11-28 20:21:09.567 4295-4335/? D/PersonaServiceHelper: trimPersonaFromInstallation is called...
2019-11-28 20:21:09.567 4295-4335/? D/PersonaServiceHelper: User is not knox premium container 0
2019-11-28 20:21:09.568 4295-4335/? D/PackageManager: EAS IT Policy com.brightcove.player.samples.exoplayer.basic isPackageSignedByPlatform = false
2019-11-28 20:21:09.568 4295-4335/? D/PackageManager: EAS IT Policy destCodeFile /data/app/com.brightcove.player.samples.exoplayer.basic-D1dvGOVEku7FtBubi19SUQ==
2019-11-28 20:21:09.569 4295-4335/? D/AASAinstall: there is not AASApackages.xml file
2019-11-28 20:21:09.572 4295-4335/? D/PackageManager: REQUEST_INSTALL_PACKAGES from the list: com.samsung.android.email.provider :: true
2019-11-28 20:21:09.574 4295-4335/? D/PackageManager: REQUEST_INSTALL_PACKAGES from the list: com.samsung.android.app.watchmanager :: true
2019-11-28 20:21:09.575 4295-4335/? D/PackageManager: REQUEST_INSTALL_PACKAGES from the list: com.android.nfc :: true
2019-11-28 20:21:09.575 4295-4335/? D/PackageManager: REQUEST_INSTALL_PACKAGES from the list: com.samsung.android.messaging :: true
2019-11-28 20:21:09.577 4295-4335/? D/PackageManager: REQUEST_INSTALL_PACKAGES from the list: com.samsung.android.app.simplesharing :: true
2019-11-28 20:21:09.579 4295-4335/? D/PackageManager: REQUEST_INSTALL_PACKAGES from the list: com.sec.android.app.myfiles :: true
2019-11-28 20:21:09.580 4295-4335/? D/PackageManager: REQUEST_INSTALL_PACKAGES from the list: com.samsung.android.allshare.service.fileshare :: true
2019-11-28 20:21:09.580 4295-4335/? D/PackageManager: REQUEST_INSTALL_PACKAGES from the list: com.sec.android.app.sbrowser :: true
2019-11-28 20:21:09.586 4295-4335/? D/PackageManager: REQUEST_INSTALL_PACKAGES from the list: com.android.bluetooth :: true
2019-11-28 20:21:09.586 4295-4335/? D/PackageManager: REQUEST_INSTALL_PACKAGES from the list: com.android.captiveportallogin :: true
2019-11-28 20:21:09.748 4295-4335/? I/PackageManager: enforceEDMPermissionLI
2019-11-28 20:21:10.439 4295-4335/? I/system_server: Explicit concurrent copying GC freed 312248(13MB) AllocSpace objects, 81(4MB) LOS objects, 40% free, 35MB/59MB, paused 496us total 666.746ms
2019-11-28 20:21:10.443 4295-4335/? D/PackageManager: result of install: 1{111662335}
2019-11-28 20:21:10.443 3925-3925/? E/installd: Failed to delete /data/app/vmdl1778939452.tmp: No such file or directory
2019-11-28 20:21:10.445 4295-4335/? I/ActivityManager: Force stopping com.brightcove.player.samples.exoplayer.basic appid=10201 user=0: pkg removed
2019-11-28 20:21:10.478 4295-4312/? D/MediaSessionService: Received change in packages, intent=Intent { act=android.intent.action.PACKAGE_REMOVED dat=package:com.brightcove.player.samples.exoplayer.basic flg=0x4000010 (has extras) }
2019-11-28 20:21:10.479 4295-4506/? D/UcmService: onReceive android.intent.action.PACKAGE_REMOVED
2019-11-28 20:21:10.480 4295-4506/? D/UcmService: Package update in userId-0 and uid-10201
2019-11-28 20:21:10.481 4295-4312/? D/MetaDataCollector: onReceive: begin action=android.intent.action.PACKAGE_REMOVED
2019-11-28 20:21:10.481 4295-4312/? D/MetaDataCollector: onReceive: done pkgName=com.brightcove.player.samples.exoplayer.basic
2019-11-28 20:21:10.486 4761-4821/? D/EventHandler_FLP: PACKAGE_REMOVED
2019-11-28 20:21:10.486 4761-4821/? D/PackageInfoManager_FLP: action : ACTION_PACKAGE_REMOVED, packageName = com.brightcove.player.samples.exoplayer.basic
2019-11-28 20:21:10.488 4604-4604/? D/KeyguardUpdateMonitor: received broadcast android.intent.action.PACKAGE_REMOVED
2019-11-28 20:21:10.488 4604-4604/? D/MetaDataParser: removePackage() key = com.brightcove.player.samples.exoplayer.basic
2019-11-28 20:21:10.488 4604-4604/? D/MusicController_LOCK: onPackageRemoved() pkg = com.brightcove.player.samples.exoplayer.basic, r = true
2019-11-28 20:21:10.489 4604-4604/? D/Bar.QuickConnectBar: receive package remoteView : android.intent.action.PACKAGE_REMOVED
2019-11-28 20:21:10.496 4904-4904/? D/RegisteredComponentCache: Collect Tech packages for Knox
2019-11-28 20:21:10.499 7120-7183/? I/SystemBroadcastReceiver: [#CMH#] Received broadcast 
2019-11-28 20:21:10.499 7120-7183/? I/ControllerEventHandler: [#CMH#] onPackageRemoved  null
2019-11-28 20:21:10.499 7120-7183/? I/SystemBroadcastReceiver: [#CMH#] onReceive completed 
2019-11-28 20:21:10.500 8298-8298/? D/BeaconManager[9.0.28.0]: BeaconService.PackageReceiver - action:android.intent.action.PACKAGE_REMOVED, package:com.brightcove.player.samples.exoplayer.basic
2019-11-28 20:21:10.503 4295-5713/? D/SecContentProvider: query(), uri = 30 selection = isLocalContactStorageAllowed
2019-11-28 20:21:10.503 4295-5713/? D/SecContentProvider: called from android.uid.shared:10012
2019-11-28 20:21:10.503 4295-5713/? D/RestrictionPolicy: isLocalContactStorageAllowed
2019-11-28 20:21:10.504 4295-5713/? D/RestrictionPolicy: isLocalContactStorageAllowed(0) : true
2019-11-28 20:21:10.505 4295-4410/? D/[a11y]: getUserAccounts0
2019-11-28 20:21:10.506 4295-4410/? I/chatty: uid=1000(system) AccountManagerS identical 1 line
2019-11-28 20:21:10.507 4295-4410/? D/[a11y]: getUserAccounts0
2019-11-28 20:21:10.510 4295-5713/? D/SecContentProvider: query(), uri = 30 selection = isLocalContactStorageAllowed
2019-11-28 20:21:10.511 4295-5713/? D/SecContentProvider: called from com.samsung.android.messaging
2019-11-28 20:21:10.511 4295-5713/? D/RestrictionPolicy: isLocalContactStorageAllowed
2019-11-28 20:21:10.511 4295-5713/? D/RestrictionPolicy: isLocalContactStorageAllowed(0) : true
2019-11-28 20:21:10.512 4295-5714/? D/SecContentProvider: query(), uri = 30 selection = isLocalContactStorageAllowed
2019-11-28 20:21:10.519 4761-4821/? D/EventHandler_FLP: PACKAGE_ADDED
2019-11-28 20:21:10.520 4761-4821/? D/PackageInfoManager_FLP: action : ACTION_PACKAGE_ADDED, packageName = com.brightcove.player.samples.exoplayer.basic
2019-11-28 20:21:10.520 4604-4604/? D/KeyguardUpdateMonitor: received broadcast android.intent.action.PACKAGE_ADDED
2019-11-28 20:21:10.521 4604-4604/? D/MetaDataParser: updatePackage() com.brightcove.player.samples.exoplayer.basic true
2019-11-28 20:21:10.526 7120-7183/? I/SystemBroadcastReceiver: [#CMH#] Received broadcast 
2019-11-28 20:21:10.526 7120-7183/? I/ControllerEventHandler: [#CMH#] onPackageAdded  null
2019-11-28 20:21:10.526 7120-7183/? I/SystemBroadcastReceiver: [#CMH#] onReceive completed 
2019-11-28 20:21:10.527 8298-8298/? D/BeaconManager[9.0.28.0]: BeaconService.PackageReceiver - action:android.intent.action.PACKAGE_ADDED, package:com.brightcove.player.samples.exoplayer.basic
2019-11-28 20:21:10.529 4295-5714/? D/SecContentProvider: called from com.samsung.android.uid.dialer:10066
2019-11-28 20:21:10.529 4295-5714/? D/RestrictionPolicy: isLocalContactStorageAllowed
2019-11-28 20:21:10.529 1816-1816/? I/Finsky: [2] qpb.a(7): PackageMonitor received: android.intent.action.PACKAGE_ADDED
2019-11-28 20:21:10.529 4295-5714/? D/RestrictionPolicy: isLocalContactStorageAllowed(0) : true
2019-11-28 20:21:10.530 1816-1816/? I/Finsky: [2] qqe.d(11): Invalidating cached PackageState for com.brightcove.player.samples.exoplayer.basic
2019-11-28 20:21:10.533 4604-4604/? D/MetaDataParser: removePackage() key = com.brightcove.player.samples.exoplayer.basic
2019-11-28 20:21:10.534 4295-4313/? W/BroadcastQueue: Background execution not allowed: receiving Intent { act=android.intent.action.PACKAGE_REMOVED dat=package:com.brightcove.player.samples.exoplayer.basic flg=0x4000010 (has extras) } to com.samsung.android.securitylogagent/com.samsung.android.apppermissionmonitor.APMApplist$APMPackageRemove
2019-11-28 20:21:10.536 4904-4904/? D/RegisteredComponentCache: Collect Tech packages for Knox
2019-11-28 20:21:10.538 1816-1816/? I/Finsky: [2] aavt.a(10): Do not start WearSupportService due to Wear service optimization
2019-11-28 20:21:10.541 4295-4313/? D/StorageManagerService: getExternalStorageMountMode : 3
2019-11-28 20:21:10.542 4295-4313/? D/StorageManagerService: getExternalStorageMountMode : 3
2019-11-28 20:21:10.542 4295-4313/? D/StorageManagerService: getExternalStorageMountMode : final mountMode=3, uid : 1000, packageName : com.samsung.android.bbc.bbcagent
2019-11-28 20:21:10.543 4295-4313/? I/ApplicationPolicy: isApplicationExternalStorageWhitelisted:com.samsung.android.bbc.bbcagent user:0
2019-11-28 20:21:10.543 4295-4313/? D/ApplicationPolicy: isApplicationExternalStorageWhitelisted: DO is not enabled on user 0. Allowed.
2019-11-28 20:21:10.543 4295-4313/? D/ActivityManager: package  com.samsung.android.bbc.bbcagent, user - 0 is SDcard whitelisted
2019-11-28 20:21:10.543 4295-4313/? I/ApplicationPolicy: isApplicationExternalStorageBlacklisted:com.samsung.android.bbc.bbcagent user:0
2019-11-28 20:21:10.543 4295-4313/? D/ApplicationPolicy: isApplicationExternalStorageBlacklisted: DO is not enabled on user 0. Allowed.
2019-11-28 20:21:10.543 4295-4313/? I/ApplicationPolicy: isApplicationExternalStorageBlacklisted:com.samsung.android.bbc.bbcagent user:0
2019-11-28 20:21:10.543 4295-4313/? D/ApplicationPolicy: isApplicationExternalStorageBlacklisted: DO is not enabled on user 0. Allowed.
2019-11-28 20:21:10.546 4295-5740/? W/ActivityManager: Permission Denial: Accessing service ComponentInfo{com.google.android.music/com.google.android.music.dial.DialMediaRouteProviderService} from pid=5467, uid=10037 that is not exported from uid 10181
2019-11-28 20:21:10.548 4295-4295/? D/PowerManagerService: [api] setDeviceIdleTempWhitelist: appids: [0]1000 [1]10059  (uid: 1000 pid: 4295)
2019-11-28 20:21:10.550 4295-4549/? D/SecContentProvider: query(), uri = 30 selection = isLocalContactStorageAllowed
2019-11-28 20:21:10.550 4295-4549/? D/SecContentProvider: called from android.uid.shared:10012
2019-11-28 20:21:10.550 4295-4549/? D/RestrictionPolicy: isLocalContactStorageAllowed
2019-11-28 20:21:10.550 4295-4549/? D/RestrictionPolicy: isLocalContactStorageAllowed(0) : true
2019-11-28 20:21:10.564 4295-4457/? D/SecContentProvider: query(), uri = 30 selection = isLocalContactStorageAllowed
2019-11-28 20:21:10.565 4295-4457/? D/SecContentProvider: called from com.samsung.android.messaging
2019-11-28 20:21:10.565 4295-4457/? D/RestrictionPolicy: isLocalContactStorageAllowed
2019-11-28 20:21:10.566 4295-4457/? D/RestrictionPolicy: isLocalContactStorageAllowed(0) : true
2019-11-28 20:21:10.568 4295-4457/? D/SecContentProvider2: query(), uri = 18 selection = isCopyContactToSimAllowed
2019-11-28 20:21:10.578 4295-5714/? D/SecContentProvider: query(), uri = 30 selection = isLocalContactStorageAllowed
2019-11-28 20:21:10.578 1816-1816/? I/Finsky: [2] qfr.c(2): Frosting ID looked up on UI thread. Caller should move to a background thread.
2019-11-28 20:21:10.578 4295-5714/? D/SecContentProvider: called from com.samsung.android.uid.dialer:10066
2019-11-28 20:21:10.578 4295-5714/? D/RestrictionPolicy: isLocalContactStorageAllowed
2019-11-28 20:21:10.578 4295-5714/? D/RestrictionPolicy: isLocalContactStorageAllowed(0) : true
2019-11-28 20:21:10.580 4557-4557/? I/VVM.VvmPkgInstalledRcvr: onReceive() : action android.intent.action.PACKAGE_REMOVED packageName :com.brightcove.player.samples.exoplayer.basic
2019-11-28 20:21:10.581 1959-1959/? E/Zygote: isWhitelistProcess - Process is Whitelisted
2019-11-28 20:21:10.583 1959-1959/? E/Zygote: accessInfo : 1
2019-11-28 20:21:10.590 4295-4549/? D/SecContentProvider2: query(), uri = 18 selection = isCopyContactToSimAllowed
2019-11-28 20:21:10.590 4295-4295/? D/StorageManagerService: getExternalStorageMountMode : 3
2019-11-28 20:21:10.593 4295-1947/? I/HarmonyEASService: Updating for all 1
2019-11-28 20:21:10.591 4295-4295/? D/StorageManagerService: getExternalStorageMountMode : 3
2019-11-28 20:21:10.594 4295-5721/? I/Telecom:SamsungTelecomServiceImpl: getCallCapablePhoneAccounts - includeDisabledAccounts : false / callingPackage : com.android.phone
2019-11-28 20:21:10.595 4295-4295/? D/StorageManagerService: getExternalStorageMountMode : final mountMode=3, uid : 1000, packageName : com.android.keychain
2019-11-28 20:21:10.595 4295-4295/? I/ApplicationPolicy: isApplicationExternalStorageWhitelisted:com.android.keychain user:0
2019-11-28 20:21:10.595 4295-4295/? D/ApplicationPolicy: isApplicationExternalStorageWhitelisted: DO is not enabled on user 0. Allowed.
2019-11-28 20:21:10.595 4295-4295/? D/ActivityManager: package  com.android.keychain, user - 0 is SDcard whitelisted
2019-11-28 20:21:10.596 4295-4295/? I/ApplicationPolicy: isApplicationExternalStorageBlacklisted:com.android.keychain user:0
2019-11-28 20:21:10.596 4295-4295/? D/ApplicationPolicy: isApplicationExternalStorageBlacklisted: DO is not enabled on user 0. Allowed.
2019-11-28 20:21:10.597 4295-4457/? D/SecContentProvider2: isCopyContactToSimAllowed = true
2019-11-28 20:21:10.597 4295-5714/? D/SecContentProvider2: query(), uri = 18 selection = isCopyContactToSimAllowed
2019-11-28 20:21:10.597 5722-5735/? I/id.app.launche: Background concurrent copying GC freed 2326(166KB) AllocSpace objects, 0(0B) LOS objects, 49% free, 5MB/10MB, paused 186us total 146.440ms
2019-11-28 20:21:10.598 4295-4295/? I/ApplicationPolicy: isApplicationExternalStorageBlacklisted:com.android.keychain user:0
2019-11-28 20:21:10.598 4295-4295/? D/ApplicationPolicy: isApplicationExternalStorageBlacklisted: DO is not enabled on user 0. Allowed.
2019-11-28 20:21:10.598 4295-4295/? W/LoadedApk: Slow system_server main thread handled for android.intent.action.PACKAGE_REMOVED took 134 ms, Receiver = com.android.server.security.KeyChainSystemService$1@6866240
2019-11-28 20:21:10.599 4295-4295/? W/Looper: Slow dispatch took 135ms main h=android.app.ActivityThread$H c=android.app.-$$Lambda$LoadedApk$ReceiverDispatcher$Args$_BumDX2UKsnxLVrE6UJsJZkotuA@f7c5153 m=0
2019-11-28 20:21:10.600 4295-4457/? I/Telecom:SamsungTelecomServiceImpl: getPhoneAccount - PhoneAccountHandle : ComponentInfo{com.android.phone/com.android.services.telephony.TelephonyConnectionService}, ***, UserHandle{0} / callingPid : 4557 / processName : sts
2019-11-28 20:21:10.606 4295-4549/? D/SecContentProvider2: isCopyContactToSimAllowed = true
2019-11-28 20:21:10.606 4295-4295/? W/Looper: Slow system_server main looper dispatch took 135ms  h=android.app.ActivityThread$H c=android.app.-$$Lambda$LoadedApk$ReceiverDispatcher$Args$_BumDX2UKsnxLVrE6UJsJZkotuA@f7c5153 m=0
2019-11-28 20:21:10.609 1959-1959/? E/id.bbc.bbcagen: Not starting debugger since process cannot load the jdwp agent.
2019-11-28 20:21:10.614 4295-5840/? D/SecContentProvider: query(), uri = 30 selection = isLocalContactStorageAllowed
2019-11-28 20:21:10.614 4295-5840/? D/SecContentProvider: called from android.uid.shared:10012
2019-11-28 20:21:10.615 4295-5840/? D/RestrictionPolicy: isLocalContactStorageAllowed
2019-11-28 20:21:10.615 4295-5840/? D/RestrictionPolicy: isLocalContactStorageAllowed(0) : true
2019-11-28 20:21:10.616 4295-5714/? D/SecContentProvider2: isCopyContactToSimAllowed = true
2019-11-28 20:21:10.616 4295-5740/? W/ActivityManager: Permission Denial: Accessing service ComponentInfo{com.google.android.music/com.google.android.music.dial.DialMediaRouteProviderService} from pid=5467, uid=10037 that is not exported from uid 10181
2019-11-28 20:21:10.623 4295-4315/? I/ActivityManager: Start proc 1959:com.samsung.android.bbc.bbcagent/1000 for broadcast com.samsung.android.bbc.bbcagent/.bbccontroller.receiver.PackageEventReceiver
2019-11-28 20:21:10.635 4557-4557/? D/Telephony: PhoneUtils: getPhoneFromIccId - iccId: *
2019-11-28 20:21:10.635 4557-4557/? I/Telephony:SamsungPhoneUtils: iccSerialNumber: null
2019-11-28 20:21:10.635 4557-4557/? D/Telephony: PhoneUtils: getPhoneFromIccId - phoneIccId: <Empty>, subId: -2
2019-11-28 20:21:10.635 4557-4557/? I/Telephony:SamsungPhoneUtils: iccSerialNumber: null
2019-11-28 20:21:10.635 4295-4549/? D/SecContentProvider: query(), uri = 30 selection = isLocalContactStorageAllowed
2019-11-28 20:21:10.635 4557-4557/? D/Telephony: PhoneUtils: getPhoneFromIccId - phoneIccId: <Empty>, subId: -3
2019-11-28 20:21:10.636 4557-4557/? I/Telephony:SamsungMultiDeviceConnectionUtil: shouldSetDisableVideoCallExtra, isCmcSdDevice : false, isCmcActivated : false
2019-11-28 20:21:10.636 4557-4557/? I/Telephony:SamsungPhoneUtils: getPhoneFromIccId - isSdDeviceConnected: false
2019-11-28 20:21:10.637 4295-4549/? D/SecContentProvider: called from com.samsung.android.messaging
