2019-11-28 20:21:14.047 2016-2254/com.brightcove.player.samples.exoplayer.basic I/System.out: (HTTPLog)-Static: isSBSettingEnabled false
2019-11-28 20:21:14.047 2016-2254/com.brightcove.player.samples.exoplayer.basic I/System.out: (HTTPLog)-Static: isSBSettingEnabled false
2019-11-28 20:21:14.049 3866-4441/? W/MapperHal: buffer descriptor with invalid usage bits 0x202000
2019-11-28 20:21:14.060 2264-2289/? D/AcmsKeyStoreHelper:  getKeyStoreForApplication Enter
2019-11-28 20:21:14.086 2016-2291/com.brightcove.player.samples.exoplayer.basic I/ACodec: [OMX.Exynos.avc.dec.secure] OMX_EventPortSettingsChanged 0x7f030010
2019-11-28 20:21:14.086 3866-4441/? W/MapperHal: buffer descriptor with invalid usage bits 0x202000
2019-11-28 20:21:14.094 3866-4441/? I/chatty: uid=1000(system) Binder:3866_3 identical 1 line
2019-11-28 20:21:14.102 3866-4441/? W/MapperHal: buffer descriptor with invalid usage bits 0x202000
2019-11-28 20:21:14.106 2264-2289/? I/AcmsKeyStoreHelper: Key Store exist
2019-11-28 20:21:14.106 2264-2289/? I/AcmsKeyStoreHelper: Hence loading the keystore file
2019-11-28 20:21:14.108 3866-4441/? W/MapperHal: buffer descriptor with invalid usage bits 0x202000
2019-11-28 20:21:14.108 2016-2016/com.brightcove.player.samples.exoplayer.basic V/ExoPlayer2VideoDisplay: onBandwidthSample: elapsedMs: 39, bytes: 325958, bitrateEstimate: 54211788
2019-11-28 20:21:14.115 3866-4441/? W/MapperHal: buffer descriptor with invalid usage bits 0x202000
2019-11-28 20:21:14.120 3866-4441/? W/MapperHal: buffer descriptor with invalid usage bits 0x202000
2019-11-28 20:21:14.144 2264-2289/? D/AcmsKeyStoreHelper:  getKeyStoreForApplication Exit
2019-11-28 20:21:14.144 2264-2289/? I/AcmsCertificateMngr: getKeyStoreForApplication success 
2019-11-28 20:21:14.145 2264-2289/? D/AcmsCore: Decremented Counter Value : AcmsCoreHandler.handleMessage=>1
2019-11-28 20:21:14.145 2264-2289/? D/AcmsServiceMonitor: AcmsServiceMonitor.getAcmsSvcMonitor() - Enter
2019-11-28 20:21:14.145 2264-2289/? D/AcmsServiceMonitor: Decrementing - Counter value: 0
2019-11-28 20:21:14.145 2264-2289/? D/AcmsServiceMonitor: Counter value is 0: Stopping ACMS service with ID 1
2019-11-28 20:21:14.149 3952-2286/? I/SoftAAC2: Reconfiguring decoder: 0->48000 Hz, 0->2 channels
2019-11-28 20:21:14.152 2016-2284/com.brightcove.player.samples.exoplayer.basic I/ACodec: [OMX.google.aac.decoder] Now handling output port settings change
2019-11-28 20:21:14.161 3830-3830/? W/AshmemAllocator: ashmem_create_region(32768) returning hidl_memory(0x790662c100, 32768)
2019-11-28 20:21:14.163 3830-3830/? I/chatty: uid=1000(system) allocator@1.0-s identical 2 lines
2019-11-28 20:21:14.164 3830-3830/? W/AshmemAllocator: ashmem_create_region(32768) returning hidl_memory(0x790662c100, 32768)
2019-11-28 20:21:14.167 2016-2284/com.brightcove.player.samples.exoplayer.basic I/ACodec: [OMX.google.aac.decoder] Now Executing
2019-11-28 20:21:14.188 2016-2290/com.brightcove.player.samples.exoplayer.basic I/MediaCodec: setCodecState state : 1
2019-11-28 20:21:14.188 3932-3932/? I/ResourceManagerService: getMediaResourceInfo resourceType : 2, size : 1
2019-11-28 20:21:14.188 3932-3932/? I/ResourceManagerService: writeResourceInfo (PID : 2016, clientID : 507027937856, secure-codec/video-codec:1, 1024x576(fps:25) - SoftCodec : No, Encorder : No)
2019-11-28 20:21:14.189 8364-19166/? V/ResourceManagerHelper-JNI: JNIMediaResourceHelper::notify eventType : 3, ext1 : 0, ext2 : 0
2019-11-28 20:21:14.189 8364-19166/? V/ResourceManagerHelper-JNI: notify eventType : 3, ext1 : 0, ext2 : 0
2019-11-28 20:21:14.189 8364-19166/? I/SemMediaResourceHelper: makeMediaResourceInfo mOwnResourceEventExcluded : false, mPid : 8364
2019-11-28 20:21:14.189 8364-19166/? I/SemMediaResourceHelper: [1] makeMediaResourceInfo resourceType : 2 isSecured : true, pid : 2016, client id : 507027937856
2019-11-28 20:21:14.189 8364-8402/? I/SemMediaResourceHelper: onState
2019-11-28 20:21:14.189 8364-8402/? I/DrmMediaResourceHelper: onStateChanged size = 1
2019-11-28 20:21:14.189 8364-8402/? I/DrmMediaResourceHelper: resource type: 2,,,isSecured :  truegetCodecState : 1getpid : 2016
2019-11-28 20:21:14.189 8364-8402/? E/DrmMediaResourceHelper: CodecStateChangedListener resource type: 2,,,isSecured :  truegetCodecState : 1getpid : 2016
2019-11-28 20:21:14.189 8364-8402/? E/DrmManagerClient: DRM_DISPLAYPORT_ENABLE failed
2019-11-28 20:21:14.190 2016-2016/com.brightcove.player.samples.exoplayer.basic V/ExoPlayer2VideoDisplay: onVideoSizeChanged: width: 1024, height: 576, unappliedRotationDegrees = 0, pixelWidthHeightRatio = 1.0, render view width = 1080, render view height = 840
2019-11-28 20:21:14.190 3866-5199/? W/MapperHal: buffer descriptor with invalid usage bits 0x202000
2019-11-28 20:21:14.192 3862-4055/? V/APM_AudioPolicyManager: selectOutput() commonFlags for output 13, 0000
2019-11-28 20:21:14.192 3862-4055/? V/APM_AudioPolicyManager: selectOutput() commonFlags for output 21, 0000
2019-11-28 20:21:14.192 3862-4055/? V/APM_AudioPolicyManager: getOutput() stream 3 selected device 00000002, output 13
2019-11-28 20:21:14.193 3862-4055/? V/APM_AudioPolicyManager: selectOutput() commonFlags for output 13, 0000
2019-11-28 20:21:14.193 3862-4055/? V/APM_AudioPolicyManager: selectOutput() commonFlags for output 21, 0000
2019-11-28 20:21:14.193 3862-4055/? V/APM_AudioPolicyManager: getOutput() stream 3 selected device 00000002, output 13
2019-11-28 20:21:14.194 3862-4192/? E/NativeSemDvfsCpuManager: acquire:: Start
2019-11-28 20:21:14.194 3862-4192/? E/NativeSemDvfsCpuManager: acquire:: timeout = -1 mIsAcquired = 0  mTagName : AudioFlinger 
2019-11-28 20:21:14.194 3862-21262/? V/APM_AudioPolicyManager: selectOutput() commonFlags for output 13, 0000
2019-11-28 20:21:14.194 3862-21262/? V/APM_AudioPolicyManager: selectOutput() commonFlags for output 21, 0000
2019-11-28 20:21:14.194 3862-21262/? V/APM_AudioPolicyManager: getOutput() stream 3 selected device 00000002, output 13
2019-11-28 20:21:14.195 4295-5840/? D/CustomFrequencyManagerService: acquireDVFSLockLocked : type : DVFS_MIN_LIMIT  frequency : 136500  uid : 1000  pid : 4295  pkgName : AudioFlinger
2019-11-28 20:21:14.195 3862-4192/? E/NativeCustomFrequencyManager: [NativeCFMS] BpCustomFrequencyManager::acquireDVFSLock() 
2019-11-28 20:21:14.195 3862-4192/? E/NativeSemDvfsCpuManager: acquire:: End
2019-11-28 20:21:14.196 3862-21262/? V/APM_AudioPolicyManager: getOutputForAttr() usage=1, content=0, tag= flags=00000200 session 401 selectedDeviceId 0
2019-11-28 20:21:14.196 3862-21262/? D/APM::MultiSoundManager: getDevice, uid = 10201, device = 0
2019-11-28 20:21:14.196 3862-21262/? V/APM_AudioPolicyManager: getOutputForAttr() device 0x2, sampling rate 48000, format 0x1, channel mask 0x3, flags 0x8
2019-11-28 20:21:14.196 3862-21262/? V/APM_AudioPolicyManager: selectOutput() commonFlags for output 13, 0001
2019-11-28 20:21:14.196 3862-21262/? V/APM_AudioPolicyManager:   getOutputForAttr() returns output 13 selectedDeviceId 3
2019-11-28 20:21:14.197 3862-21262/? I/AudioFlinger: nonSecFlag 8, secFlag 0, outputFlags a
2019-11-28 20:21:14.197 3862-21262/? D/AudioFlinger: Client defaulted notificationFrames to 7696 for frameCount 15392
2019-11-28 20:21:14.197 3862-21262/? I/AudioFlinger: setMixerOutConfig expectKey 202
2019-11-28 20:21:14.197 3862-21262/? I/AudioFlinger: setMixerOutConfig select, mixer out f 5, s 48000, thread out f 1, s 48000
2019-11-28 20:21:14.198 3862-21262/? E/AudioFlinger: stageIndex is 0, get default sink buf
2019-11-28 20:21:14.198 3862-21262/? I/AudioEffectStage: getStageIndex primary_output_sub1_float48
2019-11-28 20:21:14.211 3866-3866/? W/mali_winsys: Buffer is protected but EGL_USE_PROTECTED_SURFACE is not set
2019-11-28 20:21:14.211 2016-2016/com.brightcove.player.samples.exoplayer.basic D/SurfaceView: show() Surface(name=SurfaceView - com.brightcove.player.samples.exoplayer.basic/com.brightcove.player.samples.exoplayer.basic.MainActivity@cc5875c@0[2016])/@0xc28f11d com.brightcove.player.view.BrightcoveSurfaceView{cc5875c V.E...... ......ID 0,116-1080,723}
2019-11-28 20:21:14.217 3866-3866/? I/SurfaceFlinger: Display 0 HWC layers:
        type    |    handle    | flag |  format   |   source crop (l,t,r,b)    |         frame       | name 
    ------------+--------------+------+-----------+----------------------------+---------------------+------
         Client | 0x7364a2c8c0 | 0002 | 0x0000123 |   0.0    0.0 1024.0  576.0 |    0  161 1080 1001 | SurfaceView - com.brightcove.player.[...]basic.MainActivity@cc5875c@0[2016]#0
         Client | 0x7348a45e00 | 0000 | RGBA_8888 |   0.0    0.0 1080.0 2295.0 |    0    0 1080 2295 | com.brightcove.player.samples.exopla[...]exoplayer.basic.MainActivity[2016]#0
         Client | 0x7364a2cc40 | 0000 | RGBA_8888 |   0.0    0.0 1080.0   86.0 |    0    0 1080   86 | StatusBar[4604]#0
         Client | 0x7364e53860 | 0000 | RGBA_8888 |   0.0    0.0 1080.0   45.0 |    0 2295 1080 2340 | NavigationBar[4604]#0
         Client | 0x7348a451c0 | 0000 | RGBA_8888 |   0.0    0.0 1080.0  340.0 |    0 2000 1080 2340 | NavbarGestureHandler[4604]#0
         Client | 0x7364e542e0 | 0000 | RGBA_8888 |   0.0    0.0 1080.0  16
2019-11-28 20:21:14.217 3866-3866/? I/SurfaceFlinger: 4.0 |    0    0 1080  164 | ScreenDecorOverlay[4604]#0
         Client | 0x7364e52d00 | 0000 | RGBA_8888 |   0.0    0.0 1080.0  164.0 |    0 2176 1080 2340 | ScreenDecorOverlayBottom[4604]#0
2019-11-28 20:21:14.223 2016-2016/com.brightcove.player.samples.exoplayer.basic D/SurfaceView: surfaceChanged (1080,607) 2 #5 com.brightcove.player.view.BrightcoveSurfaceView{cc5875c V.E...... ......ID 0,116-1080,723}
2019-11-28 20:21:14.223 2016-2016/com.brightcove.player.samples.exoplayer.basic D/BrightcoveVideoView: Surface changed to 1080, 607
2019-11-28 20:21:14.223 2016-2016/com.brightcove.player.samples.exoplayer.basic D/ExoPlayer2VideoDisplay: surfaceChanged: w = 1080, h = 607
2019-11-28 20:21:14.224 3866-3866/? I/SurfaceFlinger: Found video Surfaceview w=1080, h=840
2019-11-28 20:21:14.224 4295-5739/? D/WindowManager: finishDrawingWindow: Window{3dde9fc u0 com.brightcove.player.samples.exoplayer.basic/com.brightcove.player.samples.exoplayer.basic.MainActivity} mDrawState=HAS_DRAWN
2019-11-28 20:21:14.225 1917-1935/? I/.devicesecurit: Waiting for a blocking GC ProfileSaver
2019-11-28 20:21:14.227 2016-2016/com.brightcove.player.samples.exoplayer.basic W/View: requestLayout() improperly called by com.brightcove.player.view.BrightcoveSurfaceView{cc5875c V.E...... ......ID 0,116-1080,723} during layout: running second layout pass
2019-11-28 20:21:14.233 1917-1935/? I/.devicesecurit: WaitForGcToComplete blocked ProfileSaver on AddRemoveAppImageSpace for 7.743ms
2019-11-28 20:21:14.240 2016-2016/com.brightcove.player.samples.exoplayer.basic D/MainActivity: videoSizeKnown { width: 1024 height: 576 }
2019-11-28 20:21:14.248 4295-4490/? D/AudioService: notify dvfs state : 2, screen : true
2019-11-28 20:21:14.248 4295-5739/? D/AudioPlayerStateMonitor: Found a new active media playback. ID:191 -- type:android.media.AudioTrack -- u/pid:10201/2016 -- state:started -- attr:AudioAttributes: usage=USAGE_MEDIA content=CONTENT_TYPE_UNKNOWN flags=0x200 tags= bundle=null
2019-11-28 20:21:14.248 2016-2198/com.brightcove.player.samples.exoplayer.basic I/AudioTrack: updateAudioTranstionLength FadeIn[0] FadeOut[0] FadeInRing[0]
2019-11-28 20:21:14.248 4295-4295/? D/MediaSessionStack: updateMediaButtonSessionIfNeeded, callers=com.android.server.media.MediaSessionService.lambda$onStart$0:212 com.android.server.media.-$$Lambda$MediaSessionService$za_9dlUSlnaiZw6eCdPVEZq0XLw.onAudioPlayerActiveStateChanged:2 
2019-11-28 20:21:14.251 31123-32466/? D/SAContentProvider: Player/Screen Callback
2019-11-28 20:21:14.251 3862-21262/? I/AudioFlinger: setMixerOutConfig expectKey 202
2019-11-28 20:21:14.251 3862-4055/? V/APM_AudioPolicyManager: AudioPolicyManager:setRecordSilenced(uid:10085, silenced:0)
2019-11-28 20:21:14.251 3862-21262/? I/AudioFlinger: setMixerOutConfig select, mixer out f 5, s 48000, thread out f 1, s 48000
2019-11-28 20:21:14.251 3862-21262/? I/AudioEffectStage: getStageIndex primary_output_sub1_float48
2019-11-28 20:21:14.251 3862-21262/? I/AudioFlinger: addStageIndex new -1313, st 3, format 5, sample 48000, flags 0
2019-11-28 20:21:14.251 3862-21262/? W/AudioPolicyIntefaceImpl: Skipped to add effects on session 401
2019-11-28 20:21:14.251 3862-21262/? V/APM_AudioPolicyManager: startOutput() output 13, stream 3, session 401
2019-11-28 20:21:14.251 3862-21262/? D/APM::MultiSoundManager: getDevice, uid = 10201, device = 0
2019-11-28 20:21:14.251 3862-21262/? D/APM_AudioPolicyManager: newDevice=0
2019-11-28 20:21:14.251 3862-21262/? V/APM_AudioPolicyManager: setBeaconMute(1) mBeaconMuteRefCount=1 mBeaconPlayingRefCount=0
2019-11-28 20:21:14.251 3862-21262/? V/APM_AudioPolicyManager: selectOutputForMusicEffects activeOnly 1 output 13 flags 0x0000000a
2019-11-28 20:21:14.251 3862-21262/? V/APM_AudioPolicyManager: selectOutputForMusicEffects selected output 13
2019-11-28 20:21:14.251 3862-21262/? V/APM_AudioPolicyManager: getNewOutputDevice() selected device 2
2019-11-28 20:21:14.251 3862-21262/? V/APM_AudioPolicyManager: setOutputDevice() device 0002 delayMs 0
2019-11-28 20:21:14.251 3862-21262/? V/APM_AudioPolicyManager: setOutputDevice() prevDevice 0x0002
2019-11-28 20:21:14.251 3862-21262/? V/APM_AudioPolicyManager: setOutputDevice: suppressing checkDeviceMuteStrategies
2019-11-28 20:21:14.251 3862-21262/? V/APM_AudioPolicyManager: setOutputDevice() setting same device 0x0002 or null device
2019-11-28 20:21:14.252 3862-21262/? I/AudioEffectStage: getStageIndex primary_output_sub1_float48
2019-11-28 20:21:14.252 3862-21262/? I/AudioEffectStage: getSinkBuffer primary_output_sub1_float48
2019-11-28 20:21:14.254 3831-4116/? D/audio_hw_primary_abox: out_update_source_metadata: called, but not implemented yet
2019-11-28 20:21:14.257 3831-19179/? D/audio_hw_primary_abox: primary_out-set_audio_route: [PLAYBACK] current-device(none) new-device(speaker) in cur-mode(none) & new-mode(normal)!
2019-11-28 20:21:14.257 3831-19179/? D/audio_route: Apply path: media-speaker
2019-11-28 20:21:14.257 3831-19179/? I/audio_route: > audio_route_update_path : "media-speaker" reverse(0)
2019-11-28 20:21:14.257 2016-2016/com.brightcove.player.samples.exoplayer.basic V/ExoPlayer2VideoDisplay: onLoadCompleted: sourceId: 1, bytesLoaded: 103524, type: 1, bitrate: 127000, startTime: 5952, endTime: 11904
2019-11-28 20:21:14.259 2016-2016/com.brightcove.player.samples.exoplayer.basic D/MainActivity: bufferingCompleted { video: Video{name: "CTOO583K82H-dd", sourceCollections: 2, cuePoints: 4, custom fields: "{springstream=OD, springcq=CTOO583K, housenum=CTOO583K82H-dd}"} }
2019-11-28 20:21:14.259 3831-19179/? D/audio_hw_primary_abox: primary_out-do_set_route: Enabled Audio Route(media-speaker)
2019-11-28 20:21:14.259 3831-19179/? D/audio_route: Apply path: gain-media-speaker
2019-11-28 20:21:14.259 3831-19179/? I/audio_route: > audio_route_update_path : "gain-media-speaker" reverse(0)
2019-11-28 20:21:14.259 2016-2016/com.brightcove.player.samples.exoplayer.basic D/MainActivity: audioTracks { track: en tracks: [en] }
2019-11-28 20:21:14.260 2016-2016/com.brightcove.player.samples.exoplayer.basic V/BrightcoveAudioTracksController: tracks = [en]
2019-11-28 20:21:14.260 3831-19179/? D/audio_hw_primary_abox: primary_out-do_set_route: Enabled Audio Gain(gain-media-speaker)
2019-11-28 20:21:14.261 2016-2016/com.brightcove.player.samples.exoplayer.basic D/MainActivity: analyticsVideoEngagement { measuredBps: 828192 forwardBufferSeconds: 9 mediaBytesTransferred: 2738029 }
2019-11-28 20:21:14.271 3831-19179/? I/audio_hw_primary_abox: [do_open_spkamp_stream] Opened PCM Device(/dev/snd/pcmC0D7p) configured Info: Channels(2)  Smapling Rate(48000), Format: Default(0)
2019-11-28 20:21:14.274 3831-19179/? I/audio_hw_primary_abox: [do_open_spkamp_stream] Opened PCM Device(/dev/snd/pcmC0D11c) configured Info: Channels(2)  Smapling Rate(48000), Format: Default(0)
2019-11-28 20:21:14.277 3831-19179/? I/audio_hw_primary_abox: [do_open_spkamp_stream] Opened PCM Device(/dev/snd/pcmC0D12c) configured Info: Channels(2)  Smapling Rate(48000), Format: Default(0)
2019-11-28 20:21:14.281 3866-3866/? I/SurfaceFlinger: Found video Surfaceview w=1080, h=607
2019-11-28 20:21:14.294 2016-2016/com.brightcove.player.samples.exoplayer.basic V/ExoPlayer2VideoDisplay: stopUpdater: Handler (android.os.Handler) {9450657}
2019-11-28 20:21:14.295 2016-2016/com.brightcove.player.samples.exoplayer.basic D/MainActivity: didPlay { duration: 2638040 forwardBufferSeconds: 9 playheadPosition: 0 source: Source{deliveryType: video/mpeg-dash, url: https://manifest.prod.boltdns.net/manifest/v1/dash/live-baseurl/bccenc/1242911124001/a73e7447-040a-4860-80e7-e90a8c403af1/6s/manifest.mpd?fastly_token=NWUwNTI1M2NfNGE4MWRhNTZjNTBjNWQ3MGM3N2M0YjE4NTZkMzFlODI4NGQzMDE1MmU1ZjA2NGVhYmJlYjhmYjIxYzczOGYzNw%3D%3D} video: Video{name: "CTOO583K82H-dd", sourceCollections: 2, cuePoints: 4, custom fields: "{springstream=OD, springcq=CTOO583K, housenum=CTOO583K82H-dd}"} }
2019-11-28 20:21:14.296 2016-2016/com.brightcove.player.samples.exoplayer.basic D/PlayButtonController: Process event: didPlay.
2019-11-28 20:21:14.299 2016-2016/com.brightcove.player.samples.exoplayer.basic V/AbstractButtonController: Start of sync update: text = ; description = Play.
2019-11-28 20:21:14.305 2016-2016/com.brightcove.player.samples.exoplayer.basic V/AbstractButtonController: End of sync update: text = ; description = Pause.
2019-11-28 20:21:14.317 3831-19179/? I/audio_hw_primary_abox: primary_out-do_open_output_stream: Opened PCM Device is /dev/snd/pcmC0D0p samplingRate(48000) pcmformat(0) start_threshold(1920) stop_threshold(3840)
2019-11-28 20:21:14.318 3831-19179/? I/audio_hw_primary_abox: primary_out-out_write: Transit to Idle
2019-11-28 20:21:14.318 3831-19179/? I/audio_hw_primary_abox: primary_out-out_write: Transit to Playing
2019-11-28 20:21:14.319 3831-19179/? V/audio_hw_primary_abox: primary_out-out_get_presentation_position: Error is -1
2019-11-28 20:21:14.319 3831-19179/? W/StreamHAL: Error from HAL stream in function get_presentation_position: Operation not permitted
2019-11-28 20:21:14.319 3831-4116/? D/audio_hw_primary_abox: out_update_source_metadata: called, but not implemented yet
2019-11-28 20:21:14.322 4295-5739/? V/WindowManager: Relayout Window{3dde9fc u0 com.brightcove.player.samples.exoplayer.basic/com.brightcove.player.samples.exoplayer.basic.MainActivity}: viewVisibility=0 req=1080x2295 {(0,0)(fillxfill) sim={adjust=pan} ty=BASE_APPLICATION fmt=TRANSLUCENT wanim=0x1030001
      fl=1810180
      pfl=1020000
      vsysui=10 naviIconColor=0}
2019-11-28 20:21:14.326 4295-5739/? D/PowerManagerService: [api] acquire WakeLock flags=0x2000000a tag=WindowManager uid=1000 pid=4295 ws=WorkSource{10201} pkg=android
2019-11-28 20:21:14.329 3831-19179/? V/audio_hw_primary_abox: primary_out-out_get_presentation_position: Error is -1
2019-11-28 20:21:14.329 3831-19179/? W/StreamHAL: Error from HAL stream in function get_presentation_position: Operation not permitted
2019-11-28 20:21:14.331 2016-2016/com.brightcove.player.samples.exoplayer.basic D/ViewRootImpl@bcb0c61[MainActivity]: Relayout returned: old=[0,0][1080,2295] new=[0,0][1080,2295] result=0x1 surface={true 507475816448} changed=false
2019-11-28 20:21:14.334 2016-2255/com.brightcove.player.samples.exoplayer.basic I/System.out: (HTTPLog)-Static: isSBSettingEnabled false
2019-11-28 20:21:14.334 2016-2255/com.brightcove.player.samples.exoplayer.basic I/System.out: (HTTPLog)-Static: isSBSettingEnabled false
2019-11-28 20:21:14.338 2016-2016/com.brightcove.player.samples.exoplayer.basic D/MainActivity: prebufferNextVideo { }
2019-11-28 20:21:14.338 2016-2016/com.brightcove.player.samples.exoplayer.basic V/ExoPlayer2VideoDisplay: ExoPlayerOnPrebufferNextVideoListener:
2019-11-28 20:21:14.339 2016-2016/com.brightcove.player.samples.exoplayer.basic V/ExoPlayer2VideoDisplay: onBandwidthSample: elapsedMs: 206, bytes: 1541209, bitrateEstimate: 59852776
2019-11-28 20:21:14.340 2016-2016/com.brightcove.player.samples.exoplayer.basic V/ExoPlayer2VideoDisplay: onLoadStarted: sourceId: 1, type: 1, trigger: 0, bitrate: 127000, mediaStartTimeMs: 11904, mediaEndTimeMs: 17856
2019-11-28 20:21:14.341 2016-2016/com.brightcove.player.samples.exoplayer.basic V/ExoPlayer2VideoDisplay: onLoadCompleted: sourceId: 2, bytesLoaded: 1763643, type: 1, bitrate: 1797000, startTime: 6000, endTime: 12000
2019-11-28 20:21:14.342 2016-2016/com.brightcove.player.samples.exoplayer.basic V/ExoPlayer2VideoDisplay: onLoadStarted: sourceId: 2, type: 1, trigger: 1, bitrate: 1797000, mediaStartTimeMs: 12000, mediaEndTimeMs: 18000
2019-11-28 20:21:14.343 2016-2016/com.brightcove.player.samples.exoplayer.basic D/MainActivity: analyticsVideoEngagement { measuredBps: 14109144 forwardBufferSeconds: 11 mediaBytesTransferred: 3257005 }
2019-11-28 20:21:14.346 2016-2254/com.brightcove.player.samples.exoplayer.basic I/System.out: (HTTPLog)-Static: isSBSettingEnabled false
2019-11-28 20:21:14.346 2016-2254/com.brightcove.player.samples.exoplayer.basic I/System.out: (HTTPLog)-Static: isSBSettingEnabled false
2019-11-28 20:21:14.391 2016-2016/com.brightcove.player.samples.exoplayer.basic V/ExoPlayer2VideoDisplay: onBandwidthSample: elapsedMs: 28, bytes: 177347, bitrateEstimate: 59852776
2019-11-28 20:21:14.393 3862-4179/? D/AudioFlinger: mixer(0xeed03180) throttle end: throttle time(52)
2019-11-28 20:21:14.395 2016-2016/com.brightcove.player.samples.exoplayer.basic V/ExoPlayer2VideoDisplay: onLoadCompleted: sourceId: 1, bytesLoaded: 102759, type: 1, bitrate: 127000, startTime: 11904, endTime: 17856
2019-11-28 20:21:14.397 2016-2016/com.brightcove.player.samples.exoplayer.basic V/ExoPlayer2VideoDisplay: onLoadStarted: sourceId: 1, type: 1, trigger: 0, bitrate: 127000, mediaStartTimeMs: 17856, mediaEndTimeMs: 23808
2019-11-28 20:21:14.398 2016-2016/com.brightcove.player.samples.exoplayer.basic D/MainActivity: analyticsVideoEngagement { measuredBps: 822072 forwardBufferSeconds: 12 mediaBytesTransferred: 3475072 }
2019-11-28 20:21:14.403 2016-2255/com.brightcove.player.samples.exoplayer.basic I/System.out: (HTTPLog)-Static: isSBSettingEnabled false
2019-11-28 20:21:14.403 2016-2255/com.brightcove.player.samples.exoplayer.basic I/System.out: (HTTPLog)-Static: isSBSettingEnabled false
2019-11-28 20:21:14.418 3866-5199/? W/MapperHal: buffer descriptor with invalid usage bits 0x202000
2019-11-28 20:21:14.496 4295-5739/? D/ConnectivityService: filterNetworkStateForUid() uid: 10059, pid: 1816
2019-11-28 20:21:14.496 4295-5739/? D/ConnectivityService: filterNetworkStateForUid() uid: 10059, pid: 1816, networkInfo: [type: WIFI[], state: CONNECTED/CONNECTED, reason: (unspecified), extra: (none), failover: false, available: true, roaming: false]
2019-11-28 20:21:14.511 2016-2016/com.brightcove.player.samples.exoplayer.basic V/ExoPlayer2VideoDisplay: onBandwidthSample: elapsedMs: 120, bytes: 644267, bitrateEstimate: 50670572
2019-11-28 20:21:14.512 2016-2016/com.brightcove.player.samples.exoplayer.basic V/ExoPlayer2VideoDisplay: onLoadCompleted: sourceId: 1, bytesLoaded: 102595, type: 1, bitrate: 127000, startTime: 17856, endTime: 23808
2019-11-28 20:21:14.515 2016-2016/com.brightcove.player.samples.exoplayer.basic D/MainActivity: analyticsVideoEngagement { measuredBps: 820760 forwardBufferSeconds: 14 mediaBytesTransferred: 4102955 }
2019-11-28 20:21:14.646 5467-19848/? I/CastDatabase: Saving the database
2019-11-28 20:21:14.654 5467-19848/? E/SQLiteCastStore: Skip saving CastDeviceInfo: "Nearby device" (__cast_nearby___V_fc495038-d65f-4969-af1f-5f58263c033a)
2019-11-28 20:21:14.656 5467-19848/? I/SQLiteCastStore: [CastNetworkInfo] saved: 4, skipped: 0, [CastDeviceInfo]: saved 2, skipped 1, [Paired Guest Mode DeviceInfo] saved: 0, skipped: 0. [ProbedNetworks]: saved 0, skipped: 0, [ProbedSocketAddress]: saved 3, skipped: 0, [Network-Device pairs]: saved: 4
2019-11-28 20:21:14.752 3862-21262/? V/APM_AudioPolicyManager: getAudioPolicyConfig: audioParam;outDevice
2019-11-28 20:21:14.752 3862-21262/? V/APM_AudioPolicyManager: getNewOutputDevice() selected device 2
2019-11-28 20:21:14.752 3862-21262/? V/APM_AudioPolicyManager: ### curdevice : 2
2019-11-28 20:21:14.753 31123-31123/? D/SoundAlivePolicyManager: Actual path retrieved: 2
2019-11-28 20:21:14.753 31123-31123/? D/SoundAlivePolicyManager: isAudioPathSpeaker() : true
2019-11-28 20:21:14.753 31123-31123/? D/SoundAlivePolicyManager: actual AudioPath : SA_PATH_SPK
2019-11-28 20:21:14.753 31123-31123/? D/SADVFSHelper: Audio route update attempt
2019-11-28 20:21:14.756 3862-21262/? V/APM_AudioPolicyManager: getAudioPolicyConfig: audioParam;outDevice
2019-11-28 20:21:14.756 3862-21262/? V/APM_AudioPolicyManager: getNewOutputDevice() selected device 2
2019-11-28 20:21:14.756 3862-21262/? V/APM_AudioPolicyManager: ### curdevice : 2
2019-11-28 20:21:14.756 31123-31123/? D/SoundAlivePolicyManager: isGobalEffectSupportCurrentAudioPath, currentDeviceType : 2
2019-11-28 20:21:14.757 31123-31123/? D/SAPathManager: Effect 0 not supported on current path
2019-11-28 20:21:14.757 31123-31123/? D/SADVFSHelper: Either heavy-duty effect is Off or Music playback is not active
2019-11-28 20:21:14.796 2016-2016/com.brightcove.player.samples.exoplayer.basic V/VideoStillDisplayComponent: OnHideListener
2019-11-28 20:21:14.803 4295-5739/? D/ConnectivityService: filterNetworkStateForUid() uid: 10201, pid: 2016
2019-11-28 20:21:14.804 4295-5739/? D/ConnectivityService: filterNetworkStateForUid() uid: 10201, pid: 2016, networkInfo: [type: WIFI[], state: CONNECTED/CONNECTED, reason: (unspecified), extra: (none), failover: false, available: true, roaming: false]
2019-11-28 20:21:14.810 2016-2122/com.brightcove.player.samples.exoplayer.basic D/HttpService: issuing GET request: https://metrics.brightcove.com/v2/tracker?video_name=CTOO583K82H-dd&video_duration=2638&device_product=a40eea&device_model=SM-A405FN&session=d83e8843-6607-44a7-8479-f47ad34e64d3&destination=bcsdk%3A%2F%2FExoPlayer+Sample+App%2Fcom.brightcove.player.samples.exoplayer.basic&device_type=mobile&video=6075307114001&device_cpu=arm64-v8a&start_time_ms=1924&device_os=android&device_hardware=exynos7885&device_manufacturer=samsung&platform=android-native-sdk&platform_version=6.9.0&load_time_ms=0&domain=videocloud&device_os_version=9&time=1574972474801&event=video_view&device=a40&user=53dbe1995dee4e7e&account=1242911124001, headers: {}
2019-11-28 20:21:14.817 2016-2122/com.brightcove.player.samples.exoplayer.basic I/System.out: (HTTPLog)-Static: isSBSettingEnabled false
2019-11-28 20:21:14.817 2016-2122/com.brightcove.player.samples.exoplayer.basic I/System.out: (HTTPLog)-Static: isSBSettingEnabled false
2019-11-28 20:21:14.830 2016-2016/com.brightcove.player.samples.exoplayer.basic D/MainActivity: didRemoveVideoStill { }
2019-11-28 20:21:14.844 2016-2016/com.brightcove.player.samples.exoplayer.basic V/ExoPlayer2VideoDisplay: onBandwidthSample: elapsedMs: 331, bytes: 1361976, bitrateEstimate: 32917848
2019-11-28 20:21:14.845 2016-2016/com.brightcove.player.samples.exoplayer.basic V/ExoPlayer2VideoDisplay: onLoadCompleted: sourceId: 2, bytesLoaded: 1978236, type: 1, bitrate: 1797000, startTime: 12000, endTime: 18000
2019-11-28 20:21:14.847 2016-2016/com.brightcove.player.samples.exoplayer.basic D/MainActivity: analyticsVideoEngagement { measuredBps: 15825888 forwardBufferSeconds: 17 mediaBytesTransferred: 5440595 }
2019-11-28 20:21:14.848 2016-2016/com.brightcove.player.samples.exoplayer.basic V/ExoPlayer2VideoDisplay: onLoadStarted: sourceId: 2, type: 1, trigger: 1, bitrate: 1797000, mediaStartTimeMs: 18000, mediaEndTimeMs: 24000
2019-11-28 20:21:14.849 2016-2122/com.brightcove.player.samples.exoplayer.basic D/HttpService: response: GIF89a,D;
2019-11-28 20:21:14.849 2016-2122/com.brightcove.player.samples.exoplayer.basic D/HttpService: code: 200
2019-11-28 20:21:14.849 2016-2122/com.brightcove.player.samples.exoplayer.basic D/HttpService: message: OK
2019-11-28 20:21:14.851 2016-2016/com.brightcove.player.samples.exoplayer.basic V/ExoPlayer2VideoDisplay: onLoadStarted: sourceId: 1, type: 1, trigger: 0, bitrate: 127000, mediaStartTimeMs: 23808, mediaEndTimeMs: 29760
2019-11-28 20:21:14.859 2016-2254/com.brightcove.player.samples.exoplayer.basic I/System.out: (HTTPLog)-Static: isSBSettingEnabled false
2019-11-28 20:21:14.860 2016-2254/com.brightcove.player.samples.exoplayer.basic I/System.out: (HTTPLog)-Static: isSBSettingEnabled false
2019-11-28 20:21:14.863 2016-2255/com.brightcove.player.samples.exoplayer.basic I/System.out: (HTTPLog)-Static: isSBSettingEnabled false
2019-11-28 20:21:14.882 4295-4555/? E/TaskPersister: File error accessing recents directory (directory doesn't exist?).
2019-11-28 20:21:14.863 2016-2255/com.brightcove.player.samples.exoplayer.basic I/System.out: (HTTPLog)-Static: isSBSettingEnabled false
2019-11-28 20:21:14.927 2016-2016/com.brightcove.player.samples.exoplayer.basic V/ExoPlayer2VideoDisplay: onBandwidthSample: elapsedMs: 32, bytes: 190033, bitrateEstimate: 32917848
2019-11-28 20:21:14.935 2016-2016/com.brightcove.player.samples.exoplayer.basic V/ExoPlayer2VideoDisplay: onLoadCompleted: sourceId: 1, bytesLoaded: 98881, type: 1, bitrate: 127000, startTime: 23808, endTime: 29760
2019-11-28 20:21:14.939 2016-2016/com.brightcove.player.samples.exoplayer.basic D/MainActivity: analyticsVideoEngagement { measuredBps: 791048 forwardBufferSeconds: 18 mediaBytesTransferred: 5667180 }
2019-11-28 20:21:15.037 3866-3866/? I/SurfaceFlinger: SFWD update time=12608035441635
2019-11-28 20:21:15.125 4295-4469/? D/WifiStateMachine: enter getWifiLinkLayerStats
2019-11-28 20:21:15.126 4295-4469/? I/WifiVendorHal: getWifiLinkLayerStats(l.2973) before calling iface.getLinkLayerStats
2019-11-28 20:21:15.126 3847-3847/? I/android.hardware.wifi@1.0-service: enter getLinkLayerStats
2019-11-28 20:21:15.126 3847-3847/? I/android.hardware.wifi@1.0-service: enter getLinkLayerStatsInternal
2019-11-28 20:21:15.129 3847-3847/? I/android.hardware.wifi@1.0-service: Successfully getLinkLayerStats.
2019-11-28 20:21:15.130 4295-4469/? I/WifiVendorHal: getWifiLinkLayerStats(l.2973) after calling iface.getLinkLayerStats
2019-11-28 20:21:15.137 4295-4469/? I/WifiStateMachine: checkScoreBasedQuality -  mPreviousScore[0]:74 mPreviousScore[1]:74 mPreviousScore[2]:74 s2Score:74mPrevoiusScoreAverage:74
2019-11-28 20:21:15.225 4295-4468/? D/WifiTrafficPoller: TrafficStats TxPkts=82013 RxPkts=202997 TxBytes=6088403 RxBytes=282634440 , Foreground uid=10201 pkgName=com.brightcove.player.samples.exoplayer.basic TxPackets=62071 RxPackets=129870 TxBytes=3755502 RxBytes=193495941
2019-11-28 20:21:15.320 2016-2016/com.brightcove.player.samples.exoplayer.basic V/ExoPlayer2VideoDisplay: onBandwidthSample: elapsedMs: 377, bytes: 1583912, bitrateEstimate: 33610864
2019-11-28 20:21:15.321 2016-2016/com.brightcove.player.samples.exoplayer.basic V/ExoPlayer2VideoDisplay: onLoadCompleted: sourceId: 2, bytesLoaded: 1675064, type: 1, bitrate: 1797000, startTime: 18000, endTime: 24000
2019-11-28 20:21:15.325 2016-2016/com.brightcove.player.samples.exoplayer.basic V/ExoPlayer2VideoDisplay: onLoadStarted: sourceId: 2, type: 1, trigger: 1, bitrate: 1797000, mediaStartTimeMs: 24000, mediaEndTimeMs: 30000
2019-11-28 20:21:15.325 2016-2016/com.brightcove.player.samples.exoplayer.basic V/ExoPlayer2VideoDisplay: onLoadStarted: sourceId: 1, type: 1, trigger: 0, bitrate: 127000, mediaStartTimeMs: 29760, mediaEndTimeMs: 35712
2019-11-28 20:21:15.325 2016-2255/com.brightcove.player.samples.exoplayer.basic I/System.out: (HTTPLog)-Static: isSBSettingEnabled false
2019-11-28 20:21:15.325 2016-2255/com.brightcove.player.samples.exoplayer.basic I/System.out: (HTTPLog)-Static: isSBSettingEnabled false
2019-11-28 20:21:15.326 2016-2016/com.brightcove.player.samples.exoplayer.basic D/MainActivity: analyticsVideoEngagement { measuredBps: 13400512 forwardBufferSeconds: 24 mediaBytesTransferred: 7214540 }
2019-11-28 20:21:15.331 2016-2254/com.brightcove.player.samples.exoplayer.basic I/System.out: (HTTPLog)-Static: isSBSettingEnabled false
2019-11-28 20:21:15.332 2016-2254/com.brightcove.player.samples.exoplayer.basic I/System.out: (HTTPLog)-Static: isSBSettingEnabled false
2019-11-28 20:21:15.396 2016-2016/com.brightcove.player.samples.exoplayer.basic V/ExoPlayer2VideoDisplay: onBandwidthSample: elapsedMs: 27, bytes: 162780, bitrateEstimate: 33610864
2019-11-28 20:21:15.402 2016-2016/com.brightcove.player.samples.exoplayer.basic V/ExoPlayer2VideoDisplay: onLoadCompleted: sourceId: 1, bytesLoaded: 96800, type: 1, bitrate: 127000, startTime: 29760, endTime: 35712
2019-11-28 20:21:15.406 2016-2016/com.brightcove.player.samples.exoplayer.basic D/MainActivity: analyticsVideoEngagement { measuredBps: 774400 forwardBufferSeconds: 24 mediaBytesTransferred: 7418040 }
2019-11-28 20:21:15.638 2016-2016/com.brightcove.player.samples.exoplayer.basic V/ExoPlayer2VideoDisplay: onBandwidthSample: elapsedMs: 242, bytes: 1545120, bitrateEstimate: 51078348
2019-11-28 20:21:15.638 2016-2016/com.brightcove.player.samples.exoplayer.basic V/ExoPlayer2VideoDisplay: onLoadCompleted: sourceId: 2, bytesLoaded: 1611100, type: 1, bitrate: 1797000, startTime: 24000, endTime: 30000
2019-11-28 20:21:15.640 2016-2016/com.brightcove.player.samples.exoplayer.basic D/MainActivity: analyticsVideoEngagement { measuredBps: 12888800 forwardBufferSeconds: 29 mediaBytesTransferred: 8922440 }
2019-11-28 20:21:15.648 2016-2254/com.brightcove.player.samples.exoplayer.basic I/System.out: (HTTPLog)-Static: isSBSettingEnabled false
2019-11-28 20:21:15.648 2016-2254/com.brightcove.player.samples.exoplayer.basic I/System.out: (HTTPLog)-Static: isSBSettingEnabled false
2019-11-28 20:21:15.651 2016-2255/com.brightcove.player.samples.exoplayer.basic I/System.out: (HTTPLog)-Static: isSBSettingEnabled false
2019-11-28 20:21:15.651 2016-2255/com.brightcove.player.samples.exoplayer.basic I/System.out: (HTTPLog)-Static: isSBSettingEnabled false
2019-11-28 20:21:15.656 2016-2016/com.brightcove.player.samples.exoplayer.basic V/ExoPlayer2VideoDisplay: onLoadStarted: sourceId: 2, type: 1, trigger: 1, bitrate: 1797000, mediaStartTimeMs: 30000, mediaEndTimeMs: 36000
2019-11-28 20:21:15.656 2016-2016/com.brightcove.player.samples.exoplayer.basic V/ExoPlayer2VideoDisplay: onLoadStarted: sourceId: 1, type: 1, trigger: 0, bitrate: 127000, mediaStartTimeMs: 35712, mediaEndTimeMs: 41664
2019-11-28 20:21:15.692 2016-2016/com.brightcove.player.samples.exoplayer.basic V/ExoPlayer2VideoDisplay: onBandwidthSample: elapsedMs: 23, bytes: 230198, bitrateEstimate: 51078348
2019-11-28 20:21:15.693 2016-2016/com.brightcove.player.samples.exoplayer.basic V/ExoPlayer2VideoDisplay: onLoadCompleted: sourceId: 1, bytesLoaded: 101717, type: 1, bitrate: 127000, startTime: 35712, endTime: 41664
2019-11-28 20:21:15.694 2016-2016/com.brightcove.player.samples.exoplayer.basic D/MainActivity: analyticsVideoEngagement { measuredBps: 813736 forwardBufferSeconds: 30 mediaBytesTransferred: 9169022 }
2019-11-28 20:21:15.759 3862-21262/? V/APM_AudioPolicyManager: getAudioPolicyConfig: audioParam;outDevice
2019-11-28 20:21:15.759 3862-21262/? V/APM_AudioPolicyManager: getNewOutputDevice() selected device 2
2019-11-28 20:21:15.759 3862-21262/? V/APM_AudioPolicyManager: ### curdevice : 2
2019-11-28 20:21:15.760 31123-31123/? D/SoundAlivePolicyManager: isGobalEffectSupportCurrentAudioPath, currentDeviceType : 2
2019-11-28 20:21:15.760 31123-31123/? D/SAPathManager: Effect 0 not supported on current path
2019-11-28 20:21:15.760 31123-31123/? D/SADVFSHelper: Either heavy-duty effect is Off or Music playback is not active
2019-11-28 20:21:15.850 2016-2016/com.brightcove.player.samples.exoplayer.basic V/ExoPlayer2VideoDisplay: onBandwidthSample: elapsedMs: 157, bytes: 1321352, bitrateEstimate: 67330040
2019-11-28 20:21:15.851 2016-2016/com.brightcove.player.samples.exoplayer.basic V/ExoPlayer2VideoDisplay: onLoadCompleted: sourceId: 2, bytesLoaded: 1449833, type: 1, bitrate: 1797000, startTime: 30000, endTime: 36000
2019-11-28 20:21:15.853 2016-2016/com.brightcove.player.samples.exoplayer.basic D/MainActivity: analyticsVideoEngagement { measuredBps: 11598664 forwardBufferSeconds: 35 mediaBytesTransferred: 10473990 }
2019-11-28 20:21:15.853 2016-2016/com.brightcove.player.samples.exoplayer.basic V/ExoPlayer2VideoDisplay: onLoadStarted: sourceId: 2, type: 1, trigger: 1, bitrate: 1797000, mediaStartTimeMs: 36000, mediaEndTimeMs: 42000
2019-11-28 20:21:15.854 2016-2016/com.brightcove.player.samples.exoplayer.basic V/ExoPlayer2VideoDisplay: onLoadStarted: sourceId: 1, type: 1, trigger: 0, bitrate: 127000, mediaStartTimeMs: 41664, mediaEndTimeMs: 47616
2019-11-28 20:21:15.863 2016-2254/com.brightcove.player.samples.exoplayer.basic I/System.out: (HTTPLog)-Static: isSBSettingEnabled false
2019-11-28 20:21:15.863 2016-2255/com.brightcove.player.samples.exoplayer.basic I/System.out: (HTTPLog)-Static: isSBSettingEnabled false
2019-11-28 20:21:15.863 2016-2254/com.brightcove.player.samples.exoplayer.basic I/System.out: (HTTPLog)-Static: isSBSettingEnabled false
2019-11-28 20:21:15.863 2016-2255/com.brightcove.player.samples.exoplayer.basic I/System.out: (HTTPLog)-Static: isSBSettingEnabled false
2019-11-28 20:21:15.921 2016-2016/com.brightcove.player.samples.exoplayer.basic V/ExoPlayer2VideoDisplay: onBandwidthSample: elapsedMs: 38, bytes: 354419, bitrateEstimate: 67330040
2019-11-28 20:21:15.922 2016-2016/com.brightcove.player.samples.exoplayer.basic V/ExoPlayer2VideoDisplay: onLoadCompleted: sourceId: 1, bytesLoaded: 105025, type: 1, bitrate: 127000, startTime: 41664, endTime: 47616
2019-11-28 20:21:15.925 2016-2016/com.brightcove.player.samples.exoplayer.basic D/MainActivity: analyticsVideoEngagement { measuredBps: 840200 forwardBufferSeconds: 36 mediaBytesTransferred: 10877273 }
2019-11-28 20:21:16.040 2016-2016/com.brightcove.player.samples.exoplayer.basic V/ExoPlayer2VideoDisplay: onBandwidthSample: elapsedMs: 120, bytes: 1054648, bitrateEstimate: 70309864
2019-11-28 20:21:16.044 2016-2016/com.brightcove.player.samples.exoplayer.basic V/ExoPlayer2VideoDisplay: onLoadCompleted: sourceId: 2, bytesLoaded: 1304042, type: 1, bitrate: 1797000, startTime: 36000, endTime: 42000
2019-11-28 20:21:16.046 2016-2016/com.brightcove.player.samples.exoplayer.basic D/MainActivity: analyticsVideoEngagement { measuredBps: 10432336 forwardBufferSeconds: 41 mediaBytesTransferred: 11883057 }
2019-11-28 20:21:16.046 2016-2016/com.brightcove.player.samples.exoplayer.basic V/ExoPlayer2VideoDisplay: onLoadStarted: sourceId: 2, type: 1, trigger: 1, bitrate: 1797000, mediaStartTimeMs: 42000, mediaEndTimeMs: 48000
2019-11-28 20:21:16.047 2016-2016/com.brightcove.player.samples.exoplayer.basic V/ExoPlayer2VideoDisplay: onLoadStarted: sourceId: 1, type: 1, trigger: 0, bitrate: 127000, mediaStartTimeMs: 47616, mediaEndTimeMs: 53568
2019-11-28 20:21:16.057 2016-2255/com.brightcove.player.samples.exoplayer.basic I/System.out: (HTTPLog)-Static: isSBSettingEnabled false
2019-11-28 20:21:16.057 2016-2255/com.brightcove.player.samples.exoplayer.basic I/System.out: (HTTPLog)-Static: isSBSettingEnabled false
2019-11-28 20:21:16.059 2016-2254/com.brightcove.player.samples.exoplayer.basic I/System.out: (HTTPLog)-Static: isSBSettingEnabled false
2019-11-28 20:21:16.060 2016-2254/com.brightcove.player.samples.exoplayer.basic I/System.out: (HTTPLog)-Static: isSBSettingEnabled false
2019-11-28 20:21:16.099 2016-2016/com.brightcove.player.samples.exoplayer.basic V/ExoPlayer2VideoDisplay: onBandwidthSample: elapsedMs: 15, bytes: 167824, bitrateEstimate: 70309864
2019-11-28 20:21:16.107 2016-2016/com.brightcove.player.samples.exoplayer.basic V/ExoPlayer2VideoDisplay: onLoadCompleted: sourceId: 1, bytesLoaded: 102760, type: 1, bitrate: 127000, startTime: 47616, endTime: 53568
2019-11-28 20:21:16.109 2016-2016/com.brightcove.player.samples.exoplayer.basic D/MainActivity: analyticsVideoEngagement { measuredBps: 822080 forwardBufferSeconds: 42 mediaBytesTransferred: 12129631 }
2019-11-28 20:21:16.136 2016-2016/com.brightcove.player.samples.exoplayer.basic D/MainActivity: didHideMediaControls { }
2019-11-28 20:21:16.242 2016-2016/com.brightcove.player.samples.exoplayer.basic V/ExoPlayer2VideoDisplay: onBandwidthSample: elapsedMs: 128, bytes: 1084438, bitrateEstimate: 67777376
2019-11-28 20:21:16.242 2016-2254/com.brightcove.player.samples.exoplayer.basic I/System.out: (HTTPLog)-Static: isSBSettingEnabled false
2019-11-28 20:21:16.242 2016-2254/com.brightcove.player.samples.exoplayer.basic I/System.out: (HTTPLog)-Static: isSBSettingEnabled false
2019-11-28 20:21:16.243 2016-2016/com.brightcove.player.samples.exoplayer.basic V/ExoPlayer2VideoDisplay: onLoadCompleted: sourceId: 2, bytesLoaded: 1149502, type: 1, bitrate: 1797000, startTime: 42000, endTime: 48000
2019-11-28 20:21:16.245 2016-2016/com.brightcove.player.samples.exoplayer.basic V/ExoPlayer2VideoDisplay: onLoadStarted: sourceId: 2, type: 1, trigger: 1, bitrate: 1797000, mediaStartTimeMs: 48000, mediaEndTimeMs: 54000
2019-11-28 20:21:16.245 2016-2016/com.brightcove.player.samples.exoplayer.basic V/ExoPlayer2VideoDisplay: onLoadStarted: sourceId: 1, type: 1, trigger: 0, bitrate: 127000, mediaStartTimeMs: 53568, mediaEndTimeMs: 59520
2019-11-28 20:21:16.246 2016-2255/com.brightcove.player.samples.exoplayer.basic I/System.out: (HTTPLog)-Static: isSBSettingEnabled false
2019-11-28 20:21:16.246 2016-2255/com.brightcove.player.samples.exoplayer.basic I/System.out: (HTTPLog)-Static: isSBSettingEnabled false
2019-11-28 20:21:16.247 2016-2016/com.brightcove.player.samples.exoplayer.basic D/MainActivity: analyticsVideoEngagement { measuredBps: 9196016 forwardBufferSeconds: 48 mediaBytesTransferred: 13135319 }
2019-11-28 20:21:16.295 2016-2016/com.brightcove.player.samples.exoplayer.basic V/ExoPlayer2VideoDisplay: onBandwidthSample: elapsedMs: 18, bytes: 181791, bitrateEstimate: 67777376
2019-11-28 20:21:16.300 2016-2016/com.brightcove.player.samples.exoplayer.basic V/ExoPlayer2VideoDisplay: onLoadCompleted: sourceId: 1, bytesLoaded: 107857, type: 1, bitrate: 127000, startTime: 53568, endTime: 59520
2019-11-28 20:21:16.308 2016-2016/com.brightcove.player.samples.exoplayer.basic D/MainActivity: analyticsVideoEngagement { measuredBps: 862856 forwardBufferSeconds: 48 mediaBytesTransferred: 13443534 }
2019-11-28 20:21:16.377 5613-5973/? D/SDHMS:s: SIOP:: AP:170(277,70) BAT:240(240,0) CHG:266(266,0) USB:0(0,0) PA:-83(252,50) ATC:0(0,-999) 
2019-11-28 20:21:16.385 2016-2016/com.brightcove.player.samples.exoplayer.basic V/ExoPlayer2VideoDisplay: onBandwidthSample: elapsedMs: 96, bytes: 893792, bitrateEstimate: 74482664
2019-11-28 20:21:16.385 2016-2016/com.brightcove.player.samples.exoplayer.basic V/ExoPlayer2VideoDisplay: onLoadCompleted: sourceId: 2, bytesLoaded: 967726, type: 1, bitrate: 1797000, startTime: 48000, endTime: 54000
2019-11-28 20:21:16.388 2016-2016/com.brightcove.player.samples.exoplayer.basic D/MainActivity: analyticsVideoEngagement { measuredBps: 7741808 forwardBufferSeconds: 53 mediaBytesTransferred: 14210902 }
2019-11-28 20:21:16.644 5379-5379/? D/io_stats: !@ 179,0 r 105335 6359042 w 74091 1066128 d 6198 303540 f 22614 38623 iot 113780 95624 th 51200 0 0 pt 0 inp 0 0 12609.642
2019-11-28 20:21:16.762 3862-21262/? V/APM_AudioPolicyManager: getAudioPolicyConfig: audioParam;outDevice
2019-11-28 20:21:16.762 3862-21262/? V/APM_AudioPolicyManager: getNewOutputDevice() selected device 2
2019-11-28 20:21:16.762 3862-21262/? V/APM_AudioPolicyManager: ### curdevice : 2
2019-11-28 20:21:16.763 31123-31123/? D/SoundAlivePolicyManager: isGobalEffectSupportCurrentAudioPath, currentDeviceType : 2
2019-11-28 20:21:16.763 31123-31123/? D/SAPathManager: Effect 0 not supported on current path
2019-11-28 20:21:16.763 31123-31123/? D/SADVFSHelper: Either heavy-duty effect is Off or Music playback is not active
2019-11-28 20:21:17.189 4295-4401/? D/SensorService: [SO] 0.022 0.263 9.839
2019-11-28 20:21:17.196 3862-4192/? E/NativeSemDvfsCpuManager: release:: Start
2019-11-28 20:21:17.196 3862-4192/? E/NativeSemDvfsCpuManager: release():: mIsAcquired = 1 , mName = CPU  , mTagName : AudioFlinger 
2019-11-28 20:21:17.196 4295-9517/? D/CustomFrequencyManagerService: releaseDVFSLockLocked : Getting Lock type frm List : DVFS_MIN_LIMIT  frequency : 136500  uid : 1000  pid : 4295  tag : AudioFlinger
2019-11-28 20:21:17.197 3862-4192/? E/NativeCustomFrequencyManager: [NativeCFMS] BpCustomFrequencyManager::releaseDVFSLock() 
2019-11-28 20:21:17.197 3862-4192/? E/NativeSemDvfsCpuManager: release:: End
2019-11-28 20:21:17.262 4295-7978/? D/GameManagerService: identifyGamePackage. com.brightcove.player.samples.exoplayer.basic
2019-11-28 20:21:17.262 4295-7978/? D/GamePkgDataHelper: getGamePkgData(). com.brightcove.player.samples.exoplayer.basic
2019-11-28 20:21:17.424 3843-3843/? I/Sensors: [AMS] lux : 9, cam_lux : -1, result_lux : 9, brightness: 11, cam_on: 0
2019-11-28 20:21:17.636 1816-1864/? I/Finsky: [208] hdt.a(25): No selector loaded
2019-11-28 20:21:17.640 1816-1903/? I/Finsky: [235] rbk.b(1): Triggered update for experiment package com.google.android.finsky.regular.
2019-11-28 20:21:17.687 1816-1854/? I/Finsky: [199] edx.run(3): Initializing the instant apps module.
2019-11-28 20:21:17.805 1816-1860/? I/Finsky: [205] znl.f(2): Restoring notifications
2019-11-28 20:21:17.823 4295-5840/? D/PackageManager: setEnabledSetting : userId = 0 packageName = com.android.vending cmp = com.google.android.finsky.wear.WearSupportService newState = 2 callingPackage = 10059/com.android.vending
2019-11-28 20:21:17.826 1816-1873/? I/Finsky: [211] edu.run(8): Component class com.google.android.finsky.wear.WearSupportService disabled via PackageManager.
2019-11-28 20:21:17.827 1816-1854/? I/Finsky: [199] aavt.a(10): Do not start WearSupportService due to Wear service optimization
2019-11-28 20:21:17.827 4295-5840/? D/PackageManager: setEnabledSetting : userId = 0 packageName = com.android.vending cmp = com.google.android.finsky.wear.WearChangeListenerService newState = 2 callingPackage = 10059/com.android.vending
2019-11-28 20:21:17.828 1816-1873/? I/Finsky: [211] edu.run(8): Component class com.google.android.finsky.wear.WearChangeListenerService disabled via PackageManager.
2019-11-28 20:21:17.901 1816-1860/? I/Finsky: [205] znl.f(5): Done restoring notifications
2019-11-28 20:21:18.137 4295-4469/? D/WifiStateMachine: enter getWifiLinkLayerStats
2019-11-28 20:21:18.137 4295-4469/? I/WifiVendorHal: getWifiLinkLayerStats(l.2973) before calling iface.getLinkLayerStats
2019-11-28 20:21:18.138 3847-3847/? I/android.hardware.wifi@1.0-service: enter getLinkLayerStats
2019-11-28 20:21:18.138 3847-3847/? I/android.hardware.wifi@1.0-service: enter getLinkLayerStatsInternal
2019-11-28 20:21:18.139 3847-3847/? I/android.hardware.wifi@1.0-service: Successfully getLinkLayerStats.
2019-11-28 20:21:18.140 4295-4469/? I/WifiVendorHal: getWifiLinkLayerStats(l.2973) after calling iface.getLinkLayerStats
2019-11-28 20:21:18.146 4295-4469/? I/WifiStateMachine: checkScoreBasedQuality -  mPreviousScore[0]:74 mPreviousScore[1]:74 mPreviousScore[2]:74 s2Score:74mPrevoiusScoreAverage:74
2019-11-28 20:21:18.190 1816-1903/? I/Finsky: [235] rbk.b(8): Already at the latest configurations for experiment package com.google.android.finsky.regular.
2019-11-28 20:21:18.191 1816-1905/? I/Finsky: [237] rbk.b(1): Triggered update for experiment package com.google.android.finsky.regular.
2019-11-28 20:21:18.201 4295-5840/? D/[a11y]: getUserAccounts0
2019-11-28 20:21:18.212 4295-5840/? D/[a11y]: getUserAccounts0
2019-11-28 20:21:18.233 4604-4604/? D/SecStatusBarWifiView: updateState: WifiIconState(resId=2131232619, visible=true, activityId=2131232624)
2019-11-28 20:21:18.314 1816-1905/? I/Finsky: [237] rbk.b(8): Already at the latest configurations for experiment package com.google.android.finsky.regular.
2019-11-28 20:21:18.319 1816-1896/? I/Finsky: [230] rbk.b(1): Triggered update for experiment package com.google.android.finsky.stable.
2019-11-28 20:21:18.321 4295-5840/? D/[a11y]: getUserAccounts0
2019-11-28 20:21:18.340 4295-5840/? D/[a11y]: getUserAccounts0
2019-11-28 20:21:18.390 1816-1896/? I/Finsky: [230] rbk.b(8): Already at the latest configurations for experiment package com.google.android.finsky.stable.
2019-11-28 20:21:18.456 1816-1816/? I/Finsky: [2] ugp.run(5): Detected restoreservicev2://recovery not needed, will not run
2019-11-28 20:21:18.655 1816-2318/? I/Finsky: [257] akbu.a(2): registerListener
2019-11-28 20:21:18.659 1816-2318/? I/Finsky: [257] jqg.a(2): getDownloads(-)
2019-11-28 20:21:18.672 1816-2318/? I/Finsky: [257] enn.run(7): Initialized AssetModuleDownloader.
2019-11-28 20:21:18.673 1816-2320/? I/Finsky: [259] akcc.a(7): Initiate binding to the service.
2019-11-28 20:21:18.677 4295-5840/? D/StorageManagerService: getExternalStorageMountMode : 3
2019-11-28 20:21:18.678 4295-5840/? D/StorageManagerService: getExternalStorageMountMode : 3
2019-11-28 20:21:18.678 4295-5840/? D/StorageManagerService: getExternalStorageMountMode : final mountMode=3, uid : 10059, packageName : com.android.vending
2019-11-28 20:21:18.678 4295-5840/? I/ApplicationPolicy: isApplicationExternalStorageWhitelisted:com.android.vending user:0
2019-11-28 20:21:18.678 4295-5840/? D/ApplicationPolicy: isApplicationExternalStorageWhitelisted: DO is not enabled on user 0. Allowed.
2019-11-28 20:21:18.678 4295-5840/? D/ActivityManager: package  com.android.vending, user - 0 is SDcard whitelisted
2019-11-28 20:21:18.678 4295-5840/? I/ApplicationPolicy: isApplicationExternalStorageBlacklisted:com.android.vending user:0
2019-11-28 20:21:18.678 4295-5840/? D/ApplicationPolicy: isApplicationExternalStorageBlacklisted: DO is not enabled on user 0. Allowed.
2019-11-28 20:21:18.678 4295-5840/? I/ApplicationPolicy: isApplicationExternalStorageBlacklisted:com.android.vending user:0
